<html>
<body>
<pre>
<h1>µVision Build Log</h1>
<h2>Tool Versions:</h2>
IDE-Version: ¦ÌVision V5.41.0.0
Copyright (C) 2024 ARM Ltd and ARM Germany GmbH. All rights reserved.
License Information: 1 984906729@qq.com, 1, LIC=FYKYW-QSDNY-2ZNW4-FWKAT-XPR12-LIZLA
 
Tool Versions:
Toolchain:       MDK-ARM Plus  Version: 5.41.0.0
Toolchain Path:  D:\Keil5\ARM\ARM_Compiler_5.06u7\Bin
C Compiler:      Armcc.exe V5.06 update 7 (build 960)
Assembler:       Armasm.exe V5.06 update 7 (build 960)
Linker/Locator:  ArmLink.exe V5.06 update 7 (build 960)
Library Manager: ArmAr.exe V5.06 update 7 (build 960)
Hex Converter:   FromElf.exe V5.06 update 7 (build 960)
CPU DLL:         SARMCM3.DLL V5.41.0.0
Dialog DLL:      DCM.DLL V1.17.5.0
Target DLL:      CMSIS_AGDI.dll V1.33.21.0
Dialog DLL:      TCM.DLL V1.56.4.0
 
<h2>Project:</h2>
C:\Users\98490\Desktop\TD11\H723_VibrationSensor\MDK-ARM\H723_VibrationSensor.uvprojx
Project File Date:  12/11/2025

<h2>Output:</h2>
*** Using Compiler 'V5.06 update 7 (build 960)', folder: 'D:\Keil5\ARM\ARM_Compiler_5.06u7\Bin'
Rebuild target 'H723_VibrationSensor'
assembling startup_stm32h723xx.s...
compiling gpio.c...
../ICode/Eigenvalue calculation.h(65): warning:  #1295-D: Deprecated declaration print_TEMP - give arg types
  void print_TEMP();
../ICode/Eigenvalue calculation.h(66): warning:  #1295-D: Deprecated declaration print_FEATURE - give arg types
  void print_FEATURE();
../Core/Src/gpio.c: 2 warnings, 0 errors
compiling usart.c...
../ICode/Eigenvalue calculation.h(65): warning:  #1295-D: Deprecated declaration print_TEMP - give arg types
  void print_TEMP();
../ICode/Eigenvalue calculation.h(66): warning:  #1295-D: Deprecated declaration print_FEATURE - give arg types
  void print_FEATURE();
../Core/Src/usart.c: 2 warnings, 0 errors
compiling main.c...
../ICode/Eigenvalue calculation.h(65): warning:  #1295-D: Deprecated declaration print_TEMP - give arg types
  void print_TEMP();
../ICode/Eigenvalue calculation.h(66): warning:  #1295-D: Deprecated declaration print_FEATURE - give arg types
  void print_FEATURE();
../Core/Src/main.c(46): warning:  #177-D: variable "g_uid"  was declared but never referenced
  static uint8_t g_uid[12];
../Core/Src/main.c: 3 warnings, 0 errors
compiling stm32h7xx_hal_msp.c...
../ICode/Eigenvalue calculation.h(65): warning:  #1295-D: Deprecated declaration print_TEMP - give arg types
  void print_TEMP();
../ICode/Eigenvalue calculation.h(66): warning:  #1295-D: Deprecated declaration print_FEATURE - give arg types
  void print_FEATURE();
../Core/Src/stm32h7xx_hal_msp.c: 2 warnings, 0 errors
compiling tim.c...
../ICode/Eigenvalue calculation.h(65): warning:  #1295-D: Deprecated declaration print_TEMP - give arg types
  void print_TEMP();
../ICode/Eigenvalue calculation.h(66): warning:  #1295-D: Deprecated declaration print_FEATURE - give arg types
  void print_FEATURE();
../Core/Src/tim.c: 2 warnings, 0 errors
compiling adc.c...
../ICode/Eigenvalue calculation.h(65): warning:  #1295-D: Deprecated declaration print_TEMP - give arg types
  void print_TEMP();
../ICode/Eigenvalue calculation.h(66): warning:  #1295-D: Deprecated declaration print_FEATURE - give arg types
  void print_FEATURE();
../Core/Src/adc.c: 2 warnings, 0 errors
compiling stm32h7xx_hal_rcc.c...
compiling stm32h7xx_it.c...
../ICode/Eigenvalue calculation.h(65): warning:  #1295-D: Deprecated declaration print_TEMP - give arg types
  void print_TEMP();
../ICode/Eigenvalue calculation.h(66): warning:  #1295-D: Deprecated declaration print_FEATURE - give arg types
  void print_FEATURE();
../Core/Src/stm32h7xx_it.c: 2 warnings, 0 errors
compiling stm32h7xx_hal_flash.c...
compiling dma.c...
../ICode/Eigenvalue calculation.h(65): warning:  #1295-D: Deprecated declaration print_TEMP - give arg types
  void print_TEMP();
../ICode/Eigenvalue calculation.h(66): warning:  #1295-D: Deprecated declaration print_FEATURE - give arg types
  void print_FEATURE();
../Core/Src/dma.c: 2 warnings, 0 errors
compiling stm32h7xx_hal_adc_ex.c...
compiling stm32h7xx_hal_rcc_ex.c...
compiling stm32h7xx_hal_adc.c...
compiling stm32h7xx_hal_gpio.c...
compiling stm32h7xx_hal_hsem.c...
compiling stm32h7xx_hal_flash_ex.c...
compiling stm32h7xx_hal_pwr.c...
compiling stm32h7xx_hal_dma_ex.c...
compiling stm32h7xx_hal_mdma.c...
compiling stm32h7xx_hal_dma.c...
compiling stm32h7xx_hal_pwr_ex.c...
compiling stm32h7xx_hal_cortex.c...
compiling stm32h7xx_hal_i2c_ex.c...
compiling stm32h7xx_hal_exti.c...
compiling stm32h7xx_hal.c...
compiling stm32h7xx_hal_i2c.c...
compiling system_stm32h7xx.c...
compiling stm32h7xx_hal_uart_ex.c...
compiling stm32h7xx_hal_tim_ex.c...
compiling delay.c...
../ICode/Eigenvalue calculation.h(65): warning:  #1295-D: Deprecated declaration print_TEMP - give arg types
  void print_TEMP();
../ICode/Eigenvalue calculation.h(66): warning:  #1295-D: Deprecated declaration print_FEATURE - give arg types
  void print_FEATURE();
..\ICode\delay.c: 2 warnings, 0 errors
compiling stm32h7xx_hal_uart.c...
compiling Ds18b20.c...
../ICode/Eigenvalue calculation.h(65): warning:  #1295-D: Deprecated declaration print_TEMP - give arg types
  void print_TEMP();
../ICode/Eigenvalue calculation.h(66): warning:  #1295-D: Deprecated declaration print_FEATURE - give arg types
  void print_FEATURE();
..\ICode\Ds18b20.c: 2 warnings, 0 errors
compiling flash.c...
..\ICode\flash.c(103): warning:  #1-D: last line of file ends without a newline
  }
..\ICode\flash.c: 1 warning, 0 errors
compiling Eigenvalue calculation.c...
..\ICode\Eigenvalue calculation.h(65): warning:  #1295-D: Deprecated declaration print_TEMP - give arg types
  void print_TEMP();
..\ICode\Eigenvalue calculation.h(66): warning:  #1295-D: Deprecated declaration print_FEATURE - give arg types
  void print_FEATURE();
..\ICode\Eigenvalue calculation.c: 2 warnings, 0 errors
compiling stm32h7xx_hal_tim.c...
compiling app_acq.c...
../ICode/Eigenvalue calculation.h(65): warning:  #1295-D: Deprecated declaration print_TEMP - give arg types
  void print_TEMP();
../ICode/Eigenvalue calculation.h(66): warning:  #1295-D: Deprecated declaration print_FEATURE - give arg types
  void print_FEATURE();
..\ICode\app_acq.c: 2 warnings, 0 errors
compiling modbus_rtu.c...
../ICode/Eigenvalue calculation.h(65): warning:  #1295-D: Deprecated declaration print_TEMP - give arg types
  void print_TEMP();
../ICode/Eigenvalue calculation.h(66): warning:  #1295-D: Deprecated declaration print_FEATURE - give arg types
  void print_FEATURE();
..\ICode\modbus_rtu.c(404): warning:  #167-D: argument of type "float32_t *" is incompatible with parameter of type "uint16_t *"
          case CH_X: print_adc_buffer_X(g_data_x,200); break;
..\ICode\modbus_rtu.c(405): warning:  #167-D: argument of type "float32_t *" is incompatible with parameter of type "uint16_t *"
          case CH_Y: print_adc_buffer_Y(g_data_y,200); break;
..\ICode\modbus_rtu.c(406): warning:  #167-D: argument of type "float32_t *" is incompatible with parameter of type "uint16_t *"
          case CH_Z: print_adc_buffer_Z(g_data_z,200); break;
..\ICode\modbus_rtu.c(410): warning:  #167-D: argument of type "float32_t *" is incompatible with parameter of type "uint16_t *"
          case CH_X3: print_adc_buffer_X(g_data_x,500); break;
..\ICode\modbus_rtu.c(411): warning:  #167-D: argument of type "float32_t *" is incompatible with parameter of type "uint16_t *"
          case CH_Y3: print_adc_buffer_Y(g_data_y,500); break;
..\ICode\modbus_rtu.c(412): warning:  #167-D: argument of type "float32_t *" is incompatible with parameter of type "uint16_t *"
          case CH_Z3: print_adc_buffer_Z(g_data_z,600); break;					
..\ICode\modbus_rtu.c(420): warning:  #1-D: last line of file ends without a newline
  }
..\ICode\modbus_rtu.c(208): warning:  #177-D: function "dump_uid"  was declared but never referenced
  static void dump_uid(const char* tag, const uint8_t* p) {
..\ICode\modbus_rtu.c: 10 warnings, 0 errors
linking...
Program Size: Code=52396 RO-data=119460 RW-data=41056 ZI-data=72816  
"H723_VibrationSensor\H723_VibrationSensor.axf" - 0 Error(s), 36 Warning(s).

<h2>Software Packages used:</h2>

Package Vendor: ARM
                https://www.keil.com/pack/ARM.CMSIS.6.1.0.pack
                ARM::CMSIS@6.1.0
                CMSIS (Common Microcontroller Software Interface Standard)
   * Component: CORE Version: 6.1.0

Package Vendor: Keil
                https://www.keil.com/pack/Keil.STM32H7xx_DFP.4.0.0.pack
                Keil::STM32H7xx_DFP@4.0.0
                STMicroelectronics STM32H7 Series Device Support

<h2>Collection of Component include folders:</h2>
  ./RTE/_H723_VibrationSensor
  D:/Keil5/ARM/PACK/ARM/CMSIS/6.1.0/CMSIS/Core/Include

<h2>Collection of Component Files used:</h2>

   * Component: ARM::CMSIS:CORE@6.1.0
      Include file:  CMSIS/Core/Include/tz_context.h
Build Time Elapsed:  00:00:02
</pre>
</body>
</html>
