Component: ARM Compiler 5.06 update 7 (build 960) Tool: armlink [4d3601]

==============================================================================

Section Cross References

    startup_stm32h723xx.o(RESET) refers to startup_stm32h723xx.o(STACK) for __initial_sp
    startup_stm32h723xx.o(RESET) refers to startup_stm32h723xx.o(.text) for Reset_Handler
    startup_stm32h723xx.o(RESET) refers to stm32h7xx_it.o(i.NMI_Handler) for NMI_Handler
    startup_stm32h723xx.o(RESET) refers to stm32h7xx_it.o(i.HardFault_Handler) for HardFault_Handler
    startup_stm32h723xx.o(RESET) refers to stm32h7xx_it.o(i.MemManage_Handler) for MemManage_Handler
    startup_stm32h723xx.o(RESET) refers to stm32h7xx_it.o(i.BusFault_Handler) for BusFault_Handler
    startup_stm32h723xx.o(RESET) refers to stm32h7xx_it.o(i.UsageFault_Handler) for UsageFault_Handler
    startup_stm32h723xx.o(RESET) refers to stm32h7xx_it.o(i.SVC_Handler) for SVC_Handler
    startup_stm32h723xx.o(RESET) refers to stm32h7xx_it.o(i.DebugMon_Handler) for DebugMon_Handler
    startup_stm32h723xx.o(RESET) refers to stm32h7xx_it.o(i.PendSV_Handler) for PendSV_Handler
    startup_stm32h723xx.o(RESET) refers to stm32h7xx_it.o(i.SysTick_Handler) for SysTick_Handler
    startup_stm32h723xx.o(RESET) refers to stm32h7xx_it.o(i.DMA1_Stream0_IRQHandler) for DMA1_Stream0_IRQHandler
    startup_stm32h723xx.o(RESET) refers to stm32h7xx_it.o(i.DMA1_Stream1_IRQHandler) for DMA1_Stream1_IRQHandler
    startup_stm32h723xx.o(RESET) refers to stm32h7xx_it.o(i.ADC_IRQHandler) for ADC_IRQHandler
    startup_stm32h723xx.o(RESET) refers to stm32h7xx_it.o(i.TIM2_IRQHandler) for TIM2_IRQHandler
    startup_stm32h723xx.o(RESET) refers to stm32h7xx_it.o(i.TIM3_IRQHandler) for TIM3_IRQHandler
    startup_stm32h723xx.o(RESET) refers to stm32h7xx_it.o(i.USART3_IRQHandler) for USART3_IRQHandler
    startup_stm32h723xx.o(RESET) refers to stm32h7xx_it.o(i.DMA2_Stream0_IRQHandler) for DMA2_Stream0_IRQHandler
    startup_stm32h723xx.o(RESET) refers to stm32h7xx_it.o(i.DMA2_Stream1_IRQHandler) for DMA2_Stream1_IRQHandler
    startup_stm32h723xx.o(.text) refers to system_stm32h7xx.o(i.SystemInit) for SystemInit
    startup_stm32h723xx.o(.text) refers to entry.o(.ARM.Collect$$$$00000000) for __main
    main.o(i.App_ConfigInit) refers to flash.o(i.Flash_ReadConfig) for Flash_ReadConfig
    main.o(i.App_ConfigInit) refers to app_acq.o(i.ACQ_Init) for ACQ_Init
    main.o(i.App_ConfigInit) refers to main.o(.data) for LOCAL_DEVICE_ADDR
    main.o(i.HAL_ADC_ConvCpltCallback) refers to memcpya.o(.text) for __aeabi_memcpy
    main.o(i.HAL_ADC_ConvCpltCallback) refers to main.o(.ARM.__at_0x24000000) for ADC_Buffer_Z
    main.o(i.HAL_ADC_ConvCpltCallback) refers to main.o(.bss) for Process_Buffer_Z
    main.o(i.HAL_ADC_ConvCpltCallback) refers to main.o(.data) for z_data_ready_flag
    main.o(i.HAL_ADC_ConvCpltCallback) refers to main.o(.ARM.__at_0x24004000) for ADC_Buffer_XY
    main.o(i.HAL_ADC_ConvHalfCpltCallback) refers to memcpya.o(.text) for __aeabi_memcpy
    main.o(i.HAL_ADC_ConvHalfCpltCallback) refers to main.o(.ARM.__at_0x24000000) for ADC_Buffer_Z
    main.o(i.HAL_ADC_ConvHalfCpltCallback) refers to main.o(.bss) for Process_Buffer_Z
    main.o(i.HAL_ADC_ConvHalfCpltCallback) refers to main.o(.data) for z_data_ready_flag
    main.o(i.HAL_ADC_ConvHalfCpltCallback) refers to main.o(.ARM.__at_0x24004000) for ADC_Buffer_XY
    main.o(i.HAL_UART_TxCpltCallback) refers to modbus_rtu.o(.data) for g_tx_busy
    main.o(i.MPU_Config) refers to stm32h7xx_hal_cortex.o(i.HAL_MPU_Disable) for HAL_MPU_Disable
    main.o(i.MPU_Config) refers to stm32h7xx_hal_cortex.o(i.HAL_MPU_ConfigRegion) for HAL_MPU_ConfigRegion
    main.o(i.MPU_Config) refers to stm32h7xx_hal_cortex.o(i.HAL_MPU_Enable) for HAL_MPU_Enable
    main.o(i.PeriphCommonClock_Config) refers to memseta.o(.text) for __aeabi_memclr4
    main.o(i.PeriphCommonClock_Config) refers to stm32h7xx_hal_rcc_ex.o(i.HAL_RCCEx_PeriphCLKConfig) for HAL_RCCEx_PeriphCLKConfig
    main.o(i.PeriphCommonClock_Config) refers to main.o(i.Error_Handler) for Error_Handler
    main.o(i.Start_ADC_DMA) refers to stm32h7xx_hal_tim.o(i.HAL_TIM_Base_Stop) for HAL_TIM_Base_Stop
    main.o(i.Start_ADC_DMA) refers to stm32h7xx_hal_adc_ex.o(i.HAL_ADCEx_Calibration_Start) for HAL_ADCEx_Calibration_Start
    main.o(i.Start_ADC_DMA) refers to stm32h7xx_hal_adc.o(i.HAL_ADC_Start_DMA) for HAL_ADC_Start_DMA
    main.o(i.Start_ADC_DMA) refers to stm32h7xx_hal_tim.o(i.HAL_TIM_Base_Start) for HAL_TIM_Base_Start
    main.o(i.Start_ADC_DMA) refers to tim.o(.bss) for htim2
    main.o(i.Start_ADC_DMA) refers to adc.o(.bss) for hadc1
    main.o(i.Start_ADC_DMA) refers to main.o(.ARM.__at_0x24000000) for ADC_Buffer_Z
    main.o(i.Start_ADC_DMA) refers to main.o(.ARM.__at_0x24004000) for ADC_Buffer_XY
    main.o(i.Stop_ADC_DMA) refers to stm32h7xx_hal_adc.o(i.HAL_ADC_Stop_DMA) for HAL_ADC_Stop_DMA
[...]
    DMA2D_IRQHandler                         0x080202ff   Thumb Code     0  startup_stm32h723xx.o(.text)
    DMA2_Stream2_IRQHandler                  0x080202ff   Thumb Code     0  startup_stm32h723xx.o(.text)
    DMA2_Stream3_IRQHandler                  0x080202ff   Thumb Code     0  startup_stm32h723xx.o(.text)
    DMA2_Stream4_IRQHandler                  0x080202ff   Thumb Code     0  startup_stm32h723xx.o(.text)
    DMA2_Stream5_IRQHandler                  0x080202ff   Thumb Code     0  startup_stm32h723xx.o(.text)
    DMA2_Stream6_IRQHandler                  0x080202ff   Thumb Code     0  startup_stm32h723xx.o(.text)
    DMA2_Stream7_IRQHandler                  0x080202ff   Thumb Code     0  startup_stm32h723xx.o(.text)
    DMAMUX1_OVR_IRQHandler                   0x080202ff   Thumb Code     0  startup_stm32h723xx.o(.text)
    DMAMUX2_OVR_IRQHandler                   0x080202ff   Thumb Code     0  startup_stm32h723xx.o(.text)
    DTS_IRQHandler                           0x080202ff   Thumb Code     0  startup_stm32h723xx.o(.text)
    ECC_IRQHandler                           0x080202ff   Thumb Code     0  startup_stm32h723xx.o(.text)
    ETH_IRQHandler                           0x080202ff   Thumb Code     0  startup_stm32h723xx.o(.text)
    ETH_WKUP_IRQHandler                      0x080202ff   Thumb Code     0  startup_stm32h723xx.o(.text)
    EXTI0_IRQHandler                         0x080202ff   Thumb Code     0  startup_stm32h723xx.o(.text)
    EXTI15_10_IRQHandler                     0x080202ff   Thumb Code     0  startup_stm32h723xx.o(.text)
    EXTI1_IRQHandler                         0x080202ff   Thumb Code     0  startup_stm32h723xx.o(.text)
    EXTI2_IRQHandler                         0x080202ff   Thumb Code     0  startup_stm32h723xx.o(.text)
    EXTI3_IRQHandler                         0x080202ff   Thumb Code     0  startup_stm32h723xx.o(.text)
    EXTI4_IRQHandler                         0x080202ff   Thumb Code     0  startup_stm32h723xx.o(.text)
    EXTI9_5_IRQHandler                       0x080202ff   Thumb Code     0  startup_stm32h723xx.o(.text)
    FDCAN1_IT0_IRQHandler                    0x080202ff   Thumb Code     0  startup_stm32h723xx.o(.text)
    FDCAN1_IT1_IRQHandler                    0x080202ff   Thumb Code     0  startup_stm32h723xx.o(.text)
    FDCAN2_IT0_IRQHandler                    0x080202ff   Thumb Code     0  startup_stm32h723xx.o(.text)
    FDCAN2_IT1_IRQHandler                    0x080202ff   Thumb Code     0  startup_stm32h723xx.o(.text)
    FDCAN3_IT0_IRQHandler                    0x080202ff   Thumb Code     0  startup_stm32h723xx.o(.text)
    FDCAN3_IT1_IRQHandler                    0x080202ff   Thumb Code     0  startup_stm32h723xx.o(.text)
    FDCAN_CAL_IRQHandler                     0x080202ff   Thumb Code     0  startup_stm32h723xx.o(.text)
    FLASH_IRQHandler                         0x080202ff   Thumb Code     0  startup_stm32h723xx.o(.text)
    FMAC_IRQHandler                          0x080202ff   Thumb Code     0  startup_stm32h723xx.o(.text)
    FMC_IRQHandler                           0x080202ff   Thumb Code     0  startup_stm32h723xx.o(.text)
    FPU_IRQHandler                           0x080202ff   Thumb Code     0  startup_stm32h723xx.o(.text)
    HSEM1_IRQHandler                         0x080202ff   Thumb Code     0  startup_stm32h723xx.o(.text)
    I2C1_ER_IRQHandler                       0x080202ff   Thumb Code     0  startup_stm32h723xx.o(.text)
    I2C1_EV_IRQHandler                       0x080202ff   Thumb Code     0  startup_stm32h723xx.o(.text)
    I2C2_ER_IRQHandler                       0x080202ff   Thumb Code     0  startup_stm32h723xx.o(.text)
    I2C2_EV_IRQHandler                       0x080202ff   Thumb Code     0  startup_stm32h723xx.o(.text)
    I2C3_ER_IRQHandler                       0x080202ff   Thumb Code     0  startup_stm32h723xx.o(.text)
    I2C3_EV_IRQHandler                       0x080202ff   Thumb Code     0  startup_stm32h723xx.o(.text)
    I2C4_ER_IRQHandler                       0x080202ff   Thumb Code     0  startup_stm32h723xx.o(.text)
    I2C4_EV_IRQHandler                       0x080202ff   Thumb Code     0  startup_stm32h723xx.o(.text)
    I2C5_ER_IRQHandler                       0x080202ff   Thumb Code     0  startup_stm32h723xx.o(.text)
    I2C5_EV_IRQHandler                       0x080202ff   Thumb Code     0  startup_stm32h723xx.o(.text)
    LPTIM1_IRQHandler                        0x080202ff   Thumb Code     0  startup_stm32h723xx.o(.text)
    LPTIM2_IRQHandler                        0x080202ff   Thumb Code     0  startup_stm32h723xx.o(.text)
    LPTIM3_IRQHandler                        0x080202ff   Thumb Code     0  startup_stm32h723xx.o(.text)
    LPTIM4_IRQHandler                        0x080202ff   Thumb Code     0  startup_stm32h723xx.o(.text)
    LPTIM5_IRQHandler                        0x080202ff   Thumb Code     0  startup_stm32h723xx.o(.text)
    LPUART1_IRQHandler                       0x080202ff   Thumb Code     0  startup_stm32h723xx.o(.text)
    LTDC_ER_IRQHandler                       0x080202ff   Thumb Code     0  startup_stm32h723xx.o(.text)
    LTDC_IRQHandler                          0x080202ff   Thumb Code     0  startup_stm32h723xx.o(.text)
    MDIOS_IRQHandler                         0x080202ff   Thumb Code     0  startup_stm32h723xx.o(.text)
    MDIOS_WKUP_IRQHandler                    0x080202ff   Thumb Code     0  startup_stm32h723xx.o(.text)
    MDMA_IRQHandler                          0x080202ff   Thumb Code     0  startup_stm32h723xx.o(.text)
    OCTOSPI1_IRQHandler                      0x080202ff   Thumb Code     0  startup_stm32h723xx.o(.text)
    OCTOSPI2_IRQHandler                      0x080202ff   Thumb Code     0  startup_stm32h723xx.o(.text)
    OTG_HS_EP1_IN_IRQHandler                 0x080202ff   Thumb Code     0  startup_stm32h723xx.o(.text)
    OTG_HS_EP1_OUT_IRQHandler                0x080202ff   Thumb Code     0  startup_stm32h723xx.o(.text)
    OTG_HS_IRQHandler                        0x080202ff   Thumb Code     0  startup_stm32h723xx.o(.text)
    OTG_HS_WKUP_IRQHandler                   0x080202ff   Thumb Code     0  startup_stm32h723xx.o(.text)
    PVD_AVD_IRQHandler                       0x080202ff   Thumb Code     0  startup_stm32h723xx.o(.text)
    RCC_IRQHandler                           0x080202ff   Thumb Code     0  startup_stm32h723xx.o(.text)
    RNG_IRQHandler                           0x080202ff   Thumb Code     0  startup_stm32h723xx.o(.text)
    RTC_Alarm_IRQHandler                     0x080202ff   Thumb Code     0  startup_stm32h723xx.o(.text)
    RTC_WKUP_IRQHandler                      0x080202ff   Thumb Code     0  startup_stm32h723xx.o(.text)
    SAI1_IRQHandler                          0x080202ff   Thumb Code     0  startup_stm32h723xx.o(.text)
    SAI4_IRQHandler                          0x080202ff   Thumb Code     0  startup_stm32h723xx.o(.text)
    SDMMC1_IRQHandler                        0x080202ff   Thumb Code     0  startup_stm32h723xx.o(.text)
    SDMMC2_IRQHandler                        0x080202ff   Thumb Code     0  startup_stm32h723xx.o(.text)
    SPDIF_RX_IRQHandler                      0x080202ff   Thumb Code     0  startup_stm32h723xx.o(.text)
    SPI1_IRQHandler                          0x080202ff   Thumb Code     0  startup_stm32h723xx.o(.text)
    SPI2_IRQHandler                          0x080202ff   Thumb Code     0  startup_stm32h723xx.o(.text)
    SPI3_IRQHandler                          0x080202ff   Thumb Code     0  startup_stm32h723xx.o(.text)
    SPI4_IRQHandler                          0x080202ff   Thumb Code     0  startup_stm32h723xx.o(.text)
    SPI5_IRQHandler                          0x080202ff   Thumb Code     0  startup_stm32h723xx.o(.text)
    SPI6_IRQHandler                          0x080202ff   Thumb Code     0  startup_stm32h723xx.o(.text)
    SWPMI1_IRQHandler                        0x080202ff   Thumb Code     0  startup_stm32h723xx.o(.text)
    TAMP_STAMP_IRQHandler                    0x080202ff   Thumb Code     0  startup_stm32h723xx.o(.text)
    TIM15_IRQHandler                         0x080202ff   Thumb Code     0  startup_stm32h723xx.o(.text)
    TIM16_IRQHandler                         0x080202ff   Thumb Code     0  startup_stm32h723xx.o(.text)
    TIM17_IRQHandler                         0x080202ff   Thumb Code     0  startup_stm32h723xx.o(.text)
    TIM1_BRK_IRQHandler                      0x080202ff   Thumb Code     0  startup_stm32h723xx.o(.text)
    TIM1_CC_IRQHandler                       0x080202ff   Thumb Code     0  startup_stm32h723xx.o(.text)
    TIM1_TRG_COM_IRQHandler                  0x080202ff   Thumb Code     0  startup_stm32h723xx.o(.text)
    TIM1_UP_IRQHandler                       0x080202ff   Thumb Code     0  startup_stm32h723xx.o(.text)
    TIM23_IRQHandler                         0x080202ff   Thumb Code     0  startup_stm32h723xx.o(.text)
    TIM24_IRQHandler                         0x080202ff   Thumb Code     0  startup_stm32h723xx.o(.text)
    TIM4_IRQHandler                          0x080202ff   Thumb Code     0  startup_stm32h723xx.o(.text)
    TIM5_IRQHandler                          0x080202ff   Thumb Code     0  startup_stm32h723xx.o(.text)
    TIM6_DAC_IRQHandler                      0x080202ff   Thumb Code     0  startup_stm32h723xx.o(.text)
    TIM7_IRQHandler                          0x080202ff   Thumb Code     0  startup_stm32h723xx.o(.text)
    TIM8_BRK_TIM12_IRQHandler                0x080202ff   Thumb Code     0  startup_stm32h723xx.o(.text)
    TIM8_CC_IRQHandler                       0x080202ff   Thumb Code     0  startup_stm32h723xx.o(.text)
    TIM8_TRG_COM_TIM14_IRQHandler            0x080202ff   Thumb Code     0  startup_stm32h723xx.o(.text)
    TIM8_UP_TIM13_IRQHandler                 0x080202ff   Thumb Code     0  startup_stm32h723xx.o(.text)
    UART4_IRQHandler                         0x080202ff   Thumb Code     0  startup_stm32h723xx.o(.text)
    UART5_IRQHandler                         0x080202ff   Thumb Code     0  startup_stm32h723xx.o(.text)
    UART7_IRQHandler                         0x080202ff   Thumb Code     0  startup_stm32h723xx.o(.text)
    UART8_IRQHandler                         0x080202ff   Thumb Code     0  startup_stm32h723xx.o(.text)
    UART9_IRQHandler                         0x080202ff   Thumb Code     0  startup_stm32h723xx.o(.text)
    USART10_IRQHandler                       0x080202ff   Thumb Code     0  startup_stm32h723xx.o(.text)
    USART1_IRQHandler                        0x080202ff   Thumb Code     0  startup_stm32h723xx.o(.text)
    USART2_IRQHandler                        0x080202ff   Thumb Code     0  startup_stm32h723xx.o(.text)
    USART6_IRQHandler                        0x080202ff   Thumb Code     0  startup_stm32h723xx.o(.text)
    WAKEUP_PIN_IRQHandler                    0x080202ff   Thumb Code     0  startup_stm32h723xx.o(.text)
    WWDG_IRQHandler                          0x080202ff   Thumb Code     0  startup_stm32h723xx.o(.text)
    __aeabi_uldivmod                         0x08020309   Thumb Code    98  uldiv.o(.text)
    __aeabi_memcpy                           0x0802036b   Thumb Code    36  memcpya.o(.text)
    __aeabi_memcpy4                          0x0802036b   Thumb Code     0  memcpya.o(.text)
    __aeabi_memcpy8                          0x0802036b   Thumb Code     0  memcpya.o(.text)
    __aeabi_memset                           0x0802038f   Thumb Code    14  memseta.o(.text)
    __aeabi_memset4                          0x0802038f   Thumb Code     0  memseta.o(.text)
    __aeabi_memset8                          0x0802038f   Thumb Code     0  memseta.o(.text)
    __aeabi_memclr                           0x0802039d   Thumb Code     4  memseta.o(.text)
    __aeabi_memclr4                          0x0802039d   Thumb Code     0  memseta.o(.text)
    __aeabi_memclr8                          0x0802039d   Thumb Code     0  memseta.o(.text)
    _memset$wrapper                          0x080203a1   Thumb Code    18  memseta.o(.text)
    memcmp                                   0x080203b3   Thumb Code    26  memcmp.o(.text)
    __aeabi_uidiv                            0x080203cd   Thumb Code     0  uidiv.o(.text)
    __aeabi_uidivmod                         0x080203cd   Thumb Code    44  uidiv.o(.text)
    __aeabi_llsl                             0x080203f9   Thumb Code    30  llshl.o(.text)
    _ll_shift_l                              0x080203f9   Thumb Code     0  llshl.o(.text)
    __aeabi_llsr                             0x08020417   Thumb Code    32  llushr.o(.text)
    _ll_ushift_r                             0x08020417   Thumb Code     0  llushr.o(.text)
    __I$use$fp                               0x08020437   Thumb Code     0  iusefp.o(.text)
    __aeabi_dadd                             0x08020437   Thumb Code   322  dadd.o(.text)
    __aeabi_dsub                             0x08020579   Thumb Code     6  dadd.o(.text)
    __aeabi_drsub                            0x0802057f   Thumb Code     6  dadd.o(.text)
    __aeabi_dmul                             0x08020585   Thumb Code   228  dmul.o(.text)
    __aeabi_ddiv                             0x08020669   Thumb Code   222  ddiv.o(.text)
    __aeabi_d2ulz                            0x08020747   Thumb Code    48  dfixul.o(.text)
    __aeabi_cdrcmple                         0x08020779   Thumb Code    48  cdrcmple.o(.text)
    __scatterload                            0x080207a9   Thumb Code    28  init.o(.text)
    __scatterload_rt2                        0x080207a9   Thumb Code     0  init.o(.text)
    __aeabi_lasr                             0x080207cd   Thumb Code    36  llsshr.o(.text)
    _ll_sshift_r                             0x080207cd   Thumb Code     0  llsshr.o(.text)
    _double_round                            0x080207f1   Thumb Code    30  depilogue.o(.text)
    _double_epilogue                         0x0802080f   Thumb Code   156  depilogue.o(.text)
    __decompress                             0x080208ab   Thumb Code     0  __dczerorl2.o(.text)
    __decompress1                            0x080208ab   Thumb Code    86  __dczerorl2.o(.text)
    arm_bitreversal_32                       0x08020901   Thumb Code    76  arm_bitreversal2.o(.text.arm_bitreversal_32)
    arm_cfft_f32                             0x0802094d   Thumb Code   220  arm_cfft_f32.o(.text.arm_cfft_f32)
    arm_cfft_radix8by2_f32                   0x08020a29   Thumb Code   382  arm_cfft_f32.o(.text.arm_cfft_radix8by2_f32)
    arm_cfft_radix8by4_f32                   0x08020ba9   Thumb Code   988  arm_cfft_f32.o(.text.arm_cfft_radix8by4_f32)
    arm_cmplx_mag_f32                        0x08020f85   Thumb Code   312  arm_cmplx_mag_f32.o(.text.arm_cmplx_mag_f32)
    arm_radix8_butterfly_f32                 0x080210bd   Thumb Code  1316  arm_cfft_radix8_f32.o(.text.arm_radix8_butterfly_f32)
    arm_rfft_1024_fast_init_f32              0x080215e1   Thumb Code    60  arm_rfft_fast_init_f32.o(.text.arm_rfft_1024_fast_init_f32)
    arm_rfft_2048_fast_init_f32              0x0802161d   Thumb Code    60  arm_rfft_fast_init_f32.o(.text.arm_rfft_2048_fast_init_f32)
    arm_rfft_256_fast_init_f32               0x08021659   Thumb Code    56  arm_rfft_fast_init_f32.o(.text.arm_rfft_256_fast_init_f32)
    arm_rfft_32_fast_init_f32                0x08021691   Thumb Code    54  arm_rfft_fast_init_f32.o(.text.arm_rfft_32_fast_init_f32)
    arm_rfft_4096_fast_init_f32              0x080216c7   Thumb Code    60  arm_rfft_fast_init_f32.o(.text.arm_rfft_4096_fast_init_f32)
    arm_rfft_512_fast_init_f32               0x08021703   Thumb Code    60  arm_rfft_fast_init_f32.o(.text.arm_rfft_512_fast_init_f32)
    arm_rfft_64_fast_init_f32                0x0802173f   Thumb Code    54  arm_rfft_fast_init_f32.o(.text.arm_rfft_64_fast_init_f32)
    arm_rfft_fast_init_f32                   0x08021775   Thumb Code   126  arm_rfft_fast_init_f32.o(.text.arm_rfft_fast_init_f32)
    ACQ_GetFreqHz                            0x080217f5   Thumb Code     6  app_acq.o(i.ACQ_GetFreqHz)
    ACQ_Init                                 0x08021801   Thumb Code    80  app_acq.o(i.ACQ_Init)
    ACQ_SetFreqHz                            0x08021865   Thumb Code    46  app_acq.o(i.ACQ_SetFreqHz)
    ADC_ConfigureBoostMode                   0x080218a1   Thumb Code   276  stm32h7xx_hal_adc.o(i.ADC_ConfigureBoostMode)
    ADC_DMAConvCplt                          0x080219d1   Thumb Code   146  stm32h7xx_hal_adc.o(i.ADC_DMAConvCplt)
    ADC_DMAError                             0x08021a63   Thumb Code    30  stm32h7xx_hal_adc.o(i.ADC_DMAError)
    ADC_DMAHalfConvCplt                      0x08021a81   Thumb Code    14  stm32h7xx_hal_adc.o(i.ADC_DMAHalfConvCplt)
    ADC_Disable                              0x08021a91   Thumb Code   142  stm32h7xx_hal_adc.o(i.ADC_Disable)
    ADC_Enable                               0x08021b25   Thumb Code   182  stm32h7xx_hal_adc.o(i.ADC_Enable)
    ADC_IRQHandler                           0x08021bf1   Thumb Code    16  stm32h7xx_it.o(i.ADC_IRQHandler)
    App_ConfigInit                           0x08021c09   Thumb Code    70  main.o(i.App_ConfigInit)
    BusFault_Handler                         0x08021c61   Thumb Code     4  stm32h7xx_it.o(i.BusFault_Handler)
    Calc_Envelope_Z                          0x08021cb1   Thumb Code   350  eigenvalue calculation.o(i.Calc_Envelope_Z)
    Calc_FreqDomain_Z                        0x08021e21   Thumb Code   294  eigenvalue calculation.o(i.Calc_FreqDomain_Z)
    Calc_Init                                0x08021f59   Thumb Code    14  eigenvalue calculation.o(i.Calc_Init)
    Calc_TimeDomain_Only                     0x08021f6d   Thumb Code   282  eigenvalue calculation.o(i.Calc_TimeDomain_Only)
    DMA1_Stream0_IRQHandler                  0x08022249   Thumb Code    10  stm32h7xx_it.o(i.DMA1_Stream0_IRQHandler)
    DMA1_Stream1_IRQHandler                  0x08022259   Thumb Code    10  stm32h7xx_it.o(i.DMA1_Stream1_IRQHandler)
    DMA2_Stream0_IRQHandler                  0x08022269   Thumb Code    10  stm32h7xx_it.o(i.DMA2_Stream0_IRQHandler)
    DMA2_Stream1_IRQHandler                  0x08022279   Thumb Code    10  stm32h7xx_it.o(i.DMA2_Stream1_IRQHandler)
    DebugMon_Handler                         0x080227f5   Thumb Code     2  stm32h7xx_it.o(i.DebugMon_Handler)
    Delay_Init                               0x080227f9   Thumb Code    30  delay.o(i.Delay_Init)
    Ds18b20_Init                             0x08022821   Thumb Code    12  ds18b20.o(i.Ds18b20_Init)
    Ds18b20_Read_Byte                        0x0802282d   Thumb Code    34  ds18b20.o(i.Ds18b20_Read_Byte)
    Ds18b20_Read_Result                      0x0802284f   Thumb Code    44  ds18b20.o(i.Ds18b20_Read_Result)
    Ds18b20_Rst                              0x0802287d   Thumb Code   144  ds18b20.o(i.Ds18b20_Rst)
    Ds18b20_Start                            0x08022911   Thumb Code    20  ds18b20.o(i.Ds18b20_Start)
    Ds18b20_Write_Byte                       0x08022925   Thumb Code    40  ds18b20.o(i.Ds18b20_Write_Byte)
    Eigen_Separate_And_Convert               0x0802294d   Thumb Code   146  eigenvalue calculation.o(i.Eigen_Separate_And_Convert)
    Error_Handler                            0x08022a01   Thumb Code     6  main.o(i.Error_Handler)
    FLASH_Erase_Sector                       0x08022a09   Thumb Code    42  stm32h7xx_hal_flash_ex.o(i.FLASH_Erase_Sector)
    FLASH_WaitForLastOperation               0x08022a65   Thumb Code   120  stm32h7xx_hal_flash.o(i.FLASH_WaitForLastOperation)
    Flash_ReadConfig                         0x08022b5d   Thumb Code    44  flash.o(i.Flash_ReadConfig)
    Flash_SetOTAInfo                         0x08022bed   Thumb Code    32  flash.o(i.Flash_SetOTAInfo)
    Flash_UpdateFreq                         0x08022c0d   Thumb Code    30  flash.o(i.Flash_UpdateFreq)
    Flash_UpdatePoints                       0x08022c2b   Thumb Code    30  flash.o(i.Flash_UpdatePoints)
    Flash_WriteConfig                        0x08022c49   Thumb Code    38  flash.o(i.Flash_WriteConfig)
    Flash_WriteDeviceAddr                    0x08022c6f   Thumb Code    30  flash.o(i.Flash_WriteDeviceAddr)
    HAL_ADCEx_Calibration_Start              0x08022c8d   Thumb Code   174  stm32h7xx_hal_adc_ex.o(i.HAL_ADCEx_Calibration_Start)
    HAL_ADCEx_EndOfSamplingCallback          0x08022d45   Thumb Code     2  stm32h7xx_hal_adc_ex.o(i.HAL_ADCEx_EndOfSamplingCallback)
    HAL_ADCEx_InjectedConvCpltCallback       0x08022d47   Thumb Code     2  stm32h7xx_hal_adc_ex.o(i.HAL_ADCEx_InjectedConvCpltCallback)
    HAL_ADCEx_InjectedQueueOverflowCallback  0x08022d49   Thumb Code     2  stm32h7xx_hal_adc_ex.o(i.HAL_ADCEx_InjectedQueueOverflowCallback)
    HAL_ADCEx_LevelOutOfWindow2Callback      0x08022d4b   Thumb Code     2  stm32h7xx_hal_adc_ex.o(i.HAL_ADCEx_LevelOutOfWindow2Callback)
    HAL_ADCEx_LevelOutOfWindow3Callback      0x08022d4d   Thumb Code     2  stm32h7xx_hal_adc_ex.o(i.HAL_ADCEx_LevelOutOfWindow3Callback)
    HAL_ADCEx_MultiModeConfigChannel         0x08022d51   Thumb Code   336  stm32h7xx_hal_adc_ex.o(i.HAL_ADCEx_MultiModeConfigChannel)
    HAL_ADC_ConfigChannel                    0x08022eb5   Thumb Code  1888  stm32h7xx_hal_adc.o(i.HAL_ADC_ConfigChannel)
    HAL_ADC_ConvCpltCallback                 0x08023645   Thumb Code    60  main.o(i.HAL_ADC_ConvCpltCallback)
    HAL_ADC_ConvHalfCpltCallback             0x080236a1   Thumb Code    60  main.o(i.HAL_ADC_ConvHalfCpltCallback)
    HAL_ADC_ErrorCallback                    0x080236fd   Thumb Code     2  stm32h7xx_hal_adc.o(i.HAL_ADC_ErrorCallback)
    HAL_ADC_IRQHandler                       0x08023701   Thumb Code   840  stm32h7xx_hal_adc.o(i.HAL_ADC_IRQHandler)
    HAL_ADC_Init                             0x08023a59   Thumb Code   782  stm32h7xx_hal_adc.o(i.HAL_ADC_Init)
    HAL_ADC_LevelOutOfWindowCallback         0x08023d99   Thumb Code     2  stm32h7xx_hal_adc.o(i.HAL_ADC_LevelOutOfWindowCallback)
    HAL_ADC_MspInit                          0x08023d9d   Thumb Code   436  adc.o(i.HAL_ADC_MspInit)
    HAL_ADC_Start_DMA                        0x08023f75   Thumb Code   334  stm32h7xx_hal_adc.o(i.HAL_ADC_Start_DMA)
    HAL_DMA_Abort                            0x080240e5   Thumb Code  1236  stm32h7xx_hal_dma.o(i.HAL_DMA_Abort)
    HAL_DMA_Abort_IT                         0x080245c1   Thumb Code   906  stm32h7xx_hal_dma.o(i.HAL_DMA_Abort_IT)
    HAL_DMA_GetError                         0x08024959   Thumb Code     6  stm32h7xx_hal_dma.o(i.HAL_DMA_GetError)
    HAL_DMA_IRQHandler                       0x08024961   Thumb Code  2798  stm32h7xx_hal_dma.o(i.HAL_DMA_IRQHandler)
    HAL_DMA_Init                             0x08025459   Thumb Code  1292  stm32h7xx_hal_dma.o(i.HAL_DMA_Init)
    HAL_DMA_Start_IT                         0x0802596d   Thumb Code   980  stm32h7xx_hal_dma.o(i.HAL_DMA_Start_IT)
    HAL_Delay                                0x08025d4d   Thumb Code    36  stm32h7xx_hal.o(i.HAL_Delay)
    HAL_FLASHEx_Erase                        0x08025d75   Thumb Code   202  stm32h7xx_hal_flash_ex.o(i.HAL_FLASHEx_Erase)
    HAL_FLASH_Lock                           0x08025e49   Thumb Code    30  stm32h7xx_hal_flash.o(i.HAL_FLASH_Lock)
    HAL_FLASH_Program                        0x08025e6d   Thumb Code   228  stm32h7xx_hal_flash.o(i.HAL_FLASH_Program)
    HAL_FLASH_Unlock                         0x08025f59   Thumb Code    38  stm32h7xx_hal_flash.o(i.HAL_FLASH_Unlock)
    HAL_GPIO_Init                            0x08025f8d   Thumb Code   446  stm32h7xx_hal_gpio.o(i.HAL_GPIO_Init)
    HAL_GPIO_ReadPin                         0x0802617d   Thumb Code    16  stm32h7xx_hal_gpio.o(i.HAL_GPIO_ReadPin)
    HAL_GPIO_WritePin                        0x0802618d   Thumb Code    12  stm32h7xx_hal_gpio.o(i.HAL_GPIO_WritePin)
    HAL_GetTick                              0x08026199   Thumb Code     6  stm32h7xx_hal.o(i.HAL_GetTick)
    HAL_GetUIDw0                             0x080261a5   Thumb Code     6  stm32h7xx_hal.o(i.HAL_GetUIDw0)
    HAL_GetUIDw1                             0x080261b1   Thumb Code     6  stm32h7xx_hal.o(i.HAL_GetUIDw1)
    HAL_GetUIDw2                             0x080261bd   Thumb Code     6  stm32h7xx_hal.o(i.HAL_GetUIDw2)
    HAL_IncTick                              0x080261c9   Thumb Code    16  stm32h7xx_hal.o(i.HAL_IncTick)
    HAL_Init                                 0x080261e1   Thumb Code    80  stm32h7xx_hal.o(i.HAL_Init)
    HAL_InitTick                             0x08026241   Thumb Code    74  stm32h7xx_hal.o(i.HAL_InitTick)
    HAL_MPU_ConfigRegion                     0x08026299   Thumb Code    86  stm32h7xx_hal_cortex.o(i.HAL_MPU_ConfigRegion)
    HAL_MPU_Disable                          0x080262f5   Thumb Code    38  stm32h7xx_hal_cortex.o(i.HAL_MPU_Disable)
    HAL_MPU_Enable                           0x08026321   Thumb Code    58  stm32h7xx_hal_cortex.o(i.HAL_MPU_Enable)
    HAL_MspInit                              0x08026361   Thumb Code    32  stm32h7xx_hal_msp.o(i.HAL_MspInit)
    HAL_NVIC_EnableIRQ                       0x08026385   Thumb Code    40  stm32h7xx_hal_cortex.o(i.HAL_NVIC_EnableIRQ)
    HAL_NVIC_SetPriority                     0x080263ad   Thumb Code   122  stm32h7xx_hal_cortex.o(i.HAL_NVIC_SetPriority)
    HAL_NVIC_SetPriorityGrouping             0x08026429   Thumb Code    32  stm32h7xx_hal_cortex.o(i.HAL_NVIC_SetPriorityGrouping)
    HAL_NVIC_SystemReset                     0x08026451   Thumb Code    60  stm32h7xx_hal_cortex.o(i.HAL_NVIC_SystemReset)
    HAL_PWREx_ConfigSupply                   0x08026495   Thumb Code    90  stm32h7xx_hal_pwr_ex.o(i.HAL_PWREx_ConfigSupply)
    HAL_RCCEx_GetD3PCLK1Freq                 0x080264f5   Thumb Code    26  stm32h7xx_hal_rcc_ex.o(i.HAL_RCCEx_GetD3PCLK1Freq)
    HAL_RCCEx_GetPLL1ClockFreq               0x08026519   Thumb Code   536  stm32h7xx_hal_rcc_ex.o(i.HAL_RCCEx_GetPLL1ClockFreq)
    HAL_RCCEx_GetPLL2ClockFreq               0x08026749   Thumb Code   536  stm32h7xx_hal_rcc_ex.o(i.HAL_RCCEx_GetPLL2ClockFreq)
    HAL_RCCEx_GetPLL3ClockFreq               0x08026979   Thumb Code   536  stm32h7xx_hal_rcc_ex.o(i.HAL_RCCEx_GetPLL3ClockFreq)
    HAL_RCCEx_GetPeriphCLKFreq               0x08026ba9   Thumb Code  1942  stm32h7xx_hal_rcc_ex.o(i.HAL_RCCEx_GetPeriphCLKFreq)
    HAL_RCCEx_PeriphCLKConfig                0x08027355   Thumb Code  3272  stm32h7xx_hal_rcc_ex.o(i.HAL_RCCEx_PeriphCLKConfig)
    HAL_RCC_ClockConfig                      0x0802801d   Thumb Code   774  stm32h7xx_hal_rcc.o(i.HAL_RCC_ClockConfig)
    HAL_RCC_GetHCLKFreq                      0x0802833d   Thumb Code    60  stm32h7xx_hal_rcc.o(i.HAL_RCC_GetHCLKFreq)
    HAL_RCC_GetPCLK1Freq                     0x08028389   Thumb Code    26  stm32h7xx_hal_rcc.o(i.HAL_RCC_GetPCLK1Freq)
    HAL_RCC_GetPCLK2Freq                     0x080283ad   Thumb Code    26  stm32h7xx_hal_rcc.o(i.HAL_RCC_GetPCLK2Freq)
    HAL_RCC_GetSysClockFreq                  0x080283d1   Thumb Code   524  stm32h7xx_hal_rcc.o(i.HAL_RCC_GetSysClockFreq)
    HAL_RCC_OscConfig                        0x080285fd   Thumb Code  1874  stm32h7xx_hal_rcc.o(i.HAL_RCC_OscConfig)
    HAL_SYSTICK_Config                       0x08028d59   Thumb Code    52  stm32h7xx_hal_cortex.o(i.HAL_SYSTICK_Config)
    HAL_TIMEx_Break2Callback                 0x08028d8d   Thumb Code     2  stm32h7xx_hal_tim_ex.o(i.HAL_TIMEx_Break2Callback)
    HAL_TIMEx_BreakCallback                  0x08028d8f   Thumb Code     2  stm32h7xx_hal_tim_ex.o(i.HAL_TIMEx_BreakCallback)
    HAL_TIMEx_CommutCallback                 0x08028d91   Thumb Code     2  stm32h7xx_hal_tim_ex.o(i.HAL_TIMEx_CommutCallback)
    HAL_TIMEx_MasterConfigSynchronization    0x08028d95   Thumb Code   190  stm32h7xx_hal_tim_ex.o(i.HAL_TIMEx_MasterConfigSynchronization)
    HAL_TIM_Base_Init                        0x08028e79   Thumb Code   110  stm32h7xx_hal_tim.o(i.HAL_TIM_Base_Init)
    HAL_TIM_Base_MspInit                     0x08028ee9   Thumb Code   112  tim.o(i.HAL_TIM_Base_MspInit)
    HAL_TIM_Base_Start                       0x08028f61   Thumb Code   150  stm32h7xx_hal_tim.o(i.HAL_TIM_Base_Start)
    HAL_TIM_Base_Stop                        0x08029021   Thumb Code    50  stm32h7xx_hal_tim.o(i.HAL_TIM_Base_Stop)
    HAL_TIM_ConfigClockSource                0x08029055   Thumb Code   304  stm32h7xx_hal_tim.o(i.HAL_TIM_ConfigClockSource)
    HAL_TIM_IC_CaptureCallback               0x08029189   Thumb Code     2  stm32h7xx_hal_tim.o(i.HAL_TIM_IC_CaptureCallback)
    HAL_TIM_IRQHandler                       0x0802918b   Thumb Code   408  stm32h7xx_hal_tim.o(i.HAL_TIM_IRQHandler)
    HAL_TIM_OC_DelayElapsedCallback          0x08029323   Thumb Code     2  stm32h7xx_hal_tim.o(i.HAL_TIM_OC_DelayElapsedCallback)
    HAL_TIM_PWM_PulseFinishedCallback        0x08029325   Thumb Code     2  stm32h7xx_hal_tim.o(i.HAL_TIM_PWM_PulseFinishedCallback)
    HAL_TIM_PeriodElapsedCallback            0x08029327   Thumb Code     2  stm32h7xx_hal_tim.o(i.HAL_TIM_PeriodElapsedCallback)
    HAL_TIM_TriggerCallback                  0x08029329   Thumb Code     2  stm32h7xx_hal_tim.o(i.HAL_TIM_TriggerCallback)
    HAL_UARTEx_DisableFifoMode               0x0802932b   Thumb Code    78  stm32h7xx_hal_uart_ex.o(i.HAL_UARTEx_DisableFifoMode)
    HAL_UARTEx_RxEventCallback               0x08029379   Thumb Code     2  stm32h7xx_hal_uart.o(i.HAL_UARTEx_RxEventCallback)
    HAL_UARTEx_RxFifoFullCallback            0x0802937b   Thumb Code     2  stm32h7xx_hal_uart_ex.o(i.HAL_UARTEx_RxFifoFullCallback)
    HAL_UARTEx_SetRxFifoThreshold            0x0802937d   Thumb Code    94  stm32h7xx_hal_uart_ex.o(i.HAL_UARTEx_SetRxFifoThreshold)
    HAL_UARTEx_SetTxFifoThreshold            0x080293db   Thumb Code    94  stm32h7xx_hal_uart_ex.o(i.HAL_UARTEx_SetTxFifoThreshold)
    HAL_UARTEx_TxFifoEmptyCallback           0x08029439   Thumb Code     2  stm32h7xx_hal_uart_ex.o(i.HAL_UARTEx_TxFifoEmptyCallback)
    HAL_UARTEx_WakeupCallback                0x0802943b   Thumb Code     2  stm32h7xx_hal_uart_ex.o(i.HAL_UARTEx_WakeupCallback)
    HAL_UART_DMAStop                         0x0802943d   Thumb Code   190  stm32h7xx_hal_uart.o(i.HAL_UART_DMAStop)
    HAL_UART_ErrorCallback                   0x080294fb   Thumb Code     2  stm32h7xx_hal_uart.o(i.HAL_UART_ErrorCallback)
    HAL_UART_IRQHandler                      0x080294fd   Thumb Code  1172  stm32h7xx_hal_uart.o(i.HAL_UART_IRQHandler)
    HAL_UART_Init                            0x08029991   Thumb Code   120  stm32h7xx_hal_uart.o(i.HAL_UART_Init)
    HAL_UART_MspInit                         0x08029a09   Thumb Code   284  usart.o(i.HAL_UART_MspInit)
    HAL_UART_Receive_DMA                     0x08029b3d   Thumb Code    88  stm32h7xx_hal_uart.o(i.HAL_UART_Receive_DMA)
    HAL_UART_RxCpltCallback                  0x08029b99   Thumb Code     2  stm32h7xx_hal_uart.o(i.HAL_UART_RxCpltCallback)
    HAL_UART_RxHalfCpltCallback              0x08029b9b   Thumb Code     2  stm32h7xx_hal_uart.o(i.HAL_UART_RxHalfCpltCallback)
    HAL_UART_Transmit                        0x08029b9d   Thumb Code   194  stm32h7xx_hal_uart.o(i.HAL_UART_Transmit)
    HAL_UART_Transmit_DMA                    0x08029c61   Thumb Code   148  stm32h7xx_hal_uart.o(i.HAL_UART_Transmit_DMA)
    HAL_UART_TxCpltCallback                  0x08029d01   Thumb Code    16  main.o(i.HAL_UART_TxCpltCallback)
    HAL_UART_TxHalfCpltCallback              0x08029d19   Thumb Code     2  stm32h7xx_hal_uart.o(i.HAL_UART_TxHalfCpltCallback)
    HardFault_Handler                        0x0802a03d   Thumb Code     4  stm32h7xx_it.o(i.HardFault_Handler)
    MX_ADC1_Init                             0x0802a1a5   Thumb Code   166  adc.o(i.MX_ADC1_Init)
    MX_ADC2_Init                             0x0802a259   Thumb Code   164  adc.o(i.MX_ADC2_Init)
    MX_DMA_Init                              0x0802a30d   Thumb Code   122  dma.o(i.MX_DMA_Init)
    MX_GPIO_Init                             0x0802a38d   Thumb Code   246  gpio.o(i.MX_GPIO_Init)
    MX_TIM2_Init                             0x0802a491   Thumb Code   108  tim.o(i.MX_TIM2_Init)
    MX_TIM3_Init                             0x0802a501   Thumb Code   106  tim.o(i.MX_TIM3_Init)
    MX_USART3_UART_Init                      0x0802a575   Thumb Code   104  usart.o(i.MX_USART3_UART_Init)
    MemManage_Handler                        0x0802a5e5   Thumb Code     4  stm32h7xx_it.o(i.MemManage_Handler)
    Modbus_CRC16                             0x0802a5e9   Thumb Code    62  modbus_rtu.o(i.Modbus_CRC16)
    Mode_Input                               0x0802a629   Thumb Code    38  ds18b20.o(i.Mode_Input)
    Mode_Output                              0x0802a655   Thumb Code    42  ds18b20.o(i.Mode_Output)
    NMI_Handler                              0x0802a685   Thumb Code     4  stm32h7xx_it.o(i.NMI_Handler)
    On_IDLE                                  0x0802a689   Thumb Code    40  usart.o(i.On_IDLE)
    PendSV_Handler                           0x0802a6b9   Thumb Code     2  stm32h7xx_it.o(i.PendSV_Handler)
    PeriphCommonClock_Config                 0x0802a6bb   Thumb Code    72  main.o(i.PeriphCommonClock_Config)
    Process_Data                             0x0802a705   Thumb Code    72  eigenvalue calculation.o(i.Process_Data)
    Protocol_HandleRxFrame                   0x0802a765   Thumb Code   392  modbus_rtu.o(i.Protocol_HandleRxFrame)
    SVC_Handler                              0x0802abd5   Thumb Code     2  stm32h7xx_it.o(i.SVC_Handler)
    Start_ADC_DMA                            0x0802abd9   Thumb Code    78  main.o(i.Start_ADC_DMA)
    SysTick_Handler                          0x0802ac41   Thumb Code     8  stm32h7xx_it.o(i.SysTick_Handler)
    SystemClock_Config                       0x0802ac49   Thumb Code   176  main.o(i.SystemClock_Config)
    SystemInit                               0x0802acfd   Thumb Code   192  system_stm32h7xx.o(i.SystemInit)
    TIM2_IRQHandler                          0x0802addd   Thumb Code    10  stm32h7xx_it.o(i.TIM2_IRQHandler)
    TIM3_IRQHandler                          0x0802aded   Thumb Code    10  stm32h7xx_it.o(i.TIM3_IRQHandler)
    TIM_Base_SetConfig                       0x0802adfd   Thumb Code   198  stm32h7xx_hal_tim.o(i.TIM_Base_SetConfig)
    TIM_ETR_SetConfig                        0x0802aeed   Thumb Code    22  stm32h7xx_hal_tim.o(i.TIM_ETR_SetConfig)
    Tempetature_GPIO_Init                    0x0802af6d   Thumb Code    82  ds18b20.o(i.Tempetature_GPIO_Init)
    UART_AdvFeatureConfig                    0x0802b021   Thumb Code   248  stm32h7xx_hal_uart.o(i.UART_AdvFeatureConfig)
    UART_CheckIdleState                      0x0802b119   Thumb Code   234  stm32h7xx_hal_uart.o(i.UART_CheckIdleState)
    UART_SetConfig                           0x0802b48d   Thumb Code  1558  stm32h7xx_hal_uart.o(i.UART_SetConfig)
    UART_Start_Receive_DMA                   0x0802bab5   Thumb Code   186  stm32h7xx_hal_uart.o(i.UART_Start_Receive_DMA)
    UART_WaitOnFlagUntilTimeout              0x0802bb7d   Thumb Code   172  stm32h7xx_hal_uart.o(i.UART_WaitOnFlagUntilTimeout)
    USART3_IRQHandler                        0x0802bc71   Thumb Code    16  stm32h7xx_it.o(i.USART3_IRQHandler)
    USAR_UART_IDLECallback                   0x0802bc85   Thumb Code   280  usart.o(i.USAR_UART_IDLECallback)
    Uart3_RxStart                            0x0802bdc1   Thumb Code    40  main.o(i.Uart3_RxStart)
    UsageFault_Handler                       0x0802bdf1   Thumb Code     4  stm32h7xx_it.o(i.UsageFault_Handler)
    Z_Calib_Z_Upright_Neg1G                  0x0802be35   Thumb Code    76  eigenvalue calculation.o(i.Z_Calib_Z_Upright_Neg1G)
    __0printf                                0x0802be89   Thumb Code    22  printfa.o(i.__0printf)
    __1printf                                0x0802be89   Thumb Code     0  printfa.o(i.__0printf)
    __2printf                                0x0802be89   Thumb Code     0  printfa.o(i.__0printf)
    __c89printf                              0x0802be89   Thumb Code     0  printfa.o(i.__0printf)
    printf                                   0x0802be89   Thumb Code     0  printfa.o(i.__0printf)
    __hardfp_sqrtf                           0x0802bee1   Thumb Code    58  sqrtf.o(i.__hardfp_sqrtf)
    __scatterload_copy                       0x0802bf1b   Thumb Code    14  handlers.o(i.__scatterload_copy)
    __scatterload_null                       0x0802bf29   Thumb Code     2  handlers.o(i.__scatterload_null)
    __scatterload_zeroinit                   0x0802bf2b   Thumb Code    14  handlers.o(i.__scatterload_zeroinit)
    __set_errno                              0x0802bf39   Thumb Code     6  errno.o(i.__set_errno)
    delay_us                                 0x0802c80d   Thumb Code    34  delay.o(i.delay_us)
    ds18b20_read_bit                         0x0802c83d   Thumb Code    74  ds18b20.o(i.ds18b20_read_bit)
    ds18b20_write_one                        0x0802c88d   Thumb Code    42  ds18b20.o(i.ds18b20_write_one)
    ds18b20_write_zero                       0x0802c8bd   Thumb Code    42  ds18b20.o(i.ds18b20_write_zero)
    fputc                                    0x0802c8ed   Thumb Code    28  usart.o(i.fputc)
    main                                     0x0802c90d   Thumb Code   292  main.o(i.main)
    print_FEATURE                            0x0802ca65   Thumb Code   348  eigenvalue calculation.o(i.print_FEATURE)
    print_g_data                             0x0802cd81   Thumb Code    52  eigenvalue calculation.o(i.print_g_data)
    UARTPrescTable                           0x0802d130   Data          24  stm32h7xx_hal_uart.o(.constdata)
    D1CorePrescTable                         0x0802d158   Data          16  system_stm32h7xx.o(.constdata)
    armBitRevIndexTable1024                  0x0802d168   Data        3600  arm_common_tables.o(.rodata.armBitRevIndexTable1024)
    armBitRevIndexTable128                   0x0802df78   Data         416  arm_common_tables.o(.rodata.armBitRevIndexTable128)
    armBitRevIndexTable16                    0x0802e118   Data          40  arm_common_tables.o(.rodata.armBitRevIndexTable16)
    armBitRevIndexTable2048                  0x0802e140   Data        7616  arm_common_tables.o(.rodata.armBitRevIndexTable2048)
    armBitRevIndexTable256                   0x0802ff00   Data         880  arm_common_tables.o(.rodata.armBitRevIndexTable256)
    armBitRevIndexTable32                    0x08030270   Data          96  arm_common_tables.o(.rodata.armBitRevIndexTable32)
    armBitRevIndexTable4096                  0x080302d0   Data        8064  arm_common_tables.o(.rodata.armBitRevIndexTable4096)
    armBitRevIndexTable512                   0x08032250   Data         896  arm_common_tables.o(.rodata.armBitRevIndexTable512)
    arm_cfft_sR_f32_len4096                  0x080325d0   Data          16  arm_const_structs.o(.rodata.arm_cfft_sR_f32_len4096)
    twiddleCoef_1024                         0x080325e0   Data        8192  arm_common_tables.o(.rodata.twiddleCoef_1024)
    twiddleCoef_128                          0x080345e0   Data        1024  arm_common_tables.o(.rodata.twiddleCoef_128)
    twiddleCoef_16                           0x080349e0   Data         128  arm_common_tables.o(.rodata.twiddleCoef_16)
    twiddleCoef_2048                         0x08034a60   Data       16384  arm_common_tables.o(.rodata.twiddleCoef_2048)
    twiddleCoef_256                          0x08038a60   Data        2048  arm_common_tables.o(.rodata.twiddleCoef_256)
    twiddleCoef_32                           0x08039260   Data         256  arm_common_tables.o(.rodata.twiddleCoef_32)
    twiddleCoef_4096                         0x08039360   Data       32768  arm_common_tables.o(.rodata.twiddleCoef_4096)
    twiddleCoef_512                          0x08041360   Data        4096  arm_common_tables.o(.rodata.twiddleCoef_512)
    twiddleCoef_rfft_1024                    0x08042360   Data        4096  arm_common_tables.o(.rodata.twiddleCoef_rfft_1024)
    twiddleCoef_rfft_2048                    0x08043360   Data        8192  arm_common_tables.o(.rodata.twiddleCoef_rfft_2048)
    twiddleCoef_rfft_256                     0x08045360   Data        1024  arm_common_tables.o(.rodata.twiddleCoef_rfft_256)
    twiddleCoef_rfft_32                      0x08045760   Data         128  arm_common_tables.o(.rodata.twiddleCoef_rfft_32)
    twiddleCoef_rfft_4096                    0x080457e0   Data       16384  arm_common_tables.o(.rodata.twiddleCoef_rfft_4096)
    twiddleCoef_rfft_512                     0x080497e0   Data        2048  arm_common_tables.o(.rodata.twiddleCoef_rfft_512)
    twiddleCoef_rfft_64                      0x08049fe0   Data         256  arm_common_tables.o(.rodata.twiddleCoef_rfft_64)
    Region$$Table$$Base                      0x0804a0e0   Number         0  anon$$obj.o(Region$$Table)
    Region$$Table$$Limit                     0x0804a100   Number         0  anon$$obj.o(Region$$Table)
    ADC_Buffer_Z                             0x24000000   Data       16384  main.o(.ARM.__at_0x24000000)
    ADC_Buffer_XY                            0x24004000   Data       32768  main.o(.ARM.__at_0x24004000)
    Tx_Wave_Buffer_Z                         0x2400c000   Data       16384  main.o(.ARM.__at_0x2400C000)
    rx_dma_buf                               0x24010000   Data         512  main.o(.ARM.__at_0x24010000)
    rx_frame_buf                             0x24010200   Data         512  main.o(.ARM.__at_0x24010200)
    rx_frame_len                             0x24010400   Data           2  main.o(.data)
    rx_frame_ready                           0x24010402   Data           1  main.o(.data)
    LOCAL_DEVICE_ADDR                        0x24010403   Data           1  main.o(.data)
    g_cfg_freq_hz                            0x24010404   Data           2  main.o(.data)
    g_cfg_points                             0x24010406   Data           2  main.o(.data)
    wave_points                              0x24010408   Data           2  main.o(.data)
    device_config                            0x2401040a   Data           6  main.o(.data)
    Temp                                     0x24010410   Data           4  main.o(.data)
    temp_timer                               0x24010414   Data           4  main.o(.data)
    temp_state                               0x24010418   Data           1  main.o(.data)
    z_buffer_state                           0x24010419   Data           1  main.o(.data)
    xy_buffer_state                          0x2401041a   Data           1  main.o(.data)
    z_data_ready_flag                        0x2401041b   Data           1  main.o(.data)
    xy_data_ready_flag                       0x2401041c   Data           1  main.o(.data)
    uwTick                                   0x24010424   Data           4  stm32h7xx_hal.o(.data)
    uwTickPrio                               0x24010428   Data           4  stm32h7xx_hal.o(.data)
    uwTickFreq                               0x2401042c   Data           1  stm32h7xx_hal.o(.data)
    SystemCoreClock                          0x24010430   Data           4  system_stm32h7xx.o(.data)
    SystemD2Clock                            0x24010434   Data           4  system_stm32h7xx.o(.data)
    g_z_offset_g                             0x24010438   Data           4  eigenvalue calculation.o(.data)
    fr                                       0x2401043c   Data           4  eigenvalue calculation.o(.data)
    g_tx_busy                                0x24010448   Data           1  modbus_rtu.o(.data)
    __stdout                                 0x24010488   Data           4  stdout.o(.data)
    Process_Buffer_Z                         0x2401049c   Data        8192  main.o(.bss)
    Process_Buffer_XY                        0x2401249c   Data       16384  main.o(.bss)
    g_data_x                                 0x2401649c   Data       16384  main.o(.bss)
    g_data_y                                 0x2401a49c   Data       16384  main.o(.bss)
    g_data_z                                 0x2401e49c   Data       16384  main.o(.bss)
    X_data                                   0x2402249c   Data          36  main.o(.bss)
    Y_data                                   0x240224c0   Data          36  main.o(.bss)
    Z_data                                   0x240224e4   Data          36  main.o(.bss)
    hadc1                                    0x24022508   Data         112  adc.o(.bss)
    hadc2                                    0x24022578   Data         112  adc.o(.bss)
    hdma_adc1                                0x240225e8   Data         120  adc.o(.bss)
    hdma_adc2                                0x24022660   Data         120  adc.o(.bss)
    htim2                                    0x240226d8   Data          76  tim.o(.bss)
    htim3                                    0x24022724   Data          76  tim.o(.bss)
    huart3                                   0x24022770   Data         148  usart.o(.bss)
    hdma_usart3_rx                           0x24022804   Data         120  usart.o(.bss)
    hdma_usart3_tx                           0x2402287c   Data         120  usart.o(.bss)
    pFlash                                   0x240228f4   Data          28  stm32h7xx_hal_flash.o(.bss)
    uid_me                                   0x2402a928   Data          12  modbus_rtu.o(.bss)
    __initial_sp                             0x2402af20   Data           0  startup_stm32h723xx.o(STACK)



==============================================================================

Memory Map of the image

  Image Entry point : 0x080202cd

  Load Region LR_IROM1 (Base: 0x08020000, Size: 0x0003a590, Max: 0x00060000, ABSOLUTE, COMPRESSED[0x0002a320])

    Execution Region ER_IROM1 (Exec base: 0x08020000, Load base: 0x08020000, Size: 0x0002a100, Max: 0x00060000, ABSOLUTE)

    Exec Addr    Load Addr    Size         Type   Attr      Idx    E Section Name        Object

    0x08020000   0x08020000   0x000002cc   Data   RO            3    RESET               startup_stm32h723xx.o
    0x080202cc   0x080202cc   0x00000000   Code   RO         6161  * .ARM.Collect$$$$00000000  mc_w.l(entry.o)
    0x080202cc   0x080202cc   0x00000004   Code   RO         6435    .ARM.Collect$$$$00000001  mc_w.l(entry2.o)
    0x080202d0   0x080202d0   0x00000004   Code   RO         6438    .ARM.Collect$$$$00000004  mc_w.l(entry5.o)
    0x080202d4   0x080202d4   0x00000000   Code   RO         6440    .ARM.Collect$$$$00000008  mc_w.l(entry7b.o)
    0x080202d4   0x080202d4   0x00000000   Code   RO         6442    .ARM.Collect$$$$0000000A  mc_w.l(entry8b.o)
    0x080202d4   0x080202d4   0x00000008   Code   RO         6443    .ARM.Collect$$$$0000000B  mc_w.l(entry9a.o)
    0x080202dc   0x080202dc   0x00000004   Code   RO         6450    .ARM.Collect$$$$0000000E  mc_w.l(entry12b.o)
    0x080202e0   0x080202e0   0x00000000   Code   RO         6445    .ARM.Collect$$$$0000000F  mc_w.l(entry10a.o)
    0x080202e0   0x080202e0   0x00000000   Code   RO         6447    .ARM.Collect$$$$00000011  mc_w.l(entry11a.o)
    0x080202e0   0x080202e0   0x00000004   Code   RO         6436    .ARM.Collect$$$$00002712  mc_w.l(entry2.o)
    0x080202e4   0x080202e4   0x00000024   Code   RO            4    .text               startup_stm32h723xx.o
    0x08020308   0x08020308   0x00000062   Code   RO         6164    .text               mc_w.l(uldiv.o)
    0x0802036a   0x0802036a   0x00000024   Code   RO         6166    .text               mc_w.l(memcpya.o)
    0x0802038e   0x0802038e   0x00000024   Code   RO         6168    .text               mc_w.l(memseta.o)
    0x080203b2   0x080203b2   0x0000001a   Code   RO         6170    .text               mc_w.l(memcmp.o)
    0x080203cc   0x080203cc   0x0000002c   Code   RO         6452    .text               mc_w.l(uidiv.o)
    0x080203f8   0x080203f8   0x0000001e   Code   RO         6454    .text               mc_w.l(llshl.o)
    0x08020416   0x08020416   0x00000020   Code   RO         6456    .text               mc_w.l(llushr.o)
    0x08020436   0x08020436   0x00000000   Code   RO         6465    .text               mc_w.l(iusefp.o)
    0x08020436   0x08020436   0x0000014e   Code   RO         6466    .text               mf_w.l(dadd.o)
    0x08020584   0x08020584   0x000000e4   Code   RO         6468    .text               mf_w.l(dmul.o)
    0x08020668   0x08020668   0x000000de   Code   RO         6470    .text               mf_w.l(ddiv.o)
    0x08020746   0x08020746   0x00000030   Code   RO         6472    .text               mf_w.l(dfixul.o)
    0x08020776   0x08020776   0x00000002   PAD
    0x08020778   0x08020778   0x00000030   Code   RO         6474    .text               mf_w.l(cdrcmple.o)
    0x080207a8   0x080207a8   0x00000024   Code   RO         6476    .text               mc_w.l(init.o)
    0x080207cc   0x080207cc   0x00000024   Code   RO         6478    .text               mc_w.l(llsshr.o)
    0x080207f0   0x080207f0   0x000000ba   Code   RO         6480    .text               mf_w.l(depilogue.o)
    0x080208aa   0x080208aa   0x00000056   Code   RO         6490    .text               mc_w.l(__dczerorl2.o)
    0x08020900   0x08020900   0x0000004c   Code   RO         6032    .text.arm_bitreversal_32  arm_cortexM7lfsp_math.lib(arm_bitreversal2.o)
    0x0802094c   0x0802094c   0x000000dc   Code   RO         5935    .text.arm_cfft_f32  arm_cortexM7lfsp_math.lib(arm_cfft_f32.o)
    0x08020a28   0x08020a28   0x0000017e   Code   RO         5931    .text.arm_cfft_radix8by2_f32  arm_cortexM7lfsp_math.lib(arm_cfft_f32.o)
    0x08020ba6   0x08020ba6   0x00000002   PAD
    0x08020ba8   0x08020ba8   0x000003dc   Code   RO         5933    .text.arm_cfft_radix8by4_f32  arm_cortexM7lfsp_math.lib(arm_cfft_f32.o)
    0x08020f84   0x08020f84   0x00000138   Code   RO         5920    .text.arm_cmplx_mag_f32  arm_cortexM7lfsp_math.lib(arm_cmplx_mag_f32.o)
    0x080210bc   0x080210bc   0x00000524   Code   RO         6045    .text.arm_radix8_butterfly_f32  arm_cortexM7lfsp_math.lib(arm_cfft_radix8_f32.o)
    0x080215e0   0x080215e0   0x0000003c   Code   RO         5956    .text.arm_rfft_1024_fast_init_f32  arm_cortexM7lfsp_math.lib(arm_rfft_fast_init_f32.o)
    0x0802161c   0x0802161c   0x0000003c   Code   RO         5958    .text.arm_rfft_2048_fast_init_f32  arm_cortexM7lfsp_math.lib(arm_rfft_fast_init_f32.o)
    0x08021658   0x08021658   0x00000038   Code   RO         5952    .text.arm_rfft_256_fast_init_f32  arm_cortexM7lfsp_math.lib(arm_rfft_fast_init_f32.o)
    0x08021690   0x08021690   0x00000036   Code   RO         5946    .text.arm_rfft_32_fast_init_f32  arm_cortexM7lfsp_math.lib(arm_rfft_fast_init_f32.o)
    0x080216c6   0x080216c6   0x0000003c   Code   RO         5960    .text.arm_rfft_4096_fast_init_f32  arm_cortexM7lfsp_math.lib(arm_rfft_fast_init_f32.o)
    0x08021702   0x08021702   0x0000003c   Code   RO         5954    .text.arm_rfft_512_fast_init_f32  arm_cortexM7lfsp_math.lib(arm_rfft_fast_init_f32.o)
    0x0802173e   0x0802173e   0x00000036   Code   RO         5948    .text.arm_rfft_64_fast_init_f32  arm_cortexM7lfsp_math.lib(arm_rfft_fast_init_f32.o)
    0x08021774   0x08021774   0x0000007e   Code   RO         5962    .text.arm_rfft_fast_init_f32  arm_cortexM7lfsp_math.lib(arm_rfft_fast_init_f32.o)
    0x080217f2   0x080217f2   0x00000002   PAD
    0x080217f4   0x080217f4   0x0000000c   Code   RO         5689    i.ACQ_GetFreqHz     app_acq.o
    0x08021800   0x08021800   0x00000064   Code   RO         5691    i.ACQ_Init          app_acq.o
    0x08021864   0x08021864   0x0000003c   Code   RO         5692    i.ACQ_SetFreqHz     app_acq.o
    0x080218a0   0x080218a0   0x00000130   Code   RO          682    i.ADC_ConfigureBoostMode  stm32h7xx_hal_adc.o
    0x080219d0   0x080219d0   0x00000092   Code   RO          684    i.ADC_DMAConvCplt   stm32h7xx_hal_adc.o
    0x08021a62   0x08021a62   0x0000001e   Code   RO          685    i.ADC_DMAError      stm32h7xx_hal_adc.o
    0x08021a80   0x08021a80   0x0000000e   Code   RO          686    i.ADC_DMAHalfConvCplt  stm32h7xx_hal_adc.o
    0x08021a8e   0x08021a8e   0x00000002   PAD
    0x08021a90   0x08021a90   0x00000094   Code   RO          687    i.ADC_Disable       stm32h7xx_hal_adc.o
    0x08021b24   0x08021b24   0x000000cc   Code   RO          688    i.ADC_Enable        stm32h7xx_hal_adc.o
    0x08021bf0   0x08021bf0   0x00000018   Code   RO          526    i.ADC_IRQHandler    stm32h7xx_it.o
    0x08021c08   0x08021c08   0x00000058   Code   RO           13    i.App_ConfigInit    main.o
    0x08021c60   0x08021c60   0x00000004   Code   RO          527    i.BusFault_Handler  stm32h7xx_it.o
    0x08021c64   0x08021c64   0x0000004c   Code   RO         5767    i.CALIBRATION_Config_SendAck  modbus_rtu.o
    0x08021cb0   0x08021cb0   0x00000170   Code   RO         5508    i.Calc_Envelope_Z   eigenvalue calculation.o
    0x08021e20   0x08021e20   0x00000138   Code   RO         5509    i.Calc_FreqDomain_Z  eigenvalue calculation.o
    0x08021f58   0x08021f58   0x00000014   Code   RO         5510    i.Calc_Init         eigenvalue calculation.o
    0x08021f6c   0x08021f6c   0x00000124   Code   RO         5511    i.Calc_TimeDomain_Only  eigenvalue calculation.o
    0x08022090   0x08022090   0x0000004c   Code   RO         5768    i.Cfg_SendAck       modbus_rtu.o
    0x080220dc   0x080220dc   0x0000003c   Code   RO         5769    i.Config_ParseAndApply_Freq  modbus_rtu.o
    0x08022118   0x08022118   0x00000040   Code   RO         5770    i.Config_ParseAndApply_Point  modbus_rtu.o
    0x08022158   0x08022158   0x000000f0   Code   RO         5696    i.Config_Timer      app_acq.o
    0x08022248   0x08022248   0x00000010   Code   RO          528    i.DMA1_Stream0_IRQHandler  stm32h7xx_it.o
    0x08022258   0x08022258   0x00000010   Code   RO          529    i.DMA1_Stream1_IRQHandler  stm32h7xx_it.o
    0x08022268   0x08022268   0x00000010   Code   RO          530    i.DMA2_Stream0_IRQHandler  stm32h7xx_it.o
    0x08022278   0x08022278   0x00000010   Code   RO          531    i.DMA2_Stream1_IRQHandler  stm32h7xx_it.o
    0x08022288   0x08022288   0x000000ec   Code   RO         1948    i.DMA_CalcBaseAndBitshift  stm32h7xx_hal_dma.o
    0x08022374   0x08022374   0x000000c4   Code   RO         1949    i.DMA_CalcDMAMUXChannelBaseAndMask  stm32h7xx_hal_dma.o
    0x08022438   0x08022438   0x00000098   Code   RO         1950    i.DMA_CalcDMAMUXRequestGenBaseAndMask  stm32h7xx_hal_dma.o
    0x080224d0   0x080224d0   0x000000ae   Code   RO         1951    i.DMA_CheckFifoParam  stm32h7xx_hal_dma.o
    0x0802257e   0x0802257e   0x00000002   PAD
    0x08022580   0x08022580   0x00000274   Code   RO         1952    i.DMA_SetConfig     stm32h7xx_hal_dma.o
    0x080227f4   0x080227f4   0x00000002   Code   RO          532    i.DebugMon_Handler  stm32h7xx_it.o
    0x080227f6   0x080227f6   0x00000002   PAD
    0x080227f8   0x080227f8   0x00000028   Code   RO         5362    i.Delay_Init        delay.o
    0x08022820   0x08022820   0x0000000c   Code   RO         5399    i.Ds18b20_Init      ds18b20.o
    0x0802282c   0x0802282c   0x00000022   Code   RO         5400    i.Ds18b20_Read_Byte  ds18b20.o
    0x0802284e   0x0802284e   0x0000002c   Code   RO         5401    i.Ds18b20_Read_Result  ds18b20.o
    0x0802287a   0x0802287a   0x00000002   PAD
    0x0802287c   0x0802287c   0x00000094   Code   RO         5402    i.Ds18b20_Rst       ds18b20.o
    0x08022910   0x08022910   0x00000014   Code   RO         5403    i.Ds18b20_Start     ds18b20.o
    0x08022924   0x08022924   0x00000028   Code   RO         5404    i.Ds18b20_Write_Byte  ds18b20.o
    0x0802294c   0x0802294c   0x000000b4   Code   RO         5512    i.Eigen_Separate_And_Convert  eigenvalue calculation.o
    0x08022a00   0x08022a00   0x00000006   Code   RO           14    i.Error_Handler     main.o
    0x08022a06   0x08022a06   0x00000002   PAD
    0x08022a08   0x08022a08   0x00000030   Code   RO         1624    i.FLASH_Erase_Sector  stm32h7xx_hal_flash_ex.o
    0x08022a38   0x08022a38   0x0000002c   Code   RO         1625    i.FLASH_MassErase   stm32h7xx_hal_flash_ex.o
    0x08022a64   0x08022a64   0x00000084   Code   RO         1516    i.FLASH_WaitForLastOperation  stm32h7xx_hal_flash.o
    0x08022ae8   0x08022ae8   0x00000010   Code   RO         5772    i.Flash_ClearErrors  modbus_rtu.o
    0x08022af8   0x08022af8   0x00000064   Code   RO         5605    i.Flash_ProgramWholeConfig  flash.o
    0x08022b5c   0x08022b5c   0x0000002c   Code   RO         5606    i.Flash_ReadConfig  flash.o
    0x08022b88   0x08022b88   0x00000064   Code   RO         5609    i.Flash_ReadWholeConfig  flash.o
    0x08022bec   0x08022bec   0x00000020   Code   RO         5610    i.Flash_SetOTAInfo  flash.o
    0x08022c0c   0x08022c0c   0x0000001e   Code   RO         5611    i.Flash_UpdateFreq  flash.o
    0x08022c2a   0x08022c2a   0x0000001e   Code   RO         5612    i.Flash_UpdatePoints  flash.o
    0x08022c48   0x08022c48   0x00000026   Code   RO         5613    i.Flash_WriteConfig  flash.o
    0x08022c6e   0x08022c6e   0x0000001e   Code   RO         5614    i.Flash_WriteDeviceAddr  flash.o
    0x08022c8c   0x08022c8c   0x000000b8   Code   RO          959    i.HAL_ADCEx_Calibration_Start  stm32h7xx_hal_adc_ex.o
    0x08022d44   0x08022d44   0x00000002   Code   RO          963    i.HAL_ADCEx_EndOfSamplingCallback  stm32h7xx_hal_adc_ex.o
    0x08022d46   0x08022d46   0x00000002   Code   RO          966    i.HAL_ADCEx_InjectedConvCpltCallback  stm32h7xx_hal_adc_ex.o
    0x08022d48   0x08022d48   0x00000002   Code   RO          969    i.HAL_ADCEx_InjectedQueueOverflowCallback  stm32h7xx_hal_adc_ex.o
    0x08022d4a   0x08022d4a   0x00000002   Code   RO          974    i.HAL_ADCEx_LevelOutOfWindow2Callback  stm32h7xx_hal_adc_ex.o
    0x08022d4c   0x08022d4c   0x00000002   Code   RO          975    i.HAL_ADCEx_LevelOutOfWindow3Callback  stm32h7xx_hal_adc_ex.o
    0x08022d4e   0x08022d4e   0x00000002   PAD
    0x08022d50   0x08022d50   0x00000164   Code   RO          979    i.HAL_ADCEx_MultiModeConfigChannel  stm32h7xx_hal_adc_ex.o
    0x08022eb4   0x08022eb4   0x00000790   Code   RO          690    i.HAL_ADC_ConfigChannel  stm32h7xx_hal_adc.o
    0x08023644   0x08023644   0x0000005c   Code   RO           15    i.HAL_ADC_ConvCpltCallback  main.o
    0x080236a0   0x080236a0   0x0000005c   Code   RO           16    i.HAL_ADC_ConvHalfCpltCallback  main.o
    0x080236fc   0x080236fc   0x00000002   Code   RO          694    i.HAL_ADC_ErrorCallback  stm32h7xx_hal_adc.o
    0x080236fe   0x080236fe   0x00000002   PAD
    0x08023700   0x08023700   0x00000358   Code   RO          698    i.HAL_ADC_IRQHandler  stm32h7xx_hal_adc.o
    0x08023a58   0x08023a58   0x00000340   Code   RO          699    i.HAL_ADC_Init      stm32h7xx_hal_adc.o
    0x08023d98   0x08023d98   0x00000002   Code   RO          700    i.HAL_ADC_LevelOutOfWindowCallback  stm32h7xx_hal_adc.o
    0x08023d9a   0x08023d9a   0x00000002   PAD
    0x08023d9c   0x08023d9c   0x000001d8   Code   RO          330    i.HAL_ADC_MspInit   adc.o
    0x08023f74   0x08023f74   0x00000170   Code   RO          706    i.HAL_ADC_Start_DMA  stm32h7xx_hal_adc.o
    0x080240e4   0x080240e4   0x000004dc   Code   RO         1953    i.HAL_DMA_Abort     stm32h7xx_hal_dma.o
    0x080245c0   0x080245c0   0x00000398   Code   RO         1954    i.HAL_DMA_Abort_IT  stm32h7xx_hal_dma.o
    0x08024958   0x08024958   0x00000006   Code   RO         1956    i.HAL_DMA_GetError  stm32h7xx_hal_dma.o
    0x0802495e   0x0802495e   0x00000002   PAD
    0x08024960   0x08024960   0x00000af8   Code   RO         1958    i.HAL_DMA_IRQHandler  stm32h7xx_hal_dma.o
    0x08025458   0x08025458   0x00000514   Code   RO         1959    i.HAL_DMA_Init      stm32h7xx_hal_dma.o
    0x0802596c   0x0802596c   0x000003e0   Code   RO         1963    i.HAL_DMA_Start_IT  stm32h7xx_hal_dma.o
    0x08025d4c   0x08025d4c   0x00000028   Code   RO         2808    i.HAL_Delay         stm32h7xx_hal.o
    0x08025d74   0x08025d74   0x000000d4   Code   RO         1646    i.HAL_FLASHEx_Erase  stm32h7xx_hal_flash_ex.o
    0x08025e48   0x08025e48   0x00000024   Code   RO         1520    i.HAL_FLASH_Lock    stm32h7xx_hal_flash.o
    0x08025e6c   0x08025e6c   0x000000ec   Code   RO         1525    i.HAL_FLASH_Program  stm32h7xx_hal_flash.o
    0x08025f58   0x08025f58   0x00000034   Code   RO         1527    i.HAL_FLASH_Unlock  stm32h7xx_hal_flash.o
    0x08025f8c   0x08025f8c   0x000001f0   Code   RO         1801    i.HAL_GPIO_Init     stm32h7xx_hal_gpio.o
    0x0802617c   0x0802617c   0x00000010   Code   RO         1803    i.HAL_GPIO_ReadPin  stm32h7xx_hal_gpio.o
    0x0802618c   0x0802618c   0x0000000c   Code   RO         1805    i.HAL_GPIO_WritePin  stm32h7xx_hal_gpio.o
    0x08026198   0x08026198   0x0000000c   Code   RO         2824    i.HAL_GetTick       stm32h7xx_hal.o
    0x080261a4   0x080261a4   0x0000000c   Code   RO         2827    i.HAL_GetUIDw0      stm32h7xx_hal.o
    0x080261b0   0x080261b0   0x0000000c   Code   RO         2828    i.HAL_GetUIDw1      stm32h7xx_hal.o
    0x080261bc   0x080261bc   0x0000000c   Code   RO         2829    i.HAL_GetUIDw2      stm32h7xx_hal.o
    0x080261c8   0x080261c8   0x00000018   Code   RO         2830    i.HAL_IncTick       stm32h7xx_hal.o
    0x080261e0   0x080261e0   0x00000060   Code   RO         2831    i.HAL_Init          stm32h7xx_hal.o
    0x08026240   0x08026240   0x00000058   Code   RO         2832    i.HAL_InitTick      stm32h7xx_hal.o
    0x08026298   0x08026298   0x0000005c   Code   RO         2644    i.HAL_MPU_ConfigRegion  stm32h7xx_hal_cortex.o
    0x080262f4   0x080262f4   0x0000002c   Code   RO         2645    i.HAL_MPU_Disable   stm32h7xx_hal_cortex.o
    0x08026320   0x08026320   0x00000040   Code   RO         2647    i.HAL_MPU_Enable    stm32h7xx_hal_cortex.o
    0x08026360   0x08026360   0x00000024   Code   RO          654    i.HAL_MspInit       stm32h7xx_hal_msp.o
    0x08026384   0x08026384   0x00000028   Code   RO         2651    i.HAL_NVIC_EnableIRQ  stm32h7xx_hal_cortex.o
    0x080263ac   0x080263ac   0x0000007a   Code   RO         2657    i.HAL_NVIC_SetPriority  stm32h7xx_hal_cortex.o
    0x08026426   0x08026426   0x00000002   PAD
    0x08026428   0x08026428   0x00000028   Code   RO         2658    i.HAL_NVIC_SetPriorityGrouping  stm32h7xx_hal_cortex.o
    0x08026450   0x08026450   0x00000044   Code   RO         2659    i.HAL_NVIC_SystemReset  stm32h7xx_hal_cortex.o
    0x08026494   0x08026494   0x00000060   Code   RO         2402    i.HAL_PWREx_ConfigSupply  stm32h7xx_hal_pwr_ex.o
    0x080264f4   0x080264f4   0x00000024   Code   RO         1344    i.HAL_RCCEx_GetD3PCLK1Freq  stm32h7xx_hal_rcc_ex.o
    0x08026518   0x08026518   0x00000230   Code   RO         1345    i.HAL_RCCEx_GetPLL1ClockFreq  stm32h7xx_hal_rcc_ex.o
    0x08026748   0x08026748   0x00000230   Code   RO         1346    i.HAL_RCCEx_GetPLL2ClockFreq  stm32h7xx_hal_rcc_ex.o
    0x08026978   0x08026978   0x00000230   Code   RO         1347    i.HAL_RCCEx_GetPLL3ClockFreq  stm32h7xx_hal_rcc_ex.o
    0x08026ba8   0x08026ba8   0x000007ac   Code   RO         1349    i.HAL_RCCEx_GetPeriphCLKFreq  stm32h7xx_hal_rcc_ex.o
    0x08027354   0x08027354   0x00000cc8   Code   RO         1353    i.HAL_RCCEx_PeriphCLKConfig  stm32h7xx_hal_rcc_ex.o
    0x0802801c   0x0802801c   0x00000320   Code   RO         1229    i.HAL_RCC_ClockConfig  stm32h7xx_hal_rcc.o
    0x0802833c   0x0802833c   0x0000004c   Code   RO         1234    i.HAL_RCC_GetHCLKFreq  stm32h7xx_hal_rcc.o
    0x08028388   0x08028388   0x00000024   Code   RO         1236    i.HAL_RCC_GetPCLK1Freq  stm32h7xx_hal_rcc.o
    0x080283ac   0x080283ac   0x00000024   Code   RO         1237    i.HAL_RCC_GetPCLK2Freq  stm32h7xx_hal_rcc.o
    0x080283d0   0x080283d0   0x0000022c   Code   RO         1238    i.HAL_RCC_GetSysClockFreq  stm32h7xx_hal_rcc.o
    0x080285fc   0x080285fc   0x0000075c   Code   RO         1241    i.HAL_RCC_OscConfig  stm32h7xx_hal_rcc.o
    0x08028d58   0x08028d58   0x00000034   Code   RO         2662    i.HAL_SYSTICK_Config  stm32h7xx_hal_cortex.o
    0x08028d8c   0x08028d8c   0x00000002   Code   RO         4474    i.HAL_TIMEx_Break2Callback  stm32h7xx_hal_tim_ex.o
    0x08028d8e   0x08028d8e   0x00000002   Code   RO         4475    i.HAL_TIMEx_BreakCallback  stm32h7xx_hal_tim_ex.o
    0x08028d90   0x08028d90   0x00000002   Code   RO         4476    i.HAL_TIMEx_CommutCallback  stm32h7xx_hal_tim_ex.o
    0x08028d92   0x08028d92   0x00000002   PAD
    0x08028d94   0x08028d94   0x000000e4   Code   RO         4497    i.HAL_TIMEx_MasterConfigSynchronization  stm32h7xx_hal_tim_ex.o
    0x08028e78   0x08028e78   0x0000006e   Code   RO         3749    i.HAL_TIM_Base_Init  stm32h7xx_hal_tim.o
    0x08028ee6   0x08028ee6   0x00000002   PAD
    0x08028ee8   0x08028ee8   0x00000078   Code   RO          411    i.HAL_TIM_Base_MspInit  tim.o
    0x08028f60   0x08028f60   0x000000c0   Code   RO         3752    i.HAL_TIM_Base_Start  stm32h7xx_hal_tim.o
    0x08029020   0x08029020   0x00000032   Code   RO         3755    i.HAL_TIM_Base_Stop  stm32h7xx_hal_tim.o
    0x08029052   0x08029052   0x00000002   PAD
    0x08029054   0x08029054   0x00000134   Code   RO         3758    i.HAL_TIM_ConfigClockSource  stm32h7xx_hal_tim.o
    0x08029188   0x08029188   0x00000002   Code   RO         3783    i.HAL_TIM_IC_CaptureCallback  stm32h7xx_hal_tim.o
    0x0802918a   0x0802918a   0x00000198   Code   RO         3797    i.HAL_TIM_IRQHandler  stm32h7xx_hal_tim.o
    0x08029322   0x08029322   0x00000002   Code   RO         3800    i.HAL_TIM_OC_DelayElapsedCallback  stm32h7xx_hal_tim.o
    0x08029324   0x08029324   0x00000002   Code   RO         3827    i.HAL_TIM_PWM_PulseFinishedCallback  stm32h7xx_hal_tim.o
    0x08029326   0x08029326   0x00000002   Code   RO         3835    i.HAL_TIM_PeriodElapsedCallback  stm32h7xx_hal_tim.o
    0x08029328   0x08029328   0x00000002   Code   RO         3840    i.HAL_TIM_TriggerCallback  stm32h7xx_hal_tim.o
    0x0802932a   0x0802932a   0x0000004e   Code   RO         5202    i.HAL_UARTEx_DisableFifoMode  stm32h7xx_hal_uart_ex.o
    0x08029378   0x08029378   0x00000002   Code   RO         4786    i.HAL_UARTEx_RxEventCallback  stm32h7xx_hal_uart.o
    0x0802937a   0x0802937a   0x00000002   Code   RO         5210    i.HAL_UARTEx_RxFifoFullCallback  stm32h7xx_hal_uart_ex.o
    0x0802937c   0x0802937c   0x0000005e   Code   RO         5211    i.HAL_UARTEx_SetRxFifoThreshold  stm32h7xx_hal_uart_ex.o
    0x080293da   0x080293da   0x0000005e   Code   RO         5212    i.HAL_UARTEx_SetTxFifoThreshold  stm32h7xx_hal_uart_ex.o
    0x08029438   0x08029438   0x00000002   Code   RO         5214    i.HAL_UARTEx_TxFifoEmptyCallback  stm32h7xx_hal_uart_ex.o
    0x0802943a   0x0802943a   0x00000002   Code   RO         5215    i.HAL_UARTEx_WakeupCallback  stm32h7xx_hal_uart_ex.o
    0x0802943c   0x0802943c   0x000000be   Code   RO         4798    i.HAL_UART_DMAStop  stm32h7xx_hal_uart.o
    0x080294fa   0x080294fa   0x00000002   Code   RO         4802    i.HAL_UART_ErrorCallback  stm32h7xx_hal_uart.o
    0x080294fc   0x080294fc   0x00000494   Code   RO         4805    i.HAL_UART_IRQHandler  stm32h7xx_hal_uart.o
    0x08029990   0x08029990   0x00000078   Code   RO         4806    i.HAL_UART_Init     stm32h7xx_hal_uart.o
    0x08029a08   0x08029a08   0x00000134   Code   RO          463    i.HAL_UART_MspInit  usart.o
    0x08029b3c   0x08029b3c   0x0000005c   Code   RO         4810    i.HAL_UART_Receive_DMA  stm32h7xx_hal_uart.o
    0x08029b98   0x08029b98   0x00000002   Code   RO         4813    i.HAL_UART_RxCpltCallback  stm32h7xx_hal_uart.o
    0x08029b9a   0x08029b9a   0x00000002   Code   RO         4814    i.HAL_UART_RxHalfCpltCallback  stm32h7xx_hal_uart.o
    0x08029b9c   0x08029b9c   0x000000c2   Code   RO         4815    i.HAL_UART_Transmit  stm32h7xx_hal_uart.o
    0x08029c5e   0x08029c5e   0x00000002   PAD
    0x08029c60   0x08029c60   0x000000a0   Code   RO         4816    i.HAL_UART_Transmit_DMA  stm32h7xx_hal_uart.o
    0x08029d00   0x08029d00   0x00000018   Code   RO           17    i.HAL_UART_TxCpltCallback  main.o
    0x08029d18   0x08029d18   0x00000002   Code   RO         4819    i.HAL_UART_TxHalfCpltCallback  stm32h7xx_hal_uart.o
    0x08029d1a   0x08029d1a   0x00000002   PAD
    0x08029d1c   0x08029d1c   0x00000108   Code   RO         5773    i.HandleSetAddr_Broadcast  modbus_rtu.o
    0x08029e24   0x08029e24   0x000000f0   Code   RO         5774    i.Handle_OTA_Data   modbus_rtu.o
    0x08029f14   0x08029f14   0x00000084   Code   RO         5775    i.Handle_OTA_End    modbus_rtu.o
    0x08029f98   0x08029f98   0x000000a4   Code   RO         5776    i.Handle_OTA_Start  modbus_rtu.o
    0x0802a03c   0x0802a03c   0x00000004   Code   RO          533    i.HardFault_Handler  stm32h7xx_it.o
    0x0802a040   0x0802a040   0x00000010   Code   RO          712    i.LL_ADC_Enable     stm32h7xx_hal_adc.o
    0x0802a050   0x0802a050   0x0000000a   Code   RO          713    i.LL_ADC_GetMultiDMATransfer  stm32h7xx_hal_adc.o
    0x0802a05a   0x0802a05a   0x0000000a   Code   RO          714    i.LL_ADC_GetMultimode  stm32h7xx_hal_adc.o
    0x0802a064   0x0802a064   0x00000012   Code   RO          715    i.LL_ADC_GetOffsetChannel  stm32h7xx_hal_adc.o
    0x0802a076   0x0802a076   0x0000000a   Code   RO          716    i.LL_ADC_INJ_IsConversionOngoing  stm32h7xx_hal_adc.o
    0x0802a080   0x0802a080   0x0000000a   Code   RO          717    i.LL_ADC_IsDisableOngoing  stm32h7xx_hal_adc.o
    0x0802a08a   0x0802a08a   0x0000000a   Code   RO          718    i.LL_ADC_IsEnabled  stm32h7xx_hal_adc.o
    0x0802a094   0x0802a094   0x0000000a   Code   RO          992    i.LL_ADC_IsEnabled  stm32h7xx_hal_adc_ex.o
    0x0802a09e   0x0802a09e   0x0000000a   Code   RO          719    i.LL_ADC_IsInternalRegulatorEnabled  stm32h7xx_hal_adc.o
    0x0802a0a8   0x0802a0a8   0x0000000a   Code   RO          720    i.LL_ADC_REG_IsConversionOngoing  stm32h7xx_hal_adc.o
    0x0802a0b2   0x0802a0b2   0x0000000a   Code   RO          993    i.LL_ADC_REG_IsConversionOngoing  stm32h7xx_hal_adc_ex.o
    0x0802a0bc   0x0802a0bc   0x00000012   Code   RO          721    i.LL_ADC_REG_IsTriggerSourceSWStart  stm32h7xx_hal_adc.o
    0x0802a0ce   0x0802a0ce   0x00000002   PAD
    0x0802a0d0   0x0802a0d0   0x00000010   Code   RO          722    i.LL_ADC_REG_StartConversion  stm32h7xx_hal_adc.o
    0x0802a0e0   0x0802a0e0   0x00000028   Code   RO          724    i.LL_ADC_SetChannelSamplingTime  stm32h7xx_hal_adc.o
    0x0802a108   0x0802a108   0x0000000c   Code   RO          725    i.LL_ADC_SetCommonPathInternalCh  stm32h7xx_hal_adc.o
    0x0802a114   0x0802a114   0x00000030   Code   RO          726    i.LL_ADC_SetOffsetState  stm32h7xx_hal_adc.o
    0x0802a144   0x0802a144   0x0000005e   Code   RO           18    i.MPU_Config        main.o
    0x0802a1a2   0x0802a1a2   0x00000002   PAD
    0x0802a1a4   0x0802a1a4   0x000000b4   Code   RO          331    i.MX_ADC1_Init      adc.o
    0x0802a258   0x0802a258   0x000000b4   Code   RO          332    i.MX_ADC2_Init      adc.o
    0x0802a30c   0x0802a30c   0x00000080   Code   RO          382    i.MX_DMA_Init       dma.o
    0x0802a38c   0x0802a38c   0x00000104   Code   RO          293    i.MX_GPIO_Init      gpio.o
    0x0802a490   0x0802a490   0x00000070   Code   RO          412    i.MX_TIM2_Init      tim.o
    0x0802a500   0x0802a500   0x00000074   Code   RO          413    i.MX_TIM3_Init      tim.o
    0x0802a574   0x0802a574   0x00000070   Code   RO          464    i.MX_USART3_UART_Init  usart.o
    0x0802a5e4   0x0802a5e4   0x00000004   Code   RO          534    i.MemManage_Handler  stm32h7xx_it.o
    0x0802a5e8   0x0802a5e8   0x0000003e   Code   RO         5777    i.Modbus_CRC16      modbus_rtu.o
    0x0802a626   0x0802a626   0x00000002   PAD
    0x0802a628   0x0802a628   0x0000002c   Code   RO         5406    i.Mode_Input        ds18b20.o
    0x0802a654   0x0802a654   0x00000030   Code   RO         5407    i.Mode_Output       ds18b20.o
    0x0802a684   0x0802a684   0x00000004   Code   RO          535    i.NMI_Handler       stm32h7xx_it.o
    0x0802a688   0x0802a688   0x00000030   Code   RO          465    i.On_IDLE           usart.o
    0x0802a6b8   0x0802a6b8   0x00000002   Code   RO          536    i.PendSV_Handler    stm32h7xx_it.o
    0x0802a6ba   0x0802a6ba   0x00000048   Code   RO           19    i.PeriphCommonClock_Config  main.o
    0x0802a702   0x0802a702   0x00000002   PAD
    0x0802a704   0x0802a704   0x00000060   Code   RO         5513    i.Process_Data      eigenvalue calculation.o
    0x0802a764   0x0802a764   0x000001a8   Code   RO         5778    i.Protocol_HandleRxFrame  modbus_rtu.o
    0x0802a90c   0x0802a90c   0x00000164   Code   RO         1356    i.RCCEx_PLL2_Config  stm32h7xx_hal_rcc_ex.o
    0x0802aa70   0x0802aa70   0x00000164   Code   RO         1357    i.RCCEx_PLL3_Config  stm32h7xx_hal_rcc_ex.o
    0x0802abd4   0x0802abd4   0x00000002   Code   RO          537    i.SVC_Handler       stm32h7xx_it.o
    0x0802abd6   0x0802abd6   0x00000002   PAD
    0x0802abd8   0x0802abd8   0x00000068   Code   RO           20    i.Start_ADC_DMA     main.o
    0x0802ac40   0x0802ac40   0x00000008   Code   RO          538    i.SysTick_Handler   stm32h7xx_it.o
    0x0802ac48   0x0802ac48   0x000000b4   Code   RO           22    i.SystemClock_Config  main.o
    0x0802acfc   0x0802acfc   0x000000e0   Code   RO         5326    i.SystemInit        system_stm32h7xx.o
    0x0802addc   0x0802addc   0x00000010   Code   RO          539    i.TIM2_IRQHandler   stm32h7xx_it.o
    0x0802adec   0x0802adec   0x00000010   Code   RO          540    i.TIM3_IRQHandler   stm32h7xx_it.o
    0x0802adfc   0x0802adfc   0x000000f0   Code   RO         3842    i.TIM_Base_SetConfig  stm32h7xx_hal_tim.o
    0x0802aeec   0x0802aeec   0x00000016   Code   RO         3853    i.TIM_ETR_SetConfig  stm32h7xx_hal_tim.o
    0x0802af02   0x0802af02   0x00000002   PAD
    0x0802af04   0x0802af04   0x00000018   Code   RO         3854    i.TIM_ITRx_SetConfig  stm32h7xx_hal_tim.o
    0x0802af1c   0x0802af1c   0x00000026   Code   RO         3862    i.TIM_TI1_ConfigInputStage  stm32h7xx_hal_tim.o
    0x0802af42   0x0802af42   0x00000028   Code   RO         3864    i.TIM_TI2_ConfigInputStage  stm32h7xx_hal_tim.o
    0x0802af6a   0x0802af6a   0x00000002   PAD
    0x0802af6c   0x0802af6c   0x0000005c   Code   RO         5409    i.Tempetature_GPIO_Init  ds18b20.o
    0x0802afc8   0x0802afc8   0x00000058   Code   RO         5216    i.UARTEx_SetNbDataToProcess  stm32h7xx_hal_uart_ex.o
    0x0802b020   0x0802b020   0x000000f8   Code   RO         4820    i.UART_AdvFeatureConfig  stm32h7xx_hal_uart.o
    0x0802b118   0x0802b118   0x000000ea   Code   RO         4821    i.UART_CheckIdleState  stm32h7xx_hal_uart.o
    0x0802b202   0x0802b202   0x00000018   Code   RO         4822    i.UART_DMAAbortOnError  stm32h7xx_hal_uart.o
    0x0802b21a   0x0802b21a   0x0000005e   Code   RO         4823    i.UART_DMAError     stm32h7xx_hal_uart.o
    0x0802b278   0x0802b278   0x000000ae   Code   RO         4824    i.UART_DMAReceiveCplt  stm32h7xx_hal_uart.o
    0x0802b326   0x0802b326   0x00000026   Code   RO         4826    i.UART_DMARxHalfCplt  stm32h7xx_hal_uart.o
    0x0802b34c   0x0802b34c   0x00000054   Code   RO         4828    i.UART_DMATransmitCplt  stm32h7xx_hal_uart.o
    0x0802b3a0   0x0802b3a0   0x0000000e   Code   RO         4830    i.UART_DMATxHalfCplt  stm32h7xx_hal_uart.o
    0x0802b3ae   0x0802b3ae   0x00000002   PAD
    0x0802b3b0   0x0802b3b0   0x0000006c   Code   RO         4832    i.UART_EndRxTransfer  stm32h7xx_hal_uart.o
    0x0802b41c   0x0802b41c   0x00000030   Code   RO         4833    i.UART_EndTransmit_IT  stm32h7xx_hal_uart.o
    0x0802b44c   0x0802b44c   0x00000040   Code   RO         4834    i.UART_EndTxTransfer  stm32h7xx_hal_uart.o
    0x0802b48c   0x0802b48c   0x00000628   Code   RO         4839    i.UART_SetConfig    stm32h7xx_hal_uart.o
    0x0802bab4   0x0802bab4   0x000000c8   Code   RO         4840    i.UART_Start_Receive_DMA  stm32h7xx_hal_uart.o
    0x0802bb7c   0x0802bb7c   0x000000ac   Code   RO         4846    i.UART_WaitOnFlagUntilTimeout  stm32h7xx_hal_uart.o
    0x0802bc28   0x0802bc28   0x00000046   Code   RO         5779    i.UID_Fill_BE_w0w1w2  modbus_rtu.o
    0x0802bc6e   0x0802bc6e   0x00000002   PAD
    0x0802bc70   0x0802bc70   0x00000014   Code   RO          541    i.USART3_IRQHandler  stm32h7xx_it.o
    0x0802bc84   0x0802bc84   0x0000013c   Code   RO          466    i.USAR_UART_IDLECallback  usart.o
    0x0802bdc0   0x0802bdc0   0x00000030   Code   RO           23    i.Uart3_RxStart     main.o
    0x0802bdf0   0x0802bdf0   0x00000004   Code   RO          542    i.UsageFault_Handler  stm32h7xx_it.o
    0x0802bdf4   0x0802bdf4   0x00000040   Code   RO         5514    i.XYcode_to_g       eigenvalue calculation.o
    0x0802be34   0x0802be34   0x00000054   Code   RO         5515    i.Z_Calib_Z_Upright_Neg1G  eigenvalue calculation.o
    0x0802be88   0x0802be88   0x00000020   Code   RO         6407    i.__0printf         mc_w.l(printfa.o)
    0x0802bea8   0x0802bea8   0x00000010   Code   RO         2664    i.__NVIC_GetPriorityGrouping  stm32h7xx_hal_cortex.o
    0x0802beb8   0x0802beb8   0x00000028   Code   RO         2665    i.__NVIC_SetPriority  stm32h7xx_hal_cortex.o
    0x0802bee0   0x0802bee0   0x0000003a   Code   RO         6149    i.__hardfp_sqrtf    m_wv.l(sqrtf.o)
    0x0802bf1a   0x0802bf1a   0x0000000e   Code   RO         6484    i.__scatterload_copy  mc_w.l(handlers.o)
    0x0802bf28   0x0802bf28   0x00000002   Code   RO         6485    i.__scatterload_null  mc_w.l(handlers.o)
    0x0802bf2a   0x0802bf2a   0x0000000e   Code   RO         6486    i.__scatterload_zeroinit  mc_w.l(handlers.o)
    0x0802bf38   0x0802bf38   0x0000000c   Code   RO         6460    i.__set_errno       mc_w.l(errno.o)
    0x0802bf44   0x0802bf44   0x00000184   Code   RO         6414    i._fp_digits        mc_w.l(printfa.o)
    0x0802c0c8   0x0802c0c8   0x000006b4   Code   RO         6415    i._printf_core      mc_w.l(printfa.o)
    0x0802c77c   0x0802c77c   0x00000024   Code   RO         6416    i._printf_post_padding  mc_w.l(printfa.o)
    0x0802c7a0   0x0802c7a0   0x0000002e   Code   RO         6417    i._printf_pre_padding  mc_w.l(printfa.o)
    0x0802c7ce   0x0802c7ce   0x0000003c   Code   RO         5615    i.crc16_modbus_local  flash.o
    0x0802c80a   0x0802c80a   0x00000002   PAD
    0x0802c80c   0x0802c80c   0x00000030   Code   RO         5363    i.delay_us          delay.o
    0x0802c83c   0x0802c83c   0x00000050   Code   RO         5410    i.ds18b20_read_bit  ds18b20.o
    0x0802c88c   0x0802c88c   0x00000030   Code   RO         5411    i.ds18b20_write_one  ds18b20.o
    0x0802c8bc   0x0802c8bc   0x00000030   Code   RO         5412    i.ds18b20_write_zero  ds18b20.o
    0x0802c8ec   0x0802c8ec   0x00000020   Code   RO          467    i.fputc             usart.o
    0x0802c90c   0x0802c90c   0x00000158   Code   RO           24    i.main              main.o
    0x0802ca64   0x0802ca64   0x0000031c   Code   RO         5516    i.print_FEATURE     eigenvalue calculation.o
    0x0802cd80   0x0802cd80   0x00000044   Code   RO         5517    i.print_g_data      eigenvalue calculation.o
    0x0802cdc4   0x0802cdc4   0x00000028   Code   RO         5781    i.put_be_f32        modbus_rtu.o
    0x0802cdec   0x0802cdec   0x0000000c   Code   RO         5782    i.rd_be16           modbus_rtu.o
    0x0802cdf8   0x0802cdf8   0x00000018   Code   RO         5783    i.rd_be32           modbus_rtu.o
    0x0802ce10   0x0802ce10   0x00000064   Code   RO         5784    i.send_discover_rsp  modbus_rtu.o
    0x0802ce74   0x0802ce74   0x00000184   Code   RO         5785    i.send_feature_pkt  modbus_rtu.o
    0x0802cff8   0x0802cff8   0x0000004c   Code   RO         5787    i.send_wave_ack     modbus_rtu.o
    0x0802d044   0x0802d044   0x000000b8   Code   RO         5788    i.send_wave_pkt     modbus_rtu.o
    0x0802d0fc   0x0802d0fc   0x0000002c   Code   RO         5789    i.uart3_send_dma    modbus_rtu.o
    0x0802d128   0x0802d128   0x00000008   Data   RO         1965    .constdata          stm32h7xx_hal_dma.o
    0x0802d130   0x0802d130   0x00000018   Data   RO         4847    .constdata          stm32h7xx_hal_uart.o
    0x0802d148   0x0802d148   0x00000010   Data   RO         5218    .constdata          stm32h7xx_hal_uart_ex.o
    0x0802d158   0x0802d158   0x00000010   Data   RO         5327    .constdata          system_stm32h7xx.o
    0x0802d168   0x0802d168   0x00000e10   Data   RO         6089    .rodata.armBitRevIndexTable1024  arm_cortexM7lfsp_math.lib(arm_common_tables.o)
    0x0802df78   0x0802df78   0x000001a0   Data   RO         6086    .rodata.armBitRevIndexTable128  arm_cortexM7lfsp_math.lib(arm_common_tables.o)
    0x0802e118   0x0802e118   0x00000028   Data   RO         6083    .rodata.armBitRevIndexTable16  arm_cortexM7lfsp_math.lib(arm_common_tables.o)
    0x0802e140   0x0802e140   0x00001dc0   Data   RO         6090    .rodata.armBitRevIndexTable2048  arm_cortexM7lfsp_math.lib(arm_common_tables.o)
    0x0802ff00   0x0802ff00   0x00000370   Data   RO         6087    .rodata.armBitRevIndexTable256  arm_cortexM7lfsp_math.lib(arm_common_tables.o)
    0x08030270   0x08030270   0x00000060   Data   RO         6084    .rodata.armBitRevIndexTable32  arm_cortexM7lfsp_math.lib(arm_common_tables.o)
    0x080302d0   0x080302d0   0x00001f80   Data   RO         6091    .rodata.armBitRevIndexTable4096  arm_cortexM7lfsp_math.lib(arm_common_tables.o)
    0x08032250   0x08032250   0x00000380   Data   RO         6088    .rodata.armBitRevIndexTable512  arm_cortexM7lfsp_math.lib(arm_common_tables.o)
    0x080325d0   0x080325d0   0x00000010   Data   RO         5981    .rodata.arm_cfft_sR_f32_len4096  arm_cortexM7lfsp_math.lib(arm_const_structs.o)
    0x080325e0   0x080325e0   0x00002000   Data   RO         6062    .rodata.twiddleCoef_1024  arm_cortexM7lfsp_math.lib(arm_common_tables.o)
    0x080345e0   0x080345e0   0x00000400   Data   RO         6059    .rodata.twiddleCoef_128  arm_cortexM7lfsp_math.lib(arm_common_tables.o)
    0x080349e0   0x080349e0   0x00000080   Data   RO         6056    .rodata.twiddleCoef_16  arm_cortexM7lfsp_math.lib(arm_common_tables.o)
    0x08034a60   0x08034a60   0x00004000   Data   RO         6063    .rodata.twiddleCoef_2048  arm_cortexM7lfsp_math.lib(arm_common_tables.o)
    0x08038a60   0x08038a60   0x00000800   Data   RO         6060    .rodata.twiddleCoef_256  arm_cortexM7lfsp_math.lib(arm_common_tables.o)
    0x08039260   0x08039260   0x00000100   Data   RO         6057    .rodata.twiddleCoef_32  arm_cortexM7lfsp_math.lib(arm_common_tables.o)
    0x08039360   0x08039360   0x00008000   Data   RO         6064    .rodata.twiddleCoef_4096  arm_cortexM7lfsp_math.lib(arm_common_tables.o)
    0x08041360   0x08041360   0x00001000   Data   RO         6061    .rodata.twiddleCoef_512  arm_cortexM7lfsp_math.lib(arm_common_tables.o)
    0x08042360   0x08042360   0x00001000   Data   RO         6106    .rodata.twiddleCoef_rfft_1024  arm_cortexM7lfsp_math.lib(arm_common_tables.o)
    0x08043360   0x08043360   0x00002000   Data   RO         6107    .rodata.twiddleCoef_rfft_2048  arm_cortexM7lfsp_math.lib(arm_common_tables.o)
    0x08045360   0x08045360   0x00000400   Data   RO         6104    .rodata.twiddleCoef_rfft_256  arm_cortexM7lfsp_math.lib(arm_common_tables.o)
    0x08045760   0x08045760   0x00000080   Data   RO         6101    .rodata.twiddleCoef_rfft_32  arm_cortexM7lfsp_math.lib(arm_common_tables.o)
    0x080457e0   0x080457e0   0x00004000   Data   RO         6108    .rodata.twiddleCoef_rfft_4096  arm_cortexM7lfsp_math.lib(arm_common_tables.o)
    0x080497e0   0x080497e0   0x00000800   Data   RO         6105    .rodata.twiddleCoef_rfft_512  arm_cortexM7lfsp_math.lib(arm_common_tables.o)
    0x08049fe0   0x08049fe0   0x00000100   Data   RO         6102    .rodata.twiddleCoef_rfft_64  arm_cortexM7lfsp_math.lib(arm_common_tables.o)
    0x0804a0e0   0x0804a0e0   0x00000020   Data   RO         6482    Region$$Table       anon$$obj.o


    Execution Region RW_IRAM1 (Exec base: 0x20000000, Load base: 0x0804a100, Size: 0x00000000, Max: 0x00020000, ABSOLUTE)

    **** No section assigned to this execution region ****


    Execution Region RW_IRAM2 (Exec base: 0x24000000, Load base: 0x0804a100, Size: 0x0002af20, Max: 0x00050000, ABSOLUTE, COMPRESSED[0x00000220])

    Exec Addr    Load Addr    Size         Type   Attr      Idx    E Section Name        Object

    0x24000000   COMPRESSED   0x00004000   Data   RW           25    .ARM.__at_0x24000000  main.o
    0x24004000   COMPRESSED   0x00008000   Data   RW           26    .ARM.__at_0x24004000  main.o
    0x2400c000   COMPRESSED   0x00004000   Data   RW           27    .ARM.__at_0x2400C000  main.o
    0x24010000   COMPRESSED   0x00000200   Data   RW           28    .ARM.__at_0x24010000  main.o
    0x24010200   COMPRESSED   0x00000200   Data   RW           29    .ARM.__at_0x24010200  main.o
    0x24010400   COMPRESSED   0x0000001d   Data   RW           31    .data               main.o
    0x2401041d   COMPRESSED   0x00000003   PAD
    0x24010420   COMPRESSED   0x00000004   Data   RW          334    .data               adc.o
    0x24010424   COMPRESSED   0x00000009   Data   RW         2855    .data               stm32h7xx_hal.o
    0x2401042d   COMPRESSED   0x00000003   PAD
    0x24010430   COMPRESSED   0x00000008   Data   RW         5328    .data               system_stm32h7xx.o
    0x24010438   COMPRESSED   0x00000008   Data   RW         5519    .data               eigenvalue calculation.o
    0x24010440   COMPRESSED   0x00000006   Data   RW         5697    .data               app_acq.o
    0x24010446   COMPRESSED   0x00000002   PAD
    0x24010448   COMPRESSED   0x00000040   Data   RW         5792    .data               modbus_rtu.o
    0x24010488   COMPRESSED   0x00000004   Data   RW         6451    .data               mc_w.l(stdout.o)
    0x2401048c   COMPRESSED   0x00000004   Data   RW         6461    .data               mc_w.l(errno.o)
    0x24010490        -       0x00012078   Zero   RW           30    .bss                main.o
    0x24022508        -       0x000001d0   Zero   RW          333    .bss                adc.o
    0x240226d8        -       0x00000098   Zero   RW          414    .bss                tim.o
    0x24022770        -       0x00000184   Zero   RW          468    .bss                usart.o
    0x240228f4        -       0x0000001c   Zero   RW         1528    .bss                stm32h7xx_hal_flash.o
    0x24022910        -       0x00008018   Zero   RW         5518    .bss                eigenvalue calculation.o
    0x2402a928        -       0x000001f4   Zero   RW         5791    .bss                modbus_rtu.o
    0x2402ab1c   COMPRESSED   0x00000004   PAD
    0x2402ab20        -       0x00000400   Zero   RW            1    STACK               startup_stm32h723xx.o


==============================================================================

Image component sizes


      Code (inc. data)   RO Data    RW Data    ZI Data      Debug   Object Name

       832         66          0          4        464       3070   adc.o
       412         46          0          6          0       3733   app_acq.o
        88         24          0          0          0       1008   delay.o
       128          6          0          0          0        966   dma.o
       658         44          0          0          0       7159   ds18b20.o
      2280        600          0          8      32792      10447   eigenvalue calculation.o
       464         14          0          0          0       7358   flash.o
       260         14          0          0          0       2463   gpio.o
      1144        180          0      66589      73848    1250446   main.o
      2516        156          0         64        500      17983   modbus_rtu.o
        36          8        716          0       1024        848   startup_stm32h723xx.o
       296         66          0          9          0      25414   stm32h7xx_hal.o
      5080        250          0          0          0      87634   stm32h7xx_hal_adc.o
       570         30          0          0          0      71758   stm32h7xx_hal_adc_ex.o
       578         48          0          0          0      43092   stm32h7xx_hal_cortex.o
      8656        164          8          0          0      14169   stm32h7xx_hal_dma.o
       456         40          0          0         28      13838   stm32h7xx_hal_flash.o
       304         22          0          0          0       2829   stm32h7xx_hal_flash_ex.o
       524         50          0          0          0       2943   stm32h7xx_hal_gpio.o
        36          4          0          0          0        958   stm32h7xx_hal_msp.o
        96          6          0          0          0        785   stm32h7xx_hal_pwr_ex.o
      3388        110          0          0          0       7016   stm32h7xx_hal_rcc.o
      7664        184          0          0          0      10779   stm32h7xx_hal_rcc_ex.o
      1442        102          0          0          0      11396   stm32h7xx_hal_tim.o
       234         38          0          0          0       3360   stm32h7xx_hal_tim_ex.o
      5016        184         24          0          0      41023   stm32h7xx_hal_uart.o
       360         10         16          0          0       5658   stm32h7xx_hal_uart_ex.o
       174         48          0          0          0       8419   stm32h7xx_it.o
       224         32         16          8          0       1446   system_stm32h7xx.o
       348         22          0          0        152       2583   tim.o
       816         80          0          0        388       5335   usart.o

    ----------------------------------------------------------------------
     45130       2648        812      66696     109200    1665916   Object Totals
         0          0         32          0          0          0   (incl. Generated)
        50          0          0          8          4          0   (incl. Padding)

    ----------------------------------------------------------------------

      Code (inc. data)   RO Data    RW Data    ZI Data      Debug   Library Member Name

        76          0          0          0          0       1250   arm_bitreversal2.o
      1590          0          0          0          0       6236   arm_cfft_f32.o
      1316          8          0          0          0       4910   arm_cfft_radix8_f32.o
       312          0          0          0          0       2017   arm_cmplx_mag_f32.o
         0          0     118632          0          0       4961   arm_common_tables.o
         0          0         16          0          0       3830   arm_const_structs.o
       530          0          0          0          0       3498   arm_rfft_fast_init_f32.o
        58          0          0          0          0        136   sqrtf.o
        86          0          0          0          0          0   __dczerorl2.o
         0          0          0          0          0          0   entry.o
         0          0          0          0          0          0   entry10a.o
         0          0          0          0          0          0   entry11a.o
         4          0          0          0          0          0   entry12b.o
         8          4          0          0          0          0   entry2.o
         4          0          0          0          0          0   entry5.o
         0          0          0          0          0          0   entry7b.o
         0          0          0          0          0          0   entry8b.o
         8          4          0          0          0          0   entry9a.o
        12          6          0          4          0         68   errno.o
        30          0          0          0          0          0   handlers.o
        36          8          0          0          0         68   init.o
         0          0          0          0          0          0   iusefp.o
        30          0          0          0          0         68   llshl.o
        36          0          0          0          0         68   llsshr.o
        32          0          0          0          0         68   llushr.o
        26          0          0          0          0         80   memcmp.o
        36          0          0          0          0         68   memcpya.o
        36          0          0          0          0        108   memseta.o
      2218         90          0          0          0        464   printfa.o
         0          0          0          4          0          0   stdout.o
        44          0          0          0          0         80   uidiv.o
        98          0          0          0          0         92   uldiv.o
        48          0          0          0          0         68   cdrcmple.o
       334          0          0          0          0        148   dadd.o
       222          0          0          0          0        100   ddiv.o
       186          0          0          0          0        176   depilogue.o
        48          0          0          0          0         68   dfixul.o
       228          0          0          0          0         96   dmul.o

    ----------------------------------------------------------------------
      7698        120     118648          8          0      28726   Library Totals
         6          0          0          0          0          0   (incl. Padding)

    ----------------------------------------------------------------------

      Code (inc. data)   RO Data    RW Data    ZI Data      Debug   Library Name

      3824          8     118648          0          0      26702   arm_cortexM7lfsp_math.lib
        58          0          0          0          0        136   m_wv.l
      2744        112          0          8          0       1232   mc_w.l
      1066          0          0          0          0        656   mf_w.l

    ----------------------------------------------------------------------
      7698        120     118648          8          0      28726   Library Totals

    ----------------------------------------------------------------------

==============================================================================


      Code (inc. data)   RO Data    RW Data    ZI Data      Debug   

     52828       2768     119460      66704     109200    1670626   Grand Totals
     52828       2768     119460        544     109200    1670626   ELF Image Totals (compressed)
     52828       2768     119460        544          0          0   ROM Totals

==============================================================================

    Total RO  Size (Code + RO Data)               172288 ( 168.25kB)
    Total RW  Size (RW Data + ZI Data)            175904 ( 171.78kB)
    Total ROM Size (Code + RO Data + RW Data)     172832 ( 168.78kB)

==============================================================================

