Component: ARM Compiler 5.06 update 7 (build 960) Tool: armlink [4d3601]

==============================================================================

Section Cross References

    startup_stm32h723xx.o(RESET) refers to startup_stm32h723xx.o(STACK) for __initial_sp
    startup_stm32h723xx.o(RESET) refers to startup_stm32h723xx.o(.text) for Reset_Handler
    startup_stm32h723xx.o(RESET) refers to stm32h7xx_it.o(i.NMI_Handler) for NMI_Handler
    startup_stm32h723xx.o(RESET) refers to stm32h7xx_it.o(i.HardFault_Handler) for HardFault_Handler
    startup_stm32h723xx.o(RESET) refers to stm32h7xx_it.o(i.MemManage_Handler) for MemManage_Handler
    startup_stm32h723xx.o(RESET) refers to stm32h7xx_it.o(i.BusFault_Handler) for BusFault_Handler
    startup_stm32h723xx.o(RESET) refers to stm32h7xx_it.o(i.UsageFault_Handler) for UsageFault_Handler
    startup_stm32h723xx.o(RESET) refers to stm32h7xx_it.o(i.SVC_Handler) for SVC_Handler
    startup_stm32h723xx.o(RESET) refers to stm32h7xx_it.o(i.DebugMon_Handler) for DebugMon_Handler
    startup_stm32h723xx.o(RESET) refers to stm32h7xx_it.o(i.PendSV_Handler) for PendSV_Handler
    startup_stm32h723xx.o(RESET) refers to stm32h7xx_it.o(i.SysTick_Handler) for SysTick_Handler
    startup_stm32h723xx.o(RESET) refers to stm32h7xx_it.o(i.DMA1_Stream0_IRQHandler) for DMA1_Stream0_IRQHandler
    startup_stm32h723xx.o(RESET) refers to stm32h7xx_it.o(i.DMA1_Stream1_IRQHandler) for DMA1_Stream1_IRQHandler
    startup_stm32h723xx.o(RESET) refers to stm32h7xx_it.o(i.ADC_IRQHandler) for ADC_IRQHandler
    startup_stm32h723xx.o(RESET) refers to stm32h7xx_it.o(i.TIM2_IRQHandler) for TIM2_IRQHandler
    startup_stm32h723xx.o(RESET) refers to stm32h7xx_it.o(i.TIM3_IRQHandler) for TIM3_IRQHandler
    startup_stm32h723xx.o(RESET) refers to stm32h7xx_it.o(i.USART3_IRQHandler) for USART3_IRQHandler
    startup_stm32h723xx.o(RESET) refers to stm32h7xx_it.o(i.DMA2_Stream0_IRQHandler) for DMA2_Stream0_IRQHandler
    startup_stm32h723xx.o(RESET) refers to stm32h7xx_it.o(i.DMA2_Stream1_IRQHandler) for DMA2_Stream1_IRQHandler
    startup_stm32h723xx.o(.text) refers to system_stm32h7xx.o(i.SystemInit) for SystemInit
    startup_stm32h723xx.o(.text) refers to entry.o(.ARM.Collect$$$$00000000) for __main
    main.o(i.App_ConfigInit) refers to flash.o(i.Flash_ReadConfig) for Flash_ReadConfig
    main.o(i.App_ConfigInit) refers to app_acq.o(i.ACQ_Init) for ACQ_Init
    main.o(i.App_ConfigInit) refers to main.o(.data) for LOCAL_DEVICE_ADDR
    main.o(i.HAL_ADC_ConvCpltCallback) refers to memcpya.o(.text) for __aeabi_memcpy
    main.o(i.HAL_ADC_ConvCpltCallback) refers to main.o(.RAM_D2) for ADC_Buffer_Z
    main.o(i.HAL_ADC_ConvCpltCallback) refers to main.o(.bss) for Process_Buffer_Z
    main.o(i.HAL_ADC_ConvCpltCallback) refers to main.o(.data) for z_data_ready_flag
    main.o(i.HAL_ADC_ConvHalfCpltCallback) refers to memcpya.o(.text) for __aeabi_memcpy
    main.o(i.HAL_ADC_ConvHalfCpltCallback) refers to main.o(.RAM_D2) for ADC_Buffer_Z
    main.o(i.HAL_ADC_ConvHalfCpltCallback) refers to main.o(.bss) for Process_Buffer_Z
    main.o(i.HAL_ADC_ConvHalfCpltCallback) refers to main.o(.data) for z_data_ready_flag
    main.o(i.HAL_UART_TxCpltCallback) refers to modbus_rtu.o(.data) for g_tx_busy
    main.o(i.MPU_Config) refers to stm32h7xx_hal_cortex.o(i.HAL_MPU_Disable) for HAL_MPU_Disable
    main.o(i.MPU_Config) refers to stm32h7xx_hal_cortex.o(i.HAL_MPU_ConfigRegion) for HAL_MPU_ConfigRegion
    main.o(i.MPU_Config) refers to stm32h7xx_hal_cortex.o(i.HAL_MPU_Enable) for HAL_MPU_Enable
    main.o(i.PeriphCommonClock_Config) refers to memseta.o(.text) for __aeabi_memclr4
    main.o(i.PeriphCommonClock_Config) refers to stm32h7xx_hal_rcc_ex.o(i.HAL_RCCEx_PeriphCLKConfig) for HAL_RCCEx_PeriphCLKConfig
    main.o(i.PeriphCommonClock_Config) refers to main.o(i.Error_Handler) for Error_Handler
    main.o(i.Start_ADC_DMA) refers to stm32h7xx_hal_adc_ex.o(i.HAL_ADCEx_Calibration_Start) for HAL_ADCEx_Calibration_Start
    main.o(i.Start_ADC_DMA) refers to stm32h7xx_hal_adc.o(i.HAL_ADC_Start_DMA) for HAL_ADC_Start_DMA
    main.o(i.Start_ADC_DMA) refers to stm32h7xx_hal_tim.o(i.HAL_TIM_Base_Start) for HAL_TIM_Base_Start
    main.o(i.Start_ADC_DMA) refers to adc.o(.bss) for hadc1
    main.o(i.Start_ADC_DMA) refers to main.o(.RAM_D2) for ADC_Buffer_Z
    main.o(i.Start_ADC_DMA) refers to tim.o(.bss) for htim2
    main.o(i.Stop_ADC_DMA) refers to stm32h7xx_hal_adc.o(i.HAL_ADC_Stop_DMA) for HAL_ADC_Stop_DMA
    main.o(i.Stop_ADC_DMA) refers to stm32h7xx_hal_tim.o(i.HAL_TIM_Base_Stop) for HAL_TIM_Base_Stop
    main.o(i.Stop_ADC_DMA) refers to adc.o(.bss) for hadc1
    main.o(i.Stop_ADC_DMA) refers to tim.o(.bss) for htim2
    main.o(i.SystemClock_Config) refers to memseta.o(.text) for __aeabi_memclr4
    main.o(i.SystemClock_Config) refers to stm32h7xx_hal_pwr_ex.o(i.HAL_PWREx_ConfigSupply) for HAL_PWREx_ConfigSupply
[...]
    BDMA_Channel6_IRQHandler                 0x080002ff   Thumb Code     0  startup_stm32h723xx.o(.text)
    BDMA_Channel7_IRQHandler                 0x080002ff   Thumb Code     0  startup_stm32h723xx.o(.text)
    CEC_IRQHandler                           0x080002ff   Thumb Code     0  startup_stm32h723xx.o(.text)
    COMP1_IRQHandler                         0x080002ff   Thumb Code     0  startup_stm32h723xx.o(.text)
    CORDIC_IRQHandler                        0x080002ff   Thumb Code     0  startup_stm32h723xx.o(.text)
    CRS_IRQHandler                           0x080002ff   Thumb Code     0  startup_stm32h723xx.o(.text)
    DCMI_PSSI_IRQHandler                     0x080002ff   Thumb Code     0  startup_stm32h723xx.o(.text)
    DFSDM1_FLT0_IRQHandler                   0x080002ff   Thumb Code     0  startup_stm32h723xx.o(.text)
    DFSDM1_FLT1_IRQHandler                   0x080002ff   Thumb Code     0  startup_stm32h723xx.o(.text)
    DFSDM1_FLT2_IRQHandler                   0x080002ff   Thumb Code     0  startup_stm32h723xx.o(.text)
    DFSDM1_FLT3_IRQHandler                   0x080002ff   Thumb Code     0  startup_stm32h723xx.o(.text)
    DMA1_Stream2_IRQHandler                  0x080002ff   Thumb Code     0  startup_stm32h723xx.o(.text)
    DMA1_Stream3_IRQHandler                  0x080002ff   Thumb Code     0  startup_stm32h723xx.o(.text)
    DMA1_Stream4_IRQHandler                  0x080002ff   Thumb Code     0  startup_stm32h723xx.o(.text)
    DMA1_Stream5_IRQHandler                  0x080002ff   Thumb Code     0  startup_stm32h723xx.o(.text)
    DMA1_Stream6_IRQHandler                  0x080002ff   Thumb Code     0  startup_stm32h723xx.o(.text)
    DMA1_Stream7_IRQHandler                  0x080002ff   Thumb Code     0  startup_stm32h723xx.o(.text)
    DMA2D_IRQHandler                         0x080002ff   Thumb Code     0  startup_stm32h723xx.o(.text)
    DMA2_Stream2_IRQHandler                  0x080002ff   Thumb Code     0  startup_stm32h723xx.o(.text)
    DMA2_Stream3_IRQHandler                  0x080002ff   Thumb Code     0  startup_stm32h723xx.o(.text)
    DMA2_Stream4_IRQHandler                  0x080002ff   Thumb Code     0  startup_stm32h723xx.o(.text)
    DMA2_Stream5_IRQHandler                  0x080002ff   Thumb Code     0  startup_stm32h723xx.o(.text)
    DMA2_Stream6_IRQHandler                  0x080002ff   Thumb Code     0  startup_stm32h723xx.o(.text)
    DMA2_Stream7_IRQHandler                  0x080002ff   Thumb Code     0  startup_stm32h723xx.o(.text)
    DMAMUX1_OVR_IRQHandler                   0x080002ff   Thumb Code     0  startup_stm32h723xx.o(.text)
    DMAMUX2_OVR_IRQHandler                   0x080002ff   Thumb Code     0  startup_stm32h723xx.o(.text)
    DTS_IRQHandler                           0x080002ff   Thumb Code     0  startup_stm32h723xx.o(.text)
    ECC_IRQHandler                           0x080002ff   Thumb Code     0  startup_stm32h723xx.o(.text)
    ETH_IRQHandler                           0x080002ff   Thumb Code     0  startup_stm32h723xx.o(.text)
    ETH_WKUP_IRQHandler                      0x080002ff   Thumb Code     0  startup_stm32h723xx.o(.text)
    EXTI0_IRQHandler                         0x080002ff   Thumb Code     0  startup_stm32h723xx.o(.text)
    EXTI15_10_IRQHandler                     0x080002ff   Thumb Code     0  startup_stm32h723xx.o(.text)
    EXTI1_IRQHandler                         0x080002ff   Thumb Code     0  startup_stm32h723xx.o(.text)
    EXTI2_IRQHandler                         0x080002ff   Thumb Code     0  startup_stm32h723xx.o(.text)
    EXTI3_IRQHandler                         0x080002ff   Thumb Code     0  startup_stm32h723xx.o(.text)
    EXTI4_IRQHandler                         0x080002ff   Thumb Code     0  startup_stm32h723xx.o(.text)
    EXTI9_5_IRQHandler                       0x080002ff   Thumb Code     0  startup_stm32h723xx.o(.text)
    FDCAN1_IT0_IRQHandler                    0x080002ff   Thumb Code     0  startup_stm32h723xx.o(.text)
    FDCAN1_IT1_IRQHandler                    0x080002ff   Thumb Code     0  startup_stm32h723xx.o(.text)
    FDCAN2_IT0_IRQHandler                    0x080002ff   Thumb Code     0  startup_stm32h723xx.o(.text)
    FDCAN2_IT1_IRQHandler                    0x080002ff   Thumb Code     0  startup_stm32h723xx.o(.text)
    FDCAN3_IT0_IRQHandler                    0x080002ff   Thumb Code     0  startup_stm32h723xx.o(.text)
    FDCAN3_IT1_IRQHandler                    0x080002ff   Thumb Code     0  startup_stm32h723xx.o(.text)
    FDCAN_CAL_IRQHandler                     0x080002ff   Thumb Code     0  startup_stm32h723xx.o(.text)
    FLASH_IRQHandler                         0x080002ff   Thumb Code     0  startup_stm32h723xx.o(.text)
    FMAC_IRQHandler                          0x080002ff   Thumb Code     0  startup_stm32h723xx.o(.text)
    FMC_IRQHandler                           0x080002ff   Thumb Code     0  startup_stm32h723xx.o(.text)
    FPU_IRQHandler                           0x080002ff   Thumb Code     0  startup_stm32h723xx.o(.text)
    HSEM1_IRQHandler                         0x080002ff   Thumb Code     0  startup_stm32h723xx.o(.text)
    I2C1_ER_IRQHandler                       0x080002ff   Thumb Code     0  startup_stm32h723xx.o(.text)
    I2C1_EV_IRQHandler                       0x080002ff   Thumb Code     0  startup_stm32h723xx.o(.text)
    I2C2_ER_IRQHandler                       0x080002ff   Thumb Code     0  startup_stm32h723xx.o(.text)
    I2C2_EV_IRQHandler                       0x080002ff   Thumb Code     0  startup_stm32h723xx.o(.text)
    I2C3_ER_IRQHandler                       0x080002ff   Thumb Code     0  startup_stm32h723xx.o(.text)
    I2C3_EV_IRQHandler                       0x080002ff   Thumb Code     0  startup_stm32h723xx.o(.text)
    I2C4_ER_IRQHandler                       0x080002ff   Thumb Code     0  startup_stm32h723xx.o(.text)
    I2C4_EV_IRQHandler                       0x080002ff   Thumb Code     0  startup_stm32h723xx.o(.text)
    I2C5_ER_IRQHandler                       0x080002ff   Thumb Code     0  startup_stm32h723xx.o(.text)
    I2C5_EV_IRQHandler                       0x080002ff   Thumb Code     0  startup_stm32h723xx.o(.text)
    LPTIM1_IRQHandler                        0x080002ff   Thumb Code     0  startup_stm32h723xx.o(.text)
    LPTIM2_IRQHandler                        0x080002ff   Thumb Code     0  startup_stm32h723xx.o(.text)
    LPTIM3_IRQHandler                        0x080002ff   Thumb Code     0  startup_stm32h723xx.o(.text)
    LPTIM4_IRQHandler                        0x080002ff   Thumb Code     0  startup_stm32h723xx.o(.text)
    LPTIM5_IRQHandler                        0x080002ff   Thumb Code     0  startup_stm32h723xx.o(.text)
    LPUART1_IRQHandler                       0x080002ff   Thumb Code     0  startup_stm32h723xx.o(.text)
    LTDC_ER_IRQHandler                       0x080002ff   Thumb Code     0  startup_stm32h723xx.o(.text)
    LTDC_IRQHandler                          0x080002ff   Thumb Code     0  startup_stm32h723xx.o(.text)
    MDIOS_IRQHandler                         0x080002ff   Thumb Code     0  startup_stm32h723xx.o(.text)
    MDIOS_WKUP_IRQHandler                    0x080002ff   Thumb Code     0  startup_stm32h723xx.o(.text)
    MDMA_IRQHandler                          0x080002ff   Thumb Code     0  startup_stm32h723xx.o(.text)
    OCTOSPI1_IRQHandler                      0x080002ff   Thumb Code     0  startup_stm32h723xx.o(.text)
    OCTOSPI2_IRQHandler                      0x080002ff   Thumb Code     0  startup_stm32h723xx.o(.text)
    OTG_HS_EP1_IN_IRQHandler                 0x080002ff   Thumb Code     0  startup_stm32h723xx.o(.text)
    OTG_HS_EP1_OUT_IRQHandler                0x080002ff   Thumb Code     0  startup_stm32h723xx.o(.text)
    OTG_HS_IRQHandler                        0x080002ff   Thumb Code     0  startup_stm32h723xx.o(.text)
    OTG_HS_WKUP_IRQHandler                   0x080002ff   Thumb Code     0  startup_stm32h723xx.o(.text)
    PVD_AVD_IRQHandler                       0x080002ff   Thumb Code     0  startup_stm32h723xx.o(.text)
    RCC_IRQHandler                           0x080002ff   Thumb Code     0  startup_stm32h723xx.o(.text)
    RNG_IRQHandler                           0x080002ff   Thumb Code     0  startup_stm32h723xx.o(.text)
    RTC_Alarm_IRQHandler                     0x080002ff   Thumb Code     0  startup_stm32h723xx.o(.text)
    RTC_WKUP_IRQHandler                      0x080002ff   Thumb Code     0  startup_stm32h723xx.o(.text)
    SAI1_IRQHandler                          0x080002ff   Thumb Code     0  startup_stm32h723xx.o(.text)
    SAI4_IRQHandler                          0x080002ff   Thumb Code     0  startup_stm32h723xx.o(.text)
    SDMMC1_IRQHandler                        0x080002ff   Thumb Code     0  startup_stm32h723xx.o(.text)
    SDMMC2_IRQHandler                        0x080002ff   Thumb Code     0  startup_stm32h723xx.o(.text)
    SPDIF_RX_IRQHandler                      0x080002ff   Thumb Code     0  startup_stm32h723xx.o(.text)
    SPI1_IRQHandler                          0x080002ff   Thumb Code     0  startup_stm32h723xx.o(.text)
    SPI2_IRQHandler                          0x080002ff   Thumb Code     0  startup_stm32h723xx.o(.text)
    SPI3_IRQHandler                          0x080002ff   Thumb Code     0  startup_stm32h723xx.o(.text)
    SPI4_IRQHandler                          0x080002ff   Thumb Code     0  startup_stm32h723xx.o(.text)
    SPI5_IRQHandler                          0x080002ff   Thumb Code     0  startup_stm32h723xx.o(.text)
    SPI6_IRQHandler                          0x080002ff   Thumb Code     0  startup_stm32h723xx.o(.text)
    SWPMI1_IRQHandler                        0x080002ff   Thumb Code     0  startup_stm32h723xx.o(.text)
    TAMP_STAMP_IRQHandler                    0x080002ff   Thumb Code     0  startup_stm32h723xx.o(.text)
    TIM15_IRQHandler                         0x080002ff   Thumb Code     0  startup_stm32h723xx.o(.text)
    TIM16_IRQHandler                         0x080002ff   Thumb Code     0  startup_stm32h723xx.o(.text)
    TIM17_IRQHandler                         0x080002ff   Thumb Code     0  startup_stm32h723xx.o(.text)
    TIM1_BRK_IRQHandler                      0x080002ff   Thumb Code     0  startup_stm32h723xx.o(.text)
    TIM1_CC_IRQHandler                       0x080002ff   Thumb Code     0  startup_stm32h723xx.o(.text)
    TIM1_TRG_COM_IRQHandler                  0x080002ff   Thumb Code     0  startup_stm32h723xx.o(.text)
    TIM1_UP_IRQHandler                       0x080002ff   Thumb Code     0  startup_stm32h723xx.o(.text)
    TIM23_IRQHandler                         0x080002ff   Thumb Code     0  startup_stm32h723xx.o(.text)
    TIM24_IRQHandler                         0x080002ff   Thumb Code     0  startup_stm32h723xx.o(.text)
    TIM4_IRQHandler                          0x080002ff   Thumb Code     0  startup_stm32h723xx.o(.text)
    TIM5_IRQHandler                          0x080002ff   Thumb Code     0  startup_stm32h723xx.o(.text)
    TIM6_DAC_IRQHandler                      0x080002ff   Thumb Code     0  startup_stm32h723xx.o(.text)
    TIM7_IRQHandler                          0x080002ff   Thumb Code     0  startup_stm32h723xx.o(.text)
    TIM8_BRK_TIM12_IRQHandler                0x080002ff   Thumb Code     0  startup_stm32h723xx.o(.text)
    TIM8_CC_IRQHandler                       0x080002ff   Thumb Code     0  startup_stm32h723xx.o(.text)
    TIM8_TRG_COM_TIM14_IRQHandler            0x080002ff   Thumb Code     0  startup_stm32h723xx.o(.text)
    TIM8_UP_TIM13_IRQHandler                 0x080002ff   Thumb Code     0  startup_stm32h723xx.o(.text)
    UART4_IRQHandler                         0x080002ff   Thumb Code     0  startup_stm32h723xx.o(.text)
    UART5_IRQHandler                         0x080002ff   Thumb Code     0  startup_stm32h723xx.o(.text)
    UART7_IRQHandler                         0x080002ff   Thumb Code     0  startup_stm32h723xx.o(.text)
    UART8_IRQHandler                         0x080002ff   Thumb Code     0  startup_stm32h723xx.o(.text)
    UART9_IRQHandler                         0x080002ff   Thumb Code     0  startup_stm32h723xx.o(.text)
    USART10_IRQHandler                       0x080002ff   Thumb Code     0  startup_stm32h723xx.o(.text)
    USART1_IRQHandler                        0x080002ff   Thumb Code     0  startup_stm32h723xx.o(.text)
    USART2_IRQHandler                        0x080002ff   Thumb Code     0  startup_stm32h723xx.o(.text)
    USART6_IRQHandler                        0x080002ff   Thumb Code     0  startup_stm32h723xx.o(.text)
    WAKEUP_PIN_IRQHandler                    0x080002ff   Thumb Code     0  startup_stm32h723xx.o(.text)
    WWDG_IRQHandler                          0x080002ff   Thumb Code     0  startup_stm32h723xx.o(.text)
    __aeabi_uldivmod                         0x08000309   Thumb Code    98  uldiv.o(.text)
    __aeabi_memcpy                           0x0800036b   Thumb Code    36  memcpya.o(.text)
    __aeabi_memcpy4                          0x0800036b   Thumb Code     0  memcpya.o(.text)
    __aeabi_memcpy8                          0x0800036b   Thumb Code     0  memcpya.o(.text)
    __aeabi_memset                           0x0800038f   Thumb Code    14  memseta.o(.text)
    __aeabi_memset4                          0x0800038f   Thumb Code     0  memseta.o(.text)
    __aeabi_memset8                          0x0800038f   Thumb Code     0  memseta.o(.text)
    __aeabi_memclr                           0x0800039d   Thumb Code     4  memseta.o(.text)
    __aeabi_memclr4                          0x0800039d   Thumb Code     0  memseta.o(.text)
    __aeabi_memclr8                          0x0800039d   Thumb Code     0  memseta.o(.text)
    _memset$wrapper                          0x080003a1   Thumb Code    18  memseta.o(.text)
    memcmp                                   0x080003b3   Thumb Code    26  memcmp.o(.text)
    __aeabi_uidiv                            0x080003cd   Thumb Code     0  uidiv.o(.text)
    __aeabi_uidivmod                         0x080003cd   Thumb Code    44  uidiv.o(.text)
    __aeabi_llsl                             0x080003f9   Thumb Code    30  llshl.o(.text)
    _ll_shift_l                              0x080003f9   Thumb Code     0  llshl.o(.text)
    __aeabi_llsr                             0x08000417   Thumb Code    32  llushr.o(.text)
    _ll_ushift_r                             0x08000417   Thumb Code     0  llushr.o(.text)
    __I$use$fp                               0x08000437   Thumb Code     0  iusefp.o(.text)
    __aeabi_dadd                             0x08000437   Thumb Code   322  dadd.o(.text)
    __aeabi_dsub                             0x08000579   Thumb Code     6  dadd.o(.text)
    __aeabi_drsub                            0x0800057f   Thumb Code     6  dadd.o(.text)
    __aeabi_dmul                             0x08000585   Thumb Code   228  dmul.o(.text)
    __aeabi_ddiv                             0x08000669   Thumb Code   222  ddiv.o(.text)
    __aeabi_d2ulz                            0x08000747   Thumb Code    48  dfixul.o(.text)
    __aeabi_cdrcmple                         0x08000779   Thumb Code    48  cdrcmple.o(.text)
    __scatterload                            0x080007a9   Thumb Code    28  init.o(.text)
    __scatterload_rt2                        0x080007a9   Thumb Code     0  init.o(.text)
    __aeabi_lasr                             0x080007cd   Thumb Code    36  llsshr.o(.text)
    _ll_sshift_r                             0x080007cd   Thumb Code     0  llsshr.o(.text)
    _double_round                            0x080007f1   Thumb Code    30  depilogue.o(.text)
    _double_epilogue                         0x0800080f   Thumb Code   156  depilogue.o(.text)
    __decompress                             0x080008ab   Thumb Code     0  __dczerorl2.o(.text)
    __decompress1                            0x080008ab   Thumb Code    86  __dczerorl2.o(.text)
    arm_bitreversal_32                       0x08000901   Thumb Code    76  arm_bitreversal2.o(.text.arm_bitreversal_32)
    arm_cfft_f32                             0x0800094d   Thumb Code   220  arm_cfft_f32.o(.text.arm_cfft_f32)
    arm_cfft_radix8by2_f32                   0x08000a29   Thumb Code   382  arm_cfft_f32.o(.text.arm_cfft_radix8by2_f32)
    arm_cfft_radix8by4_f32                   0x08000ba9   Thumb Code   988  arm_cfft_f32.o(.text.arm_cfft_radix8by4_f32)
    arm_cmplx_mag_f32                        0x08000f85   Thumb Code   312  arm_cmplx_mag_f32.o(.text.arm_cmplx_mag_f32)
    arm_radix8_butterfly_f32                 0x080010bd   Thumb Code  1316  arm_cfft_radix8_f32.o(.text.arm_radix8_butterfly_f32)
    arm_rfft_1024_fast_init_f32              0x080015e1   Thumb Code    60  arm_rfft_fast_init_f32.o(.text.arm_rfft_1024_fast_init_f32)
    arm_rfft_2048_fast_init_f32              0x0800161d   Thumb Code    60  arm_rfft_fast_init_f32.o(.text.arm_rfft_2048_fast_init_f32)
    arm_rfft_256_fast_init_f32               0x08001659   Thumb Code    56  arm_rfft_fast_init_f32.o(.text.arm_rfft_256_fast_init_f32)
    arm_rfft_32_fast_init_f32                0x08001691   Thumb Code    54  arm_rfft_fast_init_f32.o(.text.arm_rfft_32_fast_init_f32)
    arm_rfft_4096_fast_init_f32              0x080016c7   Thumb Code    60  arm_rfft_fast_init_f32.o(.text.arm_rfft_4096_fast_init_f32)
    arm_rfft_512_fast_init_f32               0x08001703   Thumb Code    60  arm_rfft_fast_init_f32.o(.text.arm_rfft_512_fast_init_f32)
    arm_rfft_64_fast_init_f32                0x0800173f   Thumb Code    54  arm_rfft_fast_init_f32.o(.text.arm_rfft_64_fast_init_f32)
    arm_rfft_fast_init_f32                   0x08001775   Thumb Code   126  arm_rfft_fast_init_f32.o(.text.arm_rfft_fast_init_f32)
    ACQ_Init                                 0x080017f5   Thumb Code    80  app_acq.o(i.ACQ_Init)
    ACQ_SetFreqHz                            0x08001859   Thumb Code    46  app_acq.o(i.ACQ_SetFreqHz)
    ADC_ConfigureBoostMode                   0x08001895   Thumb Code   276  stm32h7xx_hal_adc.o(i.ADC_ConfigureBoostMode)
    ADC_DMAConvCplt                          0x080019c5   Thumb Code   146  stm32h7xx_hal_adc.o(i.ADC_DMAConvCplt)
    ADC_DMAError                             0x08001a57   Thumb Code    30  stm32h7xx_hal_adc.o(i.ADC_DMAError)
    ADC_DMAHalfConvCplt                      0x08001a75   Thumb Code    14  stm32h7xx_hal_adc.o(i.ADC_DMAHalfConvCplt)
    ADC_Disable                              0x08001a85   Thumb Code   142  stm32h7xx_hal_adc.o(i.ADC_Disable)
    ADC_Enable                               0x08001b19   Thumb Code   182  stm32h7xx_hal_adc.o(i.ADC_Enable)
    ADC_IRQHandler                           0x08001be5   Thumb Code    16  stm32h7xx_it.o(i.ADC_IRQHandler)
    App_ConfigInit                           0x08001bfd   Thumb Code    70  main.o(i.App_ConfigInit)
    BusFault_Handler                         0x08001c55   Thumb Code     4  stm32h7xx_it.o(i.BusFault_Handler)
    Calc_Envelope_Z                          0x08001ca5   Thumb Code   350  eigenvalue calculation.o(i.Calc_Envelope_Z)
    Calc_FreqDomain_Z                        0x08001e15   Thumb Code   320  eigenvalue calculation.o(i.Calc_FreqDomain_Z)
    Calc_Init                                0x08001f6d   Thumb Code    14  eigenvalue calculation.o(i.Calc_Init)
    Calc_TimeDomain_Only                     0x08001f81   Thumb Code   282  eigenvalue calculation.o(i.Calc_TimeDomain_Only)
    DMA1_Stream0_IRQHandler                  0x08002251   Thumb Code    10  stm32h7xx_it.o(i.DMA1_Stream0_IRQHandler)
    DMA1_Stream1_IRQHandler                  0x08002261   Thumb Code    10  stm32h7xx_it.o(i.DMA1_Stream1_IRQHandler)
    DMA2_Stream0_IRQHandler                  0x08002271   Thumb Code    10  stm32h7xx_it.o(i.DMA2_Stream0_IRQHandler)
    DMA2_Stream1_IRQHandler                  0x08002281   Thumb Code    10  stm32h7xx_it.o(i.DMA2_Stream1_IRQHandler)
    DebugMon_Handler                         0x080027fd   Thumb Code     2  stm32h7xx_it.o(i.DebugMon_Handler)
    Ds18b20_Init                             0x080027ff   Thumb Code    12  ds18b20.o(i.Ds18b20_Init)
    Ds18b20_Read_Byte                        0x0800280b   Thumb Code    34  ds18b20.o(i.Ds18b20_Read_Byte)
    Ds18b20_Read_Result                      0x0800282d   Thumb Code    44  ds18b20.o(i.Ds18b20_Read_Result)
    Ds18b20_Rst                              0x08002859   Thumb Code   144  ds18b20.o(i.Ds18b20_Rst)
    Ds18b20_Start                            0x080028ed   Thumb Code    20  ds18b20.o(i.Ds18b20_Start)
    Ds18b20_Write_Byte                       0x08002901   Thumb Code    40  ds18b20.o(i.Ds18b20_Write_Byte)
    Eigen_Separate_And_Convert               0x08002929   Thumb Code   146  eigenvalue calculation.o(i.Eigen_Separate_And_Convert)
    Error_Handler                            0x080029dd   Thumb Code     6  main.o(i.Error_Handler)
    FLASH_Erase_Sector                       0x080029e5   Thumb Code    42  stm32h7xx_hal_flash_ex.o(i.FLASH_Erase_Sector)
    FLASH_WaitForLastOperation               0x08002a41   Thumb Code   120  stm32h7xx_hal_flash.o(i.FLASH_WaitForLastOperation)
    Flash_ReadConfig                         0x08002ac5   Thumb Code   114  flash.o(i.Flash_ReadConfig)
    Flash_UpdateFreq                         0x08002b41   Thumb Code    34  flash.o(i.Flash_UpdateFreq)
    Flash_UpdatePoints                       0x08002b63   Thumb Code    34  flash.o(i.Flash_UpdatePoints)
    Flash_WriteConfig                        0x08002b85   Thumb Code    50  flash.o(i.Flash_WriteConfig)
    Flash_WriteDeviceAddr                    0x08002bb7   Thumb Code    34  flash.o(i.Flash_WriteDeviceAddr)
    Get_Tempetature                          0x08002bd9   Thumb Code    56  ds18b20.o(i.Get_Tempetature)
    HAL_ADCEx_Calibration_Start              0x08002c11   Thumb Code   174  stm32h7xx_hal_adc_ex.o(i.HAL_ADCEx_Calibration_Start)
    HAL_ADCEx_EndOfSamplingCallback          0x08002cc9   Thumb Code     2  stm32h7xx_hal_adc_ex.o(i.HAL_ADCEx_EndOfSamplingCallback)
    HAL_ADCEx_InjectedConvCpltCallback       0x08002ccb   Thumb Code     2  stm32h7xx_hal_adc_ex.o(i.HAL_ADCEx_InjectedConvCpltCallback)
    HAL_ADCEx_InjectedQueueOverflowCallback  0x08002ccd   Thumb Code     2  stm32h7xx_hal_adc_ex.o(i.HAL_ADCEx_InjectedQueueOverflowCallback)
    HAL_ADCEx_LevelOutOfWindow2Callback      0x08002ccf   Thumb Code     2  stm32h7xx_hal_adc_ex.o(i.HAL_ADCEx_LevelOutOfWindow2Callback)
    HAL_ADCEx_LevelOutOfWindow3Callback      0x08002cd1   Thumb Code     2  stm32h7xx_hal_adc_ex.o(i.HAL_ADCEx_LevelOutOfWindow3Callback)
    HAL_ADCEx_MultiModeConfigChannel         0x08002cd5   Thumb Code   336  stm32h7xx_hal_adc_ex.o(i.HAL_ADCEx_MultiModeConfigChannel)
    HAL_ADC_ConfigChannel                    0x08002e39   Thumb Code  1888  stm32h7xx_hal_adc.o(i.HAL_ADC_ConfigChannel)
    HAL_ADC_ConvCpltCallback                 0x080035c9   Thumb Code    60  main.o(i.HAL_ADC_ConvCpltCallback)
    HAL_ADC_ConvHalfCpltCallback             0x08003625   Thumb Code    60  main.o(i.HAL_ADC_ConvHalfCpltCallback)
    HAL_ADC_ErrorCallback                    0x08003681   Thumb Code     2  stm32h7xx_hal_adc.o(i.HAL_ADC_ErrorCallback)
    HAL_ADC_IRQHandler                       0x08003685   Thumb Code   840  stm32h7xx_hal_adc.o(i.HAL_ADC_IRQHandler)
    HAL_ADC_Init                             0x080039dd   Thumb Code   782  stm32h7xx_hal_adc.o(i.HAL_ADC_Init)
    HAL_ADC_LevelOutOfWindowCallback         0x08003d1d   Thumb Code     2  stm32h7xx_hal_adc.o(i.HAL_ADC_LevelOutOfWindowCallback)
    HAL_ADC_MspInit                          0x08003d21   Thumb Code   436  adc.o(i.HAL_ADC_MspInit)
    HAL_ADC_Start_DMA                        0x08003ef9   Thumb Code   334  stm32h7xx_hal_adc.o(i.HAL_ADC_Start_DMA)
    HAL_DMA_Abort                            0x08004069   Thumb Code  1236  stm32h7xx_hal_dma.o(i.HAL_DMA_Abort)
    HAL_DMA_Abort_IT                         0x08004545   Thumb Code   906  stm32h7xx_hal_dma.o(i.HAL_DMA_Abort_IT)
    HAL_DMA_GetError                         0x080048dd   Thumb Code     6  stm32h7xx_hal_dma.o(i.HAL_DMA_GetError)
    HAL_DMA_IRQHandler                       0x080048e5   Thumb Code  2798  stm32h7xx_hal_dma.o(i.HAL_DMA_IRQHandler)
    HAL_DMA_Init                             0x080053dd   Thumb Code  1292  stm32h7xx_hal_dma.o(i.HAL_DMA_Init)
    HAL_DMA_Start_IT                         0x080058f1   Thumb Code   980  stm32h7xx_hal_dma.o(i.HAL_DMA_Start_IT)
    HAL_Delay                                0x08005cd1   Thumb Code    36  stm32h7xx_hal.o(i.HAL_Delay)
    HAL_FLASHEx_Erase                        0x08005cf9   Thumb Code   202  stm32h7xx_hal_flash_ex.o(i.HAL_FLASHEx_Erase)
    HAL_FLASH_Lock                           0x08005dcd   Thumb Code    30  stm32h7xx_hal_flash.o(i.HAL_FLASH_Lock)
    HAL_FLASH_Program                        0x08005df1   Thumb Code   228  stm32h7xx_hal_flash.o(i.HAL_FLASH_Program)
    HAL_FLASH_Unlock                         0x08005edd   Thumb Code    38  stm32h7xx_hal_flash.o(i.HAL_FLASH_Unlock)
    HAL_GPIO_Init                            0x08005f11   Thumb Code   446  stm32h7xx_hal_gpio.o(i.HAL_GPIO_Init)
    HAL_GPIO_ReadPin                         0x08006101   Thumb Code    16  stm32h7xx_hal_gpio.o(i.HAL_GPIO_ReadPin)
    HAL_GPIO_WritePin                        0x08006111   Thumb Code    12  stm32h7xx_hal_gpio.o(i.HAL_GPIO_WritePin)
    HAL_GetTick                              0x0800611d   Thumb Code     6  stm32h7xx_hal.o(i.HAL_GetTick)
    HAL_GetUIDw0                             0x08006129   Thumb Code     6  stm32h7xx_hal.o(i.HAL_GetUIDw0)
    HAL_GetUIDw1                             0x08006135   Thumb Code     6  stm32h7xx_hal.o(i.HAL_GetUIDw1)
    HAL_GetUIDw2                             0x08006141   Thumb Code     6  stm32h7xx_hal.o(i.HAL_GetUIDw2)
    HAL_IncTick                              0x0800614d   Thumb Code    16  stm32h7xx_hal.o(i.HAL_IncTick)
    HAL_Init                                 0x08006165   Thumb Code    80  stm32h7xx_hal.o(i.HAL_Init)
    HAL_InitTick                             0x080061c5   Thumb Code    74  stm32h7xx_hal.o(i.HAL_InitTick)
    HAL_MPU_ConfigRegion                     0x0800621d   Thumb Code    86  stm32h7xx_hal_cortex.o(i.HAL_MPU_ConfigRegion)
    HAL_MPU_Disable                          0x08006279   Thumb Code    38  stm32h7xx_hal_cortex.o(i.HAL_MPU_Disable)
    HAL_MPU_Enable                           0x080062a5   Thumb Code    58  stm32h7xx_hal_cortex.o(i.HAL_MPU_Enable)
    HAL_MspInit                              0x080062e5   Thumb Code    32  stm32h7xx_hal_msp.o(i.HAL_MspInit)
    HAL_NVIC_EnableIRQ                       0x08006309   Thumb Code    40  stm32h7xx_hal_cortex.o(i.HAL_NVIC_EnableIRQ)
    HAL_NVIC_SetPriority                     0x08006331   Thumb Code   122  stm32h7xx_hal_cortex.o(i.HAL_NVIC_SetPriority)
    HAL_NVIC_SetPriorityGrouping             0x080063ad   Thumb Code    32  stm32h7xx_hal_cortex.o(i.HAL_NVIC_SetPriorityGrouping)
    HAL_PWREx_ConfigSupply                   0x080063d5   Thumb Code    90  stm32h7xx_hal_pwr_ex.o(i.HAL_PWREx_ConfigSupply)
    HAL_RCCEx_GetD3PCLK1Freq                 0x08006435   Thumb Code    26  stm32h7xx_hal_rcc_ex.o(i.HAL_RCCEx_GetD3PCLK1Freq)
    HAL_RCCEx_GetPLL1ClockFreq               0x08006459   Thumb Code   536  stm32h7xx_hal_rcc_ex.o(i.HAL_RCCEx_GetPLL1ClockFreq)
    HAL_RCCEx_GetPLL2ClockFreq               0x08006689   Thumb Code   536  stm32h7xx_hal_rcc_ex.o(i.HAL_RCCEx_GetPLL2ClockFreq)
    HAL_RCCEx_GetPLL3ClockFreq               0x080068b9   Thumb Code   536  stm32h7xx_hal_rcc_ex.o(i.HAL_RCCEx_GetPLL3ClockFreq)
    HAL_RCCEx_GetPeriphCLKFreq               0x08006ae9   Thumb Code  1942  stm32h7xx_hal_rcc_ex.o(i.HAL_RCCEx_GetPeriphCLKFreq)
    HAL_RCCEx_PeriphCLKConfig                0x08007295   Thumb Code  3272  stm32h7xx_hal_rcc_ex.o(i.HAL_RCCEx_PeriphCLKConfig)
    HAL_RCC_ClockConfig                      0x08007f5d   Thumb Code   774  stm32h7xx_hal_rcc.o(i.HAL_RCC_ClockConfig)
    HAL_RCC_GetHCLKFreq                      0x0800827d   Thumb Code    60  stm32h7xx_hal_rcc.o(i.HAL_RCC_GetHCLKFreq)
    HAL_RCC_GetPCLK1Freq                     0x080082c9   Thumb Code    26  stm32h7xx_hal_rcc.o(i.HAL_RCC_GetPCLK1Freq)
    HAL_RCC_GetPCLK2Freq                     0x080082ed   Thumb Code    26  stm32h7xx_hal_rcc.o(i.HAL_RCC_GetPCLK2Freq)
    HAL_RCC_GetSysClockFreq                  0x08008311   Thumb Code   524  stm32h7xx_hal_rcc.o(i.HAL_RCC_GetSysClockFreq)
    HAL_RCC_OscConfig                        0x0800853d   Thumb Code  1874  stm32h7xx_hal_rcc.o(i.HAL_RCC_OscConfig)
    HAL_SYSTICK_Config                       0x08008c99   Thumb Code    52  stm32h7xx_hal_cortex.o(i.HAL_SYSTICK_Config)
    HAL_TIMEx_Break2Callback                 0x08008ccd   Thumb Code     2  stm32h7xx_hal_tim_ex.o(i.HAL_TIMEx_Break2Callback)
    HAL_TIMEx_BreakCallback                  0x08008ccf   Thumb Code     2  stm32h7xx_hal_tim_ex.o(i.HAL_TIMEx_BreakCallback)
    HAL_TIMEx_CommutCallback                 0x08008cd1   Thumb Code     2  stm32h7xx_hal_tim_ex.o(i.HAL_TIMEx_CommutCallback)
    HAL_TIMEx_MasterConfigSynchronization    0x08008cd5   Thumb Code   190  stm32h7xx_hal_tim_ex.o(i.HAL_TIMEx_MasterConfigSynchronization)
    HAL_TIM_Base_Init                        0x08008db9   Thumb Code   110  stm32h7xx_hal_tim.o(i.HAL_TIM_Base_Init)
    HAL_TIM_Base_MspInit                     0x08008e29   Thumb Code   112  tim.o(i.HAL_TIM_Base_MspInit)
    HAL_TIM_Base_Start                       0x08008ea1   Thumb Code   150  stm32h7xx_hal_tim.o(i.HAL_TIM_Base_Start)
    HAL_TIM_ConfigClockSource                0x08008f61   Thumb Code   304  stm32h7xx_hal_tim.o(i.HAL_TIM_ConfigClockSource)
    HAL_TIM_IC_CaptureCallback               0x08009095   Thumb Code     2  stm32h7xx_hal_tim.o(i.HAL_TIM_IC_CaptureCallback)
    HAL_TIM_IRQHandler                       0x08009097   Thumb Code   408  stm32h7xx_hal_tim.o(i.HAL_TIM_IRQHandler)
    HAL_TIM_OC_DelayElapsedCallback          0x0800922f   Thumb Code     2  stm32h7xx_hal_tim.o(i.HAL_TIM_OC_DelayElapsedCallback)
    HAL_TIM_PWM_PulseFinishedCallback        0x08009231   Thumb Code     2  stm32h7xx_hal_tim.o(i.HAL_TIM_PWM_PulseFinishedCallback)
    HAL_TIM_PeriodElapsedCallback            0x08009233   Thumb Code     2  stm32h7xx_hal_tim.o(i.HAL_TIM_PeriodElapsedCallback)
    HAL_TIM_TriggerCallback                  0x08009235   Thumb Code     2  stm32h7xx_hal_tim.o(i.HAL_TIM_TriggerCallback)
    HAL_UARTEx_DisableFifoMode               0x08009237   Thumb Code    78  stm32h7xx_hal_uart_ex.o(i.HAL_UARTEx_DisableFifoMode)
    HAL_UARTEx_RxEventCallback               0x08009285   Thumb Code     2  stm32h7xx_hal_uart.o(i.HAL_UARTEx_RxEventCallback)
    HAL_UARTEx_RxFifoFullCallback            0x08009287   Thumb Code     2  stm32h7xx_hal_uart_ex.o(i.HAL_UARTEx_RxFifoFullCallback)
    HAL_UARTEx_SetRxFifoThreshold            0x08009289   Thumb Code    94  stm32h7xx_hal_uart_ex.o(i.HAL_UARTEx_SetRxFifoThreshold)
    HAL_UARTEx_SetTxFifoThreshold            0x080092e7   Thumb Code    94  stm32h7xx_hal_uart_ex.o(i.HAL_UARTEx_SetTxFifoThreshold)
    HAL_UARTEx_TxFifoEmptyCallback           0x08009345   Thumb Code     2  stm32h7xx_hal_uart_ex.o(i.HAL_UARTEx_TxFifoEmptyCallback)
    HAL_UARTEx_WakeupCallback                0x08009347   Thumb Code     2  stm32h7xx_hal_uart_ex.o(i.HAL_UARTEx_WakeupCallback)
    HAL_UART_DMAStop                         0x08009349   Thumb Code   190  stm32h7xx_hal_uart.o(i.HAL_UART_DMAStop)
    HAL_UART_ErrorCallback                   0x08009407   Thumb Code     2  stm32h7xx_hal_uart.o(i.HAL_UART_ErrorCallback)
    HAL_UART_IRQHandler                      0x08009409   Thumb Code  1172  stm32h7xx_hal_uart.o(i.HAL_UART_IRQHandler)
    HAL_UART_Init                            0x0800989d   Thumb Code   120  stm32h7xx_hal_uart.o(i.HAL_UART_Init)
    HAL_UART_MspInit                         0x08009915   Thumb Code   284  usart.o(i.HAL_UART_MspInit)
    HAL_UART_Receive_DMA                     0x08009a49   Thumb Code    88  stm32h7xx_hal_uart.o(i.HAL_UART_Receive_DMA)
    HAL_UART_RxCpltCallback                  0x08009aa5   Thumb Code     2  stm32h7xx_hal_uart.o(i.HAL_UART_RxCpltCallback)
    HAL_UART_RxHalfCpltCallback              0x08009aa7   Thumb Code     2  stm32h7xx_hal_uart.o(i.HAL_UART_RxHalfCpltCallback)
    HAL_UART_Transmit                        0x08009aa9   Thumb Code   194  stm32h7xx_hal_uart.o(i.HAL_UART_Transmit)
    HAL_UART_Transmit_DMA                    0x08009b6d   Thumb Code   148  stm32h7xx_hal_uart.o(i.HAL_UART_Transmit_DMA)
    HAL_UART_TxCpltCallback                  0x08009c0d   Thumb Code    16  main.o(i.HAL_UART_TxCpltCallback)
    HAL_UART_TxHalfCpltCallback              0x08009c25   Thumb Code     2  stm32h7xx_hal_uart.o(i.HAL_UART_TxHalfCpltCallback)
    HardFault_Handler                        0x08009d31   Thumb Code     4  stm32h7xx_it.o(i.HardFault_Handler)
    MX_ADC1_Init                             0x08009e91   Thumb Code   166  adc.o(i.MX_ADC1_Init)
    MX_ADC2_Init                             0x08009f45   Thumb Code   164  adc.o(i.MX_ADC2_Init)
    MX_DMA_Init                              0x08009ff9   Thumb Code   122  dma.o(i.MX_DMA_Init)
    MX_GPIO_Init                             0x0800a079   Thumb Code   246  gpio.o(i.MX_GPIO_Init)
    MX_TIM2_Init                             0x0800a17d   Thumb Code   108  tim.o(i.MX_TIM2_Init)
    MX_TIM3_Init                             0x0800a1ed   Thumb Code   106  tim.o(i.MX_TIM3_Init)
    MX_USART3_UART_Init                      0x0800a261   Thumb Code   104  usart.o(i.MX_USART3_UART_Init)
    MemManage_Handler                        0x0800a2d1   Thumb Code     4  stm32h7xx_it.o(i.MemManage_Handler)
    Modbus_CRC16                             0x0800a2d5   Thumb Code    62  modbus_rtu.o(i.Modbus_CRC16)
    Mode_Input                               0x0800a315   Thumb Code    38  ds18b20.o(i.Mode_Input)
    Mode_Output                              0x0800a341   Thumb Code    42  ds18b20.o(i.Mode_Output)
    NMI_Handler                              0x0800a371   Thumb Code     4  stm32h7xx_it.o(i.NMI_Handler)
    On_IDLE                                  0x0800a375   Thumb Code    40  usart.o(i.On_IDLE)
    PendSV_Handler                           0x0800a3a5   Thumb Code     2  stm32h7xx_it.o(i.PendSV_Handler)
    PeriphCommonClock_Config                 0x0800a3a7   Thumb Code    72  main.o(i.PeriphCommonClock_Config)
    Process_Data                             0x0800a3f1   Thumb Code    88  eigenvalue calculation.o(i.Process_Data)
    Protocol_HandleRxFrame                   0x0800a471   Thumb Code   336  modbus_rtu.o(i.Protocol_HandleRxFrame)
    SVC_Handler                              0x0800a8a9   Thumb Code     2  stm32h7xx_it.o(i.SVC_Handler)
    Start_ADC_DMA                            0x0800a8ad   Thumb Code    64  main.o(i.Start_ADC_DMA)
    SysTick_Handler                          0x0800a905   Thumb Code     8  stm32h7xx_it.o(i.SysTick_Handler)
    SystemClock_Config                       0x0800a90d   Thumb Code   176  main.o(i.SystemClock_Config)
    SystemInit                               0x0800a9c1   Thumb Code   192  system_stm32h7xx.o(i.SystemInit)
    TIM2_IRQHandler                          0x0800aaa1   Thumb Code    10  stm32h7xx_it.o(i.TIM2_IRQHandler)
    TIM3_IRQHandler                          0x0800aab1   Thumb Code    10  stm32h7xx_it.o(i.TIM3_IRQHandler)
    TIM_Base_SetConfig                       0x0800aac1   Thumb Code   198  stm32h7xx_hal_tim.o(i.TIM_Base_SetConfig)
    TIM_ETR_SetConfig                        0x0800abb1   Thumb Code    22  stm32h7xx_hal_tim.o(i.TIM_ETR_SetConfig)
    Tempetature_Dis                          0x0800ac31   Thumb Code   144  ds18b20.o(i.Tempetature_Dis)
    Tempetature_GPIO_Init                    0x0800acc5   Thumb Code    82  ds18b20.o(i.Tempetature_GPIO_Init)
    UART_AdvFeatureConfig                    0x0800ad79   Thumb Code   248  stm32h7xx_hal_uart.o(i.UART_AdvFeatureConfig)
    UART_CheckIdleState                      0x0800ae71   Thumb Code   234  stm32h7xx_hal_uart.o(i.UART_CheckIdleState)
    UART_SetConfig                           0x0800b1e5   Thumb Code  1558  stm32h7xx_hal_uart.o(i.UART_SetConfig)
    UART_Start_Receive_DMA                   0x0800b80d   Thumb Code   186  stm32h7xx_hal_uart.o(i.UART_Start_Receive_DMA)
    UART_WaitOnFlagUntilTimeout              0x0800b8d5   Thumb Code   172  stm32h7xx_hal_uart.o(i.UART_WaitOnFlagUntilTimeout)
    USART3_IRQHandler                        0x0800b9c9   Thumb Code    16  stm32h7xx_it.o(i.USART3_IRQHandler)
    USAR_UART_IDLECallback                   0x0800b9dd   Thumb Code   280  usart.o(i.USAR_UART_IDLECallback)
    Uart3_RxStart                            0x0800bb19   Thumb Code    40  main.o(i.Uart3_RxStart)
    UsageFault_Handler                       0x0800bb49   Thumb Code     4  stm32h7xx_it.o(i.UsageFault_Handler)
    Z_Calib_Z_Upright_Neg1G                  0x0800bb8d   Thumb Code    76  eigenvalue calculation.o(i.Z_Calib_Z_Upright_Neg1G)
    __0printf                                0x0800bbe1   Thumb Code    22  printfa.o(i.__0printf)
    __1printf                                0x0800bbe1   Thumb Code     0  printfa.o(i.__0printf)
    __2printf                                0x0800bbe1   Thumb Code     0  printfa.o(i.__0printf)
    __c89printf                              0x0800bbe1   Thumb Code     0  printfa.o(i.__0printf)
    printf                                   0x0800bbe1   Thumb Code     0  printfa.o(i.__0printf)
    __hardfp_sqrtf                           0x0800bc39   Thumb Code    58  sqrtf.o(i.__hardfp_sqrtf)
    __scatterload_copy                       0x0800bc73   Thumb Code    14  handlers.o(i.__scatterload_copy)
    __scatterload_null                       0x0800bc81   Thumb Code     2  handlers.o(i.__scatterload_null)
    __scatterload_zeroinit                   0x0800bc83   Thumb Code    14  handlers.o(i.__scatterload_zeroinit)
    __set_errno                              0x0800bc91   Thumb Code     6  errno.o(i.__set_errno)
    delay_us                                 0x0800c5e5   Thumb Code    30  delay.o(i.delay_us)
    ds18b20_read_bit                         0x0800c609   Thumb Code    74  ds18b20.o(i.ds18b20_read_bit)
    ds18b20_write_one                        0x0800c659   Thumb Code    42  ds18b20.o(i.ds18b20_write_one)
    ds18b20_write_zero                       0x0800c689   Thumb Code    42  ds18b20.o(i.ds18b20_write_zero)
    fputc                                    0x0800c6b9   Thumb Code    28  usart.o(i.fputc)
    main                                     0x0800c6d9   Thumb Code   280  main.o(i.main)
    print_FEATURE                            0x0800c81d   Thumb Code   348  eigenvalue calculation.o(i.print_FEATURE)
    print_g_data                             0x0800cb39   Thumb Code    52  eigenvalue calculation.o(i.print_g_data)
    UARTPrescTable                           0x0800ced0   Data          24  stm32h7xx_hal_uart.o(.constdata)
    D1CorePrescTable                         0x0800cef8   Data          16  system_stm32h7xx.o(.constdata)
    armBitRevIndexTable1024                  0x0800cf08   Data        3600  arm_common_tables.o(.rodata.armBitRevIndexTable1024)
    armBitRevIndexTable128                   0x0800dd18   Data         416  arm_common_tables.o(.rodata.armBitRevIndexTable128)
    armBitRevIndexTable16                    0x0800deb8   Data          40  arm_common_tables.o(.rodata.armBitRevIndexTable16)
    armBitRevIndexTable2048                  0x0800dee0   Data        7616  arm_common_tables.o(.rodata.armBitRevIndexTable2048)
    armBitRevIndexTable256                   0x0800fca0   Data         880  arm_common_tables.o(.rodata.armBitRevIndexTable256)
    armBitRevIndexTable32                    0x08010010   Data          96  arm_common_tables.o(.rodata.armBitRevIndexTable32)
    armBitRevIndexTable4096                  0x08010070   Data        8064  arm_common_tables.o(.rodata.armBitRevIndexTable4096)
    armBitRevIndexTable512                   0x08011ff0   Data         896  arm_common_tables.o(.rodata.armBitRevIndexTable512)
    arm_cfft_sR_f32_len4096                  0x08012370   Data          16  arm_const_structs.o(.rodata.arm_cfft_sR_f32_len4096)
    twiddleCoef_1024                         0x08012380   Data        8192  arm_common_tables.o(.rodata.twiddleCoef_1024)
    twiddleCoef_128                          0x08014380   Data        1024  arm_common_tables.o(.rodata.twiddleCoef_128)
    twiddleCoef_16                           0x08014780   Data         128  arm_common_tables.o(.rodata.twiddleCoef_16)
    twiddleCoef_2048                         0x08014800   Data       16384  arm_common_tables.o(.rodata.twiddleCoef_2048)
    twiddleCoef_256                          0x08018800   Data        2048  arm_common_tables.o(.rodata.twiddleCoef_256)
    twiddleCoef_32                           0x08019000   Data         256  arm_common_tables.o(.rodata.twiddleCoef_32)
    twiddleCoef_4096                         0x08019100   Data       32768  arm_common_tables.o(.rodata.twiddleCoef_4096)
    twiddleCoef_512                          0x08021100   Data        4096  arm_common_tables.o(.rodata.twiddleCoef_512)
    twiddleCoef_rfft_1024                    0x08022100   Data        4096  arm_common_tables.o(.rodata.twiddleCoef_rfft_1024)
    twiddleCoef_rfft_2048                    0x08023100   Data        8192  arm_common_tables.o(.rodata.twiddleCoef_rfft_2048)
    twiddleCoef_rfft_256                     0x08025100   Data        1024  arm_common_tables.o(.rodata.twiddleCoef_rfft_256)
    twiddleCoef_rfft_32                      0x08025500   Data         128  arm_common_tables.o(.rodata.twiddleCoef_rfft_32)
    twiddleCoef_rfft_4096                    0x08025580   Data       16384  arm_common_tables.o(.rodata.twiddleCoef_rfft_4096)
    twiddleCoef_rfft_512                     0x08029580   Data        2048  arm_common_tables.o(.rodata.twiddleCoef_rfft_512)
    twiddleCoef_rfft_64                      0x08029d80   Data         256  arm_common_tables.o(.rodata.twiddleCoef_rfft_64)
    Region$$Table$$Base                      0x08029e80   Number         0  anon$$obj.o(Region$$Table)
    Region$$Table$$Limit                     0x08029ea0   Number         0  anon$$obj.o(Region$$Table)
    rx_dma_buf                               0x24000000   Data         256  main.o(.RAM_D2)
    rx_frame_buf                             0x24000100   Data         256  main.o(.RAM_D2)
    ADC_Buffer_Z                             0x24000200   Data       16384  main.o(.RAM_D2)
    ADC_Buffer_XY                            0x24004200   Data       32768  main.o(.RAM_D2)
    Tx_Wave_Buffer_Z                         0x2400c200   Data       16384  main.o(.RAM_D2)
    rx_frame_len                             0x24010200   Data           2  main.o(.data)
    rx_frame_ready                           0x24010202   Data           1  main.o(.data)
    LOCAL_DEVICE_ADDR                        0x24010203   Data           1  main.o(.data)
    g_cfg_freq_hz                            0x24010204   Data           2  main.o(.data)
    g_cfg_points                             0x24010206   Data           2  main.o(.data)
    wave_points                              0x24010208   Data           2  main.o(.data)
    device_config                            0x2401020a   Data           6  main.o(.data)
    Temp                                     0x24010210   Data           4  main.o(.data)
    temp_timer                               0x24010214   Data           4  main.o(.data)
    temp_state                               0x24010218   Data           1  main.o(.data)
    z_buffer_state                           0x24010219   Data           1  main.o(.data)
    xy_buffer_state                          0x2401021a   Data           1  main.o(.data)
    z_data_ready_flag                        0x2401021b   Data           1  main.o(.data)
    xy_data_ready_flag                       0x2401021c   Data           1  main.o(.data)
    uwTick                                   0x24010224   Data           4  stm32h7xx_hal.o(.data)
    uwTickPrio                               0x24010228   Data           4  stm32h7xx_hal.o(.data)
    uwTickFreq                               0x2401022c   Data           1  stm32h7xx_hal.o(.data)
    SystemCoreClock                          0x24010230   Data           4  system_stm32h7xx.o(.data)
    SystemD2Clock                            0x24010234   Data           4  system_stm32h7xx.o(.data)
    g_z_offset_g                             0x24010238   Data           4  eigenvalue calculation.o(.data)
    fr                                       0x2401023c   Data           4  eigenvalue calculation.o(.data)
    g_tx_busy                                0x24010246   Data           1  modbus_rtu.o(.data)
    __stdout                                 0x2401026c   Data           4  stdout.o(.data)
    Process_Buffer_Z                         0x24010280   Data        8192  main.o(.bss)
    Process_Buffer_XY                        0x24012280   Data       16384  main.o(.bss)
    g_data_x                                 0x24016280   Data       16384  main.o(.bss)
    g_data_y                                 0x2401a280   Data       16384  main.o(.bss)
    g_data_z                                 0x2401e280   Data       16384  main.o(.bss)
    X_data                                   0x24022280   Data          36  main.o(.bss)
    Y_data                                   0x240222a4   Data          36  main.o(.bss)
    Z_data                                   0x240222c8   Data          36  main.o(.bss)
    hadc1                                    0x240222ec   Data         112  adc.o(.bss)
    hadc2                                    0x2402235c   Data         112  adc.o(.bss)
    hdma_adc1                                0x240223cc   Data         120  adc.o(.bss)
    hdma_adc2                                0x24022444   Data         120  adc.o(.bss)
    htim2                                    0x240224bc   Data          76  tim.o(.bss)
    htim3                                    0x24022508   Data          76  tim.o(.bss)
    huart3                                   0x24022554   Data         148  usart.o(.bss)
    hdma_usart3_rx                           0x240225e8   Data         120  usart.o(.bss)
    hdma_usart3_tx                           0x24022660   Data         120  usart.o(.bss)
    pFlash                                   0x240226d8   Data          28  stm32h7xx_hal_flash.o(.bss)
    uid_me                                   0x2402a70c   Data          12  modbus_rtu.o(.bss)
    __initial_sp                             0x2402ace0   Data           0  startup_stm32h723xx.o(STACK)



==============================================================================

Memory Map of the image

  Image Entry point : 0x080002cd

  Load Region LR_IROM1 (Base: 0x08000000, Size: 0x0003a114, Max: 0x00100000, ABSOLUTE, COMPRESSED[0x0002a0bc])

    Execution Region ER_IROM1 (Exec base: 0x08000000, Load base: 0x08000000, Size: 0x00029ea0, Max: 0x00100000, ABSOLUTE)

    Exec Addr    Load Addr    Size         Type   Attr      Idx    E Section Name        Object

    0x08000000   0x08000000   0x000002cc   Data   RO            3    RESET               startup_stm32h723xx.o
    0x080002cc   0x080002cc   0x00000000   Code   RO         6120  * .ARM.Collect$$$$00000000  mc_w.l(entry.o)
    0x080002cc   0x080002cc   0x00000004   Code   RO         6394    .ARM.Collect$$$$00000001  mc_w.l(entry2.o)
    0x080002d0   0x080002d0   0x00000004   Code   RO         6397    .ARM.Collect$$$$00000004  mc_w.l(entry5.o)
    0x080002d4   0x080002d4   0x00000000   Code   RO         6399    .ARM.Collect$$$$00000008  mc_w.l(entry7b.o)
    0x080002d4   0x080002d4   0x00000000   Code   RO         6401    .ARM.Collect$$$$0000000A  mc_w.l(entry8b.o)
    0x080002d4   0x080002d4   0x00000008   Code   RO         6402    .ARM.Collect$$$$0000000B  mc_w.l(entry9a.o)
    0x080002dc   0x080002dc   0x00000004   Code   RO         6409    .ARM.Collect$$$$0000000E  mc_w.l(entry12b.o)
    0x080002e0   0x080002e0   0x00000000   Code   RO         6404    .ARM.Collect$$$$0000000F  mc_w.l(entry10a.o)
    0x080002e0   0x080002e0   0x00000000   Code   RO         6406    .ARM.Collect$$$$00000011  mc_w.l(entry11a.o)
    0x080002e0   0x080002e0   0x00000004   Code   RO         6395    .ARM.Collect$$$$00002712  mc_w.l(entry2.o)
    0x080002e4   0x080002e4   0x00000024   Code   RO            4    .text               startup_stm32h723xx.o
    0x08000308   0x08000308   0x00000062   Code   RO         6123    .text               mc_w.l(uldiv.o)
    0x0800036a   0x0800036a   0x00000024   Code   RO         6125    .text               mc_w.l(memcpya.o)
    0x0800038e   0x0800038e   0x00000024   Code   RO         6127    .text               mc_w.l(memseta.o)
    0x080003b2   0x080003b2   0x0000001a   Code   RO         6129    .text               mc_w.l(memcmp.o)
    0x080003cc   0x080003cc   0x0000002c   Code   RO         6411    .text               mc_w.l(uidiv.o)
    0x080003f8   0x080003f8   0x0000001e   Code   RO         6413    .text               mc_w.l(llshl.o)
    0x08000416   0x08000416   0x00000020   Code   RO         6415    .text               mc_w.l(llushr.o)
    0x08000436   0x08000436   0x00000000   Code   RO         6424    .text               mc_w.l(iusefp.o)
    0x08000436   0x08000436   0x0000014e   Code   RO         6425    .text               mf_w.l(dadd.o)
    0x08000584   0x08000584   0x000000e4   Code   RO         6427    .text               mf_w.l(dmul.o)
    0x08000668   0x08000668   0x000000de   Code   RO         6429    .text               mf_w.l(ddiv.o)
    0x08000746   0x08000746   0x00000030   Code   RO         6431    .text               mf_w.l(dfixul.o)
    0x08000776   0x08000776   0x00000002   PAD
    0x08000778   0x08000778   0x00000030   Code   RO         6433    .text               mf_w.l(cdrcmple.o)
    0x080007a8   0x080007a8   0x00000024   Code   RO         6435    .text               mc_w.l(init.o)
    0x080007cc   0x080007cc   0x00000024   Code   RO         6437    .text               mc_w.l(llsshr.o)
    0x080007f0   0x080007f0   0x000000ba   Code   RO         6439    .text               mf_w.l(depilogue.o)
    0x080008aa   0x080008aa   0x00000056   Code   RO         6449    .text               mc_w.l(__dczerorl2.o)
    0x08000900   0x08000900   0x0000004c   Code   RO         5991    .text.arm_bitreversal_32  arm_cortexM7lfsp_math.lib(arm_bitreversal2.o)
    0x0800094c   0x0800094c   0x000000dc   Code   RO         5894    .text.arm_cfft_f32  arm_cortexM7lfsp_math.lib(arm_cfft_f32.o)
    0x08000a28   0x08000a28   0x0000017e   Code   RO         5890    .text.arm_cfft_radix8by2_f32  arm_cortexM7lfsp_math.lib(arm_cfft_f32.o)
    0x08000ba6   0x08000ba6   0x00000002   PAD
    0x08000ba8   0x08000ba8   0x000003dc   Code   RO         5892    .text.arm_cfft_radix8by4_f32  arm_cortexM7lfsp_math.lib(arm_cfft_f32.o)
    0x08000f84   0x08000f84   0x00000138   Code   RO         5879    .text.arm_cmplx_mag_f32  arm_cortexM7lfsp_math.lib(arm_cmplx_mag_f32.o)
    0x080010bc   0x080010bc   0x00000524   Code   RO         6004    .text.arm_radix8_butterfly_f32  arm_cortexM7lfsp_math.lib(arm_cfft_radix8_f32.o)
    0x080015e0   0x080015e0   0x0000003c   Code   RO         5915    .text.arm_rfft_1024_fast_init_f32  arm_cortexM7lfsp_math.lib(arm_rfft_fast_init_f32.o)
    0x0800161c   0x0800161c   0x0000003c   Code   RO         5917    .text.arm_rfft_2048_fast_init_f32  arm_cortexM7lfsp_math.lib(arm_rfft_fast_init_f32.o)
    0x08001658   0x08001658   0x00000038   Code   RO         5911    .text.arm_rfft_256_fast_init_f32  arm_cortexM7lfsp_math.lib(arm_rfft_fast_init_f32.o)
    0x08001690   0x08001690   0x00000036   Code   RO         5905    .text.arm_rfft_32_fast_init_f32  arm_cortexM7lfsp_math.lib(arm_rfft_fast_init_f32.o)
    0x080016c6   0x080016c6   0x0000003c   Code   RO         5919    .text.arm_rfft_4096_fast_init_f32  arm_cortexM7lfsp_math.lib(arm_rfft_fast_init_f32.o)
    0x08001702   0x08001702   0x0000003c   Code   RO         5913    .text.arm_rfft_512_fast_init_f32  arm_cortexM7lfsp_math.lib(arm_rfft_fast_init_f32.o)
    0x0800173e   0x0800173e   0x00000036   Code   RO         5907    .text.arm_rfft_64_fast_init_f32  arm_cortexM7lfsp_math.lib(arm_rfft_fast_init_f32.o)
    0x08001774   0x08001774   0x0000007e   Code   RO         5921    .text.arm_rfft_fast_init_f32  arm_cortexM7lfsp_math.lib(arm_rfft_fast_init_f32.o)
    0x080017f2   0x080017f2   0x00000002   PAD
    0x080017f4   0x080017f4   0x00000064   Code   RO         5678    i.ACQ_Init          app_acq.o
    0x08001858   0x08001858   0x0000003c   Code   RO         5679    i.ACQ_SetFreqHz     app_acq.o
    0x08001894   0x08001894   0x00000130   Code   RO          678    i.ADC_ConfigureBoostMode  stm32h7xx_hal_adc.o
    0x080019c4   0x080019c4   0x00000092   Code   RO          680    i.ADC_DMAConvCplt   stm32h7xx_hal_adc.o
    0x08001a56   0x08001a56   0x0000001e   Code   RO          681    i.ADC_DMAError      stm32h7xx_hal_adc.o
    0x08001a74   0x08001a74   0x0000000e   Code   RO          682    i.ADC_DMAHalfConvCplt  stm32h7xx_hal_adc.o
    0x08001a82   0x08001a82   0x00000002   PAD
    0x08001a84   0x08001a84   0x00000094   Code   RO          683    i.ADC_Disable       stm32h7xx_hal_adc.o
    0x08001b18   0x08001b18   0x000000cc   Code   RO          684    i.ADC_Enable        stm32h7xx_hal_adc.o
    0x08001be4   0x08001be4   0x00000018   Code   RO          522    i.ADC_IRQHandler    stm32h7xx_it.o
    0x08001bfc   0x08001bfc   0x00000058   Code   RO           13    i.App_ConfigInit    main.o
    0x08001c54   0x08001c54   0x00000004   Code   RO          523    i.BusFault_Handler  stm32h7xx_it.o
    0x08001c58   0x08001c58   0x0000004c   Code   RO         5751    i.CALIBRATION_Config_SendAck  modbus_rtu.o
    0x08001ca4   0x08001ca4   0x00000170   Code   RO         5504    i.Calc_Envelope_Z   eigenvalue calculation.o
    0x08001e14   0x08001e14   0x00000158   Code   RO         5505    i.Calc_FreqDomain_Z  eigenvalue calculation.o
    0x08001f6c   0x08001f6c   0x00000014   Code   RO         5506    i.Calc_Init         eigenvalue calculation.o
    0x08001f80   0x08001f80   0x00000124   Code   RO         5507    i.Calc_TimeDomain_Only  eigenvalue calculation.o
    0x080020a4   0x080020a4   0x0000004c   Code   RO         5752    i.Cfg_SendAck       modbus_rtu.o
    0x080020f0   0x080020f0   0x0000003c   Code   RO         5753    i.Config_ParseAndApply_Freq  modbus_rtu.o
    0x0800212c   0x0800212c   0x00000040   Code   RO         5754    i.Config_ParseAndApply_Point  modbus_rtu.o
    0x0800216c   0x0800216c   0x000000e4   Code   RO         5683    i.Config_Timer      app_acq.o
    0x08002250   0x08002250   0x00000010   Code   RO          524    i.DMA1_Stream0_IRQHandler  stm32h7xx_it.o
    0x08002260   0x08002260   0x00000010   Code   RO          525    i.DMA1_Stream1_IRQHandler  stm32h7xx_it.o
    0x08002270   0x08002270   0x00000010   Code   RO          526    i.DMA2_Stream0_IRQHandler  stm32h7xx_it.o
    0x08002280   0x08002280   0x00000010   Code   RO          527    i.DMA2_Stream1_IRQHandler  stm32h7xx_it.o
    0x08002290   0x08002290   0x000000ec   Code   RO         1944    i.DMA_CalcBaseAndBitshift  stm32h7xx_hal_dma.o
    0x0800237c   0x0800237c   0x000000c4   Code   RO         1945    i.DMA_CalcDMAMUXChannelBaseAndMask  stm32h7xx_hal_dma.o
    0x08002440   0x08002440   0x00000098   Code   RO         1946    i.DMA_CalcDMAMUXRequestGenBaseAndMask  stm32h7xx_hal_dma.o
    0x080024d8   0x080024d8   0x000000ae   Code   RO         1947    i.DMA_CheckFifoParam  stm32h7xx_hal_dma.o
    0x08002586   0x08002586   0x00000002   PAD
    0x08002588   0x08002588   0x00000274   Code   RO         1948    i.DMA_SetConfig     stm32h7xx_hal_dma.o
    0x080027fc   0x080027fc   0x00000002   Code   RO          528    i.DebugMon_Handler  stm32h7xx_it.o
    0x080027fe   0x080027fe   0x0000000c   Code   RO         5392    i.Ds18b20_Init      ds18b20.o
    0x0800280a   0x0800280a   0x00000022   Code   RO         5393    i.Ds18b20_Read_Byte  ds18b20.o
    0x0800282c   0x0800282c   0x0000002c   Code   RO         5394    i.Ds18b20_Read_Result  ds18b20.o
    0x08002858   0x08002858   0x00000094   Code   RO         5395    i.Ds18b20_Rst       ds18b20.o
    0x080028ec   0x080028ec   0x00000014   Code   RO         5396    i.Ds18b20_Start     ds18b20.o
    0x08002900   0x08002900   0x00000028   Code   RO         5397    i.Ds18b20_Write_Byte  ds18b20.o
    0x08002928   0x08002928   0x000000b4   Code   RO         5508    i.Eigen_Separate_And_Convert  eigenvalue calculation.o
    0x080029dc   0x080029dc   0x00000006   Code   RO           14    i.Error_Handler     main.o
    0x080029e2   0x080029e2   0x00000002   PAD
    0x080029e4   0x080029e4   0x00000030   Code   RO         1620    i.FLASH_Erase_Sector  stm32h7xx_hal_flash_ex.o
    0x08002a14   0x08002a14   0x0000002c   Code   RO         1621    i.FLASH_MassErase   stm32h7xx_hal_flash_ex.o
    0x08002a40   0x08002a40   0x00000084   Code   RO         1512    i.FLASH_WaitForLastOperation  stm32h7xx_hal_flash.o
    0x08002ac4   0x08002ac4   0x0000007c   Code   RO         5601    i.Flash_ReadConfig  flash.o
    0x08002b40   0x08002b40   0x00000022   Code   RO         5603    i.Flash_UpdateFreq  flash.o
    0x08002b62   0x08002b62   0x00000022   Code   RO         5604    i.Flash_UpdatePoints  flash.o
    0x08002b84   0x08002b84   0x00000032   Code   RO         5605    i.Flash_WriteConfig  flash.o
    0x08002bb6   0x08002bb6   0x00000022   Code   RO         5606    i.Flash_WriteDeviceAddr  flash.o
    0x08002bd8   0x08002bd8   0x00000038   Code   RO         5398    i.Get_Tempetature   ds18b20.o
    0x08002c10   0x08002c10   0x000000b8   Code   RO          955    i.HAL_ADCEx_Calibration_Start  stm32h7xx_hal_adc_ex.o
    0x08002cc8   0x08002cc8   0x00000002   Code   RO          959    i.HAL_ADCEx_EndOfSamplingCallback  stm32h7xx_hal_adc_ex.o
    0x08002cca   0x08002cca   0x00000002   Code   RO          962    i.HAL_ADCEx_InjectedConvCpltCallback  stm32h7xx_hal_adc_ex.o
    0x08002ccc   0x08002ccc   0x00000002   Code   RO          965    i.HAL_ADCEx_InjectedQueueOverflowCallback  stm32h7xx_hal_adc_ex.o
    0x08002cce   0x08002cce   0x00000002   Code   RO          970    i.HAL_ADCEx_LevelOutOfWindow2Callback  stm32h7xx_hal_adc_ex.o
    0x08002cd0   0x08002cd0   0x00000002   Code   RO          971    i.HAL_ADCEx_LevelOutOfWindow3Callback  stm32h7xx_hal_adc_ex.o
    0x08002cd2   0x08002cd2   0x00000002   PAD
    0x08002cd4   0x08002cd4   0x00000164   Code   RO          975    i.HAL_ADCEx_MultiModeConfigChannel  stm32h7xx_hal_adc_ex.o
    0x08002e38   0x08002e38   0x00000790   Code   RO          686    i.HAL_ADC_ConfigChannel  stm32h7xx_hal_adc.o
    0x080035c8   0x080035c8   0x0000005c   Code   RO           15    i.HAL_ADC_ConvCpltCallback  main.o
    0x08003624   0x08003624   0x0000005c   Code   RO           16    i.HAL_ADC_ConvHalfCpltCallback  main.o
    0x08003680   0x08003680   0x00000002   Code   RO          690    i.HAL_ADC_ErrorCallback  stm32h7xx_hal_adc.o
    0x08003682   0x08003682   0x00000002   PAD
    0x08003684   0x08003684   0x00000358   Code   RO          694    i.HAL_ADC_IRQHandler  stm32h7xx_hal_adc.o
    0x080039dc   0x080039dc   0x00000340   Code   RO          695    i.HAL_ADC_Init      stm32h7xx_hal_adc.o
    0x08003d1c   0x08003d1c   0x00000002   Code   RO          696    i.HAL_ADC_LevelOutOfWindowCallback  stm32h7xx_hal_adc.o
    0x08003d1e   0x08003d1e   0x00000002   PAD
    0x08003d20   0x08003d20   0x000001d8   Code   RO          326    i.HAL_ADC_MspInit   adc.o
    0x08003ef8   0x08003ef8   0x00000170   Code   RO          702    i.HAL_ADC_Start_DMA  stm32h7xx_hal_adc.o
    0x08004068   0x08004068   0x000004dc   Code   RO         1949    i.HAL_DMA_Abort     stm32h7xx_hal_dma.o
    0x08004544   0x08004544   0x00000398   Code   RO         1950    i.HAL_DMA_Abort_IT  stm32h7xx_hal_dma.o
    0x080048dc   0x080048dc   0x00000006   Code   RO         1952    i.HAL_DMA_GetError  stm32h7xx_hal_dma.o
    0x080048e2   0x080048e2   0x00000002   PAD
    0x080048e4   0x080048e4   0x00000af8   Code   RO         1954    i.HAL_DMA_IRQHandler  stm32h7xx_hal_dma.o
    0x080053dc   0x080053dc   0x00000514   Code   RO         1955    i.HAL_DMA_Init      stm32h7xx_hal_dma.o
    0x080058f0   0x080058f0   0x000003e0   Code   RO         1959    i.HAL_DMA_Start_IT  stm32h7xx_hal_dma.o
    0x08005cd0   0x08005cd0   0x00000028   Code   RO         2804    i.HAL_Delay         stm32h7xx_hal.o
    0x08005cf8   0x08005cf8   0x000000d4   Code   RO         1642    i.HAL_FLASHEx_Erase  stm32h7xx_hal_flash_ex.o
    0x08005dcc   0x08005dcc   0x00000024   Code   RO         1516    i.HAL_FLASH_Lock    stm32h7xx_hal_flash.o
    0x08005df0   0x08005df0   0x000000ec   Code   RO         1521    i.HAL_FLASH_Program  stm32h7xx_hal_flash.o
    0x08005edc   0x08005edc   0x00000034   Code   RO         1523    i.HAL_FLASH_Unlock  stm32h7xx_hal_flash.o
    0x08005f10   0x08005f10   0x000001f0   Code   RO         1797    i.HAL_GPIO_Init     stm32h7xx_hal_gpio.o
    0x08006100   0x08006100   0x00000010   Code   RO         1799    i.HAL_GPIO_ReadPin  stm32h7xx_hal_gpio.o
    0x08006110   0x08006110   0x0000000c   Code   RO         1801    i.HAL_GPIO_WritePin  stm32h7xx_hal_gpio.o
    0x0800611c   0x0800611c   0x0000000c   Code   RO         2820    i.HAL_GetTick       stm32h7xx_hal.o
    0x08006128   0x08006128   0x0000000c   Code   RO         2823    i.HAL_GetUIDw0      stm32h7xx_hal.o
    0x08006134   0x08006134   0x0000000c   Code   RO         2824    i.HAL_GetUIDw1      stm32h7xx_hal.o
    0x08006140   0x08006140   0x0000000c   Code   RO         2825    i.HAL_GetUIDw2      stm32h7xx_hal.o
    0x0800614c   0x0800614c   0x00000018   Code   RO         2826    i.HAL_IncTick       stm32h7xx_hal.o
    0x08006164   0x08006164   0x00000060   Code   RO         2827    i.HAL_Init          stm32h7xx_hal.o
    0x080061c4   0x080061c4   0x00000058   Code   RO         2828    i.HAL_InitTick      stm32h7xx_hal.o
    0x0800621c   0x0800621c   0x0000005c   Code   RO         2640    i.HAL_MPU_ConfigRegion  stm32h7xx_hal_cortex.o
    0x08006278   0x08006278   0x0000002c   Code   RO         2641    i.HAL_MPU_Disable   stm32h7xx_hal_cortex.o
    0x080062a4   0x080062a4   0x00000040   Code   RO         2643    i.HAL_MPU_Enable    stm32h7xx_hal_cortex.o
    0x080062e4   0x080062e4   0x00000024   Code   RO          650    i.HAL_MspInit       stm32h7xx_hal_msp.o
    0x08006308   0x08006308   0x00000028   Code   RO         2647    i.HAL_NVIC_EnableIRQ  stm32h7xx_hal_cortex.o
    0x08006330   0x08006330   0x0000007a   Code   RO         2653    i.HAL_NVIC_SetPriority  stm32h7xx_hal_cortex.o
    0x080063aa   0x080063aa   0x00000002   PAD
    0x080063ac   0x080063ac   0x00000028   Code   RO         2654    i.HAL_NVIC_SetPriorityGrouping  stm32h7xx_hal_cortex.o
    0x080063d4   0x080063d4   0x00000060   Code   RO         2398    i.HAL_PWREx_ConfigSupply  stm32h7xx_hal_pwr_ex.o
    0x08006434   0x08006434   0x00000024   Code   RO         1340    i.HAL_RCCEx_GetD3PCLK1Freq  stm32h7xx_hal_rcc_ex.o
    0x08006458   0x08006458   0x00000230   Code   RO         1341    i.HAL_RCCEx_GetPLL1ClockFreq  stm32h7xx_hal_rcc_ex.o
    0x08006688   0x08006688   0x00000230   Code   RO         1342    i.HAL_RCCEx_GetPLL2ClockFreq  stm32h7xx_hal_rcc_ex.o
    0x080068b8   0x080068b8   0x00000230   Code   RO         1343    i.HAL_RCCEx_GetPLL3ClockFreq  stm32h7xx_hal_rcc_ex.o
    0x08006ae8   0x08006ae8   0x000007ac   Code   RO         1345    i.HAL_RCCEx_GetPeriphCLKFreq  stm32h7xx_hal_rcc_ex.o
    0x08007294   0x08007294   0x00000cc8   Code   RO         1349    i.HAL_RCCEx_PeriphCLKConfig  stm32h7xx_hal_rcc_ex.o
    0x08007f5c   0x08007f5c   0x00000320   Code   RO         1225    i.HAL_RCC_ClockConfig  stm32h7xx_hal_rcc.o
    0x0800827c   0x0800827c   0x0000004c   Code   RO         1230    i.HAL_RCC_GetHCLKFreq  stm32h7xx_hal_rcc.o
    0x080082c8   0x080082c8   0x00000024   Code   RO         1232    i.HAL_RCC_GetPCLK1Freq  stm32h7xx_hal_rcc.o
    0x080082ec   0x080082ec   0x00000024   Code   RO         1233    i.HAL_RCC_GetPCLK2Freq  stm32h7xx_hal_rcc.o
    0x08008310   0x08008310   0x0000022c   Code   RO         1234    i.HAL_RCC_GetSysClockFreq  stm32h7xx_hal_rcc.o
    0x0800853c   0x0800853c   0x0000075c   Code   RO         1237    i.HAL_RCC_OscConfig  stm32h7xx_hal_rcc.o
    0x08008c98   0x08008c98   0x00000034   Code   RO         2658    i.HAL_SYSTICK_Config  stm32h7xx_hal_cortex.o
    0x08008ccc   0x08008ccc   0x00000002   Code   RO         4470    i.HAL_TIMEx_Break2Callback  stm32h7xx_hal_tim_ex.o
    0x08008cce   0x08008cce   0x00000002   Code   RO         4471    i.HAL_TIMEx_BreakCallback  stm32h7xx_hal_tim_ex.o
    0x08008cd0   0x08008cd0   0x00000002   Code   RO         4472    i.HAL_TIMEx_CommutCallback  stm32h7xx_hal_tim_ex.o
    0x08008cd2   0x08008cd2   0x00000002   PAD
    0x08008cd4   0x08008cd4   0x000000e4   Code   RO         4493    i.HAL_TIMEx_MasterConfigSynchronization  stm32h7xx_hal_tim_ex.o
    0x08008db8   0x08008db8   0x0000006e   Code   RO         3745    i.HAL_TIM_Base_Init  stm32h7xx_hal_tim.o
    0x08008e26   0x08008e26   0x00000002   PAD
    0x08008e28   0x08008e28   0x00000078   Code   RO          407    i.HAL_TIM_Base_MspInit  tim.o
    0x08008ea0   0x08008ea0   0x000000c0   Code   RO         3748    i.HAL_TIM_Base_Start  stm32h7xx_hal_tim.o
    0x08008f60   0x08008f60   0x00000134   Code   RO         3754    i.HAL_TIM_ConfigClockSource  stm32h7xx_hal_tim.o
    0x08009094   0x08009094   0x00000002   Code   RO         3779    i.HAL_TIM_IC_CaptureCallback  stm32h7xx_hal_tim.o
    0x08009096   0x08009096   0x00000198   Code   RO         3793    i.HAL_TIM_IRQHandler  stm32h7xx_hal_tim.o
    0x0800922e   0x0800922e   0x00000002   Code   RO         3796    i.HAL_TIM_OC_DelayElapsedCallback  stm32h7xx_hal_tim.o
    0x08009230   0x08009230   0x00000002   Code   RO         3823    i.HAL_TIM_PWM_PulseFinishedCallback  stm32h7xx_hal_tim.o
    0x08009232   0x08009232   0x00000002   Code   RO         3831    i.HAL_TIM_PeriodElapsedCallback  stm32h7xx_hal_tim.o
    0x08009234   0x08009234   0x00000002   Code   RO         3836    i.HAL_TIM_TriggerCallback  stm32h7xx_hal_tim.o
    0x08009236   0x08009236   0x0000004e   Code   RO         5198    i.HAL_UARTEx_DisableFifoMode  stm32h7xx_hal_uart_ex.o
    0x08009284   0x08009284   0x00000002   Code   RO         4782    i.HAL_UARTEx_RxEventCallback  stm32h7xx_hal_uart.o
    0x08009286   0x08009286   0x00000002   Code   RO         5206    i.HAL_UARTEx_RxFifoFullCallback  stm32h7xx_hal_uart_ex.o
    0x08009288   0x08009288   0x0000005e   Code   RO         5207    i.HAL_UARTEx_SetRxFifoThreshold  stm32h7xx_hal_uart_ex.o
    0x080092e6   0x080092e6   0x0000005e   Code   RO         5208    i.HAL_UARTEx_SetTxFifoThreshold  stm32h7xx_hal_uart_ex.o
    0x08009344   0x08009344   0x00000002   Code   RO         5210    i.HAL_UARTEx_TxFifoEmptyCallback  stm32h7xx_hal_uart_ex.o
    0x08009346   0x08009346   0x00000002   Code   RO         5211    i.HAL_UARTEx_WakeupCallback  stm32h7xx_hal_uart_ex.o
    0x08009348   0x08009348   0x000000be   Code   RO         4794    i.HAL_UART_DMAStop  stm32h7xx_hal_uart.o
    0x08009406   0x08009406   0x00000002   Code   RO         4798    i.HAL_UART_ErrorCallback  stm32h7xx_hal_uart.o
    0x08009408   0x08009408   0x00000494   Code   RO         4801    i.HAL_UART_IRQHandler  stm32h7xx_hal_uart.o
    0x0800989c   0x0800989c   0x00000078   Code   RO         4802    i.HAL_UART_Init     stm32h7xx_hal_uart.o
    0x08009914   0x08009914   0x00000134   Code   RO          459    i.HAL_UART_MspInit  usart.o
    0x08009a48   0x08009a48   0x0000005c   Code   RO         4806    i.HAL_UART_Receive_DMA  stm32h7xx_hal_uart.o
    0x08009aa4   0x08009aa4   0x00000002   Code   RO         4809    i.HAL_UART_RxCpltCallback  stm32h7xx_hal_uart.o
    0x08009aa6   0x08009aa6   0x00000002   Code   RO         4810    i.HAL_UART_RxHalfCpltCallback  stm32h7xx_hal_uart.o
    0x08009aa8   0x08009aa8   0x000000c2   Code   RO         4811    i.HAL_UART_Transmit  stm32h7xx_hal_uart.o
    0x08009b6a   0x08009b6a   0x00000002   PAD
    0x08009b6c   0x08009b6c   0x000000a0   Code   RO         4812    i.HAL_UART_Transmit_DMA  stm32h7xx_hal_uart.o
    0x08009c0c   0x08009c0c   0x00000018   Code   RO           17    i.HAL_UART_TxCpltCallback  main.o
    0x08009c24   0x08009c24   0x00000002   Code   RO         4815    i.HAL_UART_TxHalfCpltCallback  stm32h7xx_hal_uart.o
    0x08009c26   0x08009c26   0x00000002   PAD
    0x08009c28   0x08009c28   0x00000108   Code   RO         5756    i.HandleSetAddr_Broadcast  modbus_rtu.o
    0x08009d30   0x08009d30   0x00000004   Code   RO          529    i.HardFault_Handler  stm32h7xx_it.o
    0x08009d34   0x08009d34   0x00000010   Code   RO          708    i.LL_ADC_Enable     stm32h7xx_hal_adc.o
    0x08009d44   0x08009d44   0x0000000a   Code   RO          709    i.LL_ADC_GetMultiDMATransfer  stm32h7xx_hal_adc.o
    0x08009d4e   0x08009d4e   0x0000000a   Code   RO          710    i.LL_ADC_GetMultimode  stm32h7xx_hal_adc.o
    0x08009d58   0x08009d58   0x00000012   Code   RO          711    i.LL_ADC_GetOffsetChannel  stm32h7xx_hal_adc.o
    0x08009d6a   0x08009d6a   0x0000000a   Code   RO          712    i.LL_ADC_INJ_IsConversionOngoing  stm32h7xx_hal_adc.o
    0x08009d74   0x08009d74   0x0000000a   Code   RO          713    i.LL_ADC_IsDisableOngoing  stm32h7xx_hal_adc.o
    0x08009d7e   0x08009d7e   0x0000000a   Code   RO          714    i.LL_ADC_IsEnabled  stm32h7xx_hal_adc.o
    0x08009d88   0x08009d88   0x0000000a   Code   RO          988    i.LL_ADC_IsEnabled  stm32h7xx_hal_adc_ex.o
    0x08009d92   0x08009d92   0x0000000a   Code   RO          715    i.LL_ADC_IsInternalRegulatorEnabled  stm32h7xx_hal_adc.o
    0x08009d9c   0x08009d9c   0x0000000a   Code   RO          716    i.LL_ADC_REG_IsConversionOngoing  stm32h7xx_hal_adc.o
    0x08009da6   0x08009da6   0x0000000a   Code   RO          989    i.LL_ADC_REG_IsConversionOngoing  stm32h7xx_hal_adc_ex.o
    0x08009db0   0x08009db0   0x00000012   Code   RO          717    i.LL_ADC_REG_IsTriggerSourceSWStart  stm32h7xx_hal_adc.o
    0x08009dc2   0x08009dc2   0x00000002   PAD
    0x08009dc4   0x08009dc4   0x00000010   Code   RO          718    i.LL_ADC_REG_StartConversion  stm32h7xx_hal_adc.o
    0x08009dd4   0x08009dd4   0x00000028   Code   RO          720    i.LL_ADC_SetChannelSamplingTime  stm32h7xx_hal_adc.o
    0x08009dfc   0x08009dfc   0x0000000c   Code   RO          721    i.LL_ADC_SetCommonPathInternalCh  stm32h7xx_hal_adc.o
    0x08009e08   0x08009e08   0x00000030   Code   RO          722    i.LL_ADC_SetOffsetState  stm32h7xx_hal_adc.o
    0x08009e38   0x08009e38   0x00000056   Code   RO           18    i.MPU_Config        main.o
    0x08009e8e   0x08009e8e   0x00000002   PAD
    0x08009e90   0x08009e90   0x000000b4   Code   RO          327    i.MX_ADC1_Init      adc.o
    0x08009f44   0x08009f44   0x000000b4   Code   RO          328    i.MX_ADC2_Init      adc.o
    0x08009ff8   0x08009ff8   0x00000080   Code   RO          378    i.MX_DMA_Init       dma.o
    0x0800a078   0x0800a078   0x00000104   Code   RO          289    i.MX_GPIO_Init      gpio.o
    0x0800a17c   0x0800a17c   0x00000070   Code   RO          408    i.MX_TIM2_Init      tim.o
    0x0800a1ec   0x0800a1ec   0x00000074   Code   RO          409    i.MX_TIM3_Init      tim.o
    0x0800a260   0x0800a260   0x00000070   Code   RO          460    i.MX_USART3_UART_Init  usart.o
    0x0800a2d0   0x0800a2d0   0x00000004   Code   RO          530    i.MemManage_Handler  stm32h7xx_it.o
    0x0800a2d4   0x0800a2d4   0x0000003e   Code   RO         5757    i.Modbus_CRC16      modbus_rtu.o
    0x0800a312   0x0800a312   0x00000002   PAD
    0x0800a314   0x0800a314   0x0000002c   Code   RO         5399    i.Mode_Input        ds18b20.o
    0x0800a340   0x0800a340   0x00000030   Code   RO         5400    i.Mode_Output       ds18b20.o
    0x0800a370   0x0800a370   0x00000004   Code   RO          531    i.NMI_Handler       stm32h7xx_it.o
    0x0800a374   0x0800a374   0x00000030   Code   RO          461    i.On_IDLE           usart.o
    0x0800a3a4   0x0800a3a4   0x00000002   Code   RO          532    i.PendSV_Handler    stm32h7xx_it.o
    0x0800a3a6   0x0800a3a6   0x00000048   Code   RO           19    i.PeriphCommonClock_Config  main.o
    0x0800a3ee   0x0800a3ee   0x00000002   PAD
    0x0800a3f0   0x0800a3f0   0x00000080   Code   RO         5509    i.Process_Data      eigenvalue calculation.o
    0x0800a470   0x0800a470   0x00000170   Code   RO         5758    i.Protocol_HandleRxFrame  modbus_rtu.o
    0x0800a5e0   0x0800a5e0   0x00000164   Code   RO         1352    i.RCCEx_PLL2_Config  stm32h7xx_hal_rcc_ex.o
    0x0800a744   0x0800a744   0x00000164   Code   RO         1353    i.RCCEx_PLL3_Config  stm32h7xx_hal_rcc_ex.o
    0x0800a8a8   0x0800a8a8   0x00000002   Code   RO          533    i.SVC_Handler       stm32h7xx_it.o
    0x0800a8aa   0x0800a8aa   0x00000002   PAD
    0x0800a8ac   0x0800a8ac   0x00000058   Code   RO           20    i.Start_ADC_DMA     main.o
    0x0800a904   0x0800a904   0x00000008   Code   RO          534    i.SysTick_Handler   stm32h7xx_it.o
    0x0800a90c   0x0800a90c   0x000000b4   Code   RO           22    i.SystemClock_Config  main.o
    0x0800a9c0   0x0800a9c0   0x000000e0   Code   RO         5322    i.SystemInit        system_stm32h7xx.o
    0x0800aaa0   0x0800aaa0   0x00000010   Code   RO          535    i.TIM2_IRQHandler   stm32h7xx_it.o
    0x0800aab0   0x0800aab0   0x00000010   Code   RO          536    i.TIM3_IRQHandler   stm32h7xx_it.o
    0x0800aac0   0x0800aac0   0x000000f0   Code   RO         3838    i.TIM_Base_SetConfig  stm32h7xx_hal_tim.o
    0x0800abb0   0x0800abb0   0x00000016   Code   RO         3849    i.TIM_ETR_SetConfig  stm32h7xx_hal_tim.o
    0x0800abc6   0x0800abc6   0x00000002   PAD
    0x0800abc8   0x0800abc8   0x00000018   Code   RO         3850    i.TIM_ITRx_SetConfig  stm32h7xx_hal_tim.o
    0x0800abe0   0x0800abe0   0x00000026   Code   RO         3858    i.TIM_TI1_ConfigInputStage  stm32h7xx_hal_tim.o
    0x0800ac06   0x0800ac06   0x00000028   Code   RO         3860    i.TIM_TI2_ConfigInputStage  stm32h7xx_hal_tim.o
    0x0800ac2e   0x0800ac2e   0x00000002   PAD
    0x0800ac30   0x0800ac30   0x00000094   Code   RO         5401    i.Tempetature_Dis   ds18b20.o
    0x0800acc4   0x0800acc4   0x0000005c   Code   RO         5402    i.Tempetature_GPIO_Init  ds18b20.o
    0x0800ad20   0x0800ad20   0x00000058   Code   RO         5212    i.UARTEx_SetNbDataToProcess  stm32h7xx_hal_uart_ex.o
    0x0800ad78   0x0800ad78   0x000000f8   Code   RO         4816    i.UART_AdvFeatureConfig  stm32h7xx_hal_uart.o
    0x0800ae70   0x0800ae70   0x000000ea   Code   RO         4817    i.UART_CheckIdleState  stm32h7xx_hal_uart.o
    0x0800af5a   0x0800af5a   0x00000018   Code   RO         4818    i.UART_DMAAbortOnError  stm32h7xx_hal_uart.o
    0x0800af72   0x0800af72   0x0000005e   Code   RO         4819    i.UART_DMAError     stm32h7xx_hal_uart.o
    0x0800afd0   0x0800afd0   0x000000ae   Code   RO         4820    i.UART_DMAReceiveCplt  stm32h7xx_hal_uart.o
    0x0800b07e   0x0800b07e   0x00000026   Code   RO         4822    i.UART_DMARxHalfCplt  stm32h7xx_hal_uart.o
    0x0800b0a4   0x0800b0a4   0x00000054   Code   RO         4824    i.UART_DMATransmitCplt  stm32h7xx_hal_uart.o
    0x0800b0f8   0x0800b0f8   0x0000000e   Code   RO         4826    i.UART_DMATxHalfCplt  stm32h7xx_hal_uart.o
    0x0800b106   0x0800b106   0x00000002   PAD
    0x0800b108   0x0800b108   0x0000006c   Code   RO         4828    i.UART_EndRxTransfer  stm32h7xx_hal_uart.o
    0x0800b174   0x0800b174   0x00000030   Code   RO         4829    i.UART_EndTransmit_IT  stm32h7xx_hal_uart.o
    0x0800b1a4   0x0800b1a4   0x00000040   Code   RO         4830    i.UART_EndTxTransfer  stm32h7xx_hal_uart.o
    0x0800b1e4   0x0800b1e4   0x00000628   Code   RO         4835    i.UART_SetConfig    stm32h7xx_hal_uart.o
    0x0800b80c   0x0800b80c   0x000000c8   Code   RO         4836    i.UART_Start_Receive_DMA  stm32h7xx_hal_uart.o
    0x0800b8d4   0x0800b8d4   0x000000ac   Code   RO         4842    i.UART_WaitOnFlagUntilTimeout  stm32h7xx_hal_uart.o
    0x0800b980   0x0800b980   0x00000046   Code   RO         5759    i.UID_Fill_BE_w0w1w2  modbus_rtu.o
    0x0800b9c6   0x0800b9c6   0x00000002   PAD
    0x0800b9c8   0x0800b9c8   0x00000014   Code   RO          537    i.USART3_IRQHandler  stm32h7xx_it.o
    0x0800b9dc   0x0800b9dc   0x0000013c   Code   RO          462    i.USAR_UART_IDLECallback  usart.o
    0x0800bb18   0x0800bb18   0x00000030   Code   RO           23    i.Uart3_RxStart     main.o
    0x0800bb48   0x0800bb48   0x00000004   Code   RO          538    i.UsageFault_Handler  stm32h7xx_it.o
    0x0800bb4c   0x0800bb4c   0x00000040   Code   RO         5510    i.XYcode_to_g       eigenvalue calculation.o
    0x0800bb8c   0x0800bb8c   0x00000054   Code   RO         5511    i.Z_Calib_Z_Upright_Neg1G  eigenvalue calculation.o
    0x0800bbe0   0x0800bbe0   0x00000020   Code   RO         6366    i.__0printf         mc_w.l(printfa.o)
    0x0800bc00   0x0800bc00   0x00000010   Code   RO         2660    i.__NVIC_GetPriorityGrouping  stm32h7xx_hal_cortex.o
    0x0800bc10   0x0800bc10   0x00000028   Code   RO         2661    i.__NVIC_SetPriority  stm32h7xx_hal_cortex.o
    0x0800bc38   0x0800bc38   0x0000003a   Code   RO         6108    i.__hardfp_sqrtf    m_wv.l(sqrtf.o)
    0x0800bc72   0x0800bc72   0x0000000e   Code   RO         6443    i.__scatterload_copy  mc_w.l(handlers.o)
    0x0800bc80   0x0800bc80   0x00000002   Code   RO         6444    i.__scatterload_null  mc_w.l(handlers.o)
    0x0800bc82   0x0800bc82   0x0000000e   Code   RO         6445    i.__scatterload_zeroinit  mc_w.l(handlers.o)
    0x0800bc90   0x0800bc90   0x0000000c   Code   RO         6419    i.__set_errno       mc_w.l(errno.o)
    0x0800bc9c   0x0800bc9c   0x00000184   Code   RO         6373    i._fp_digits        mc_w.l(printfa.o)
    0x0800be20   0x0800be20   0x000006b4   Code   RO         6374    i._printf_core      mc_w.l(printfa.o)
    0x0800c4d4   0x0800c4d4   0x00000024   Code   RO         6375    i._printf_post_padding  mc_w.l(printfa.o)
    0x0800c4f8   0x0800c4f8   0x0000002e   Code   RO         6376    i._printf_pre_padding  mc_w.l(printfa.o)
    0x0800c526   0x0800c526   0x00000002   PAD
    0x0800c528   0x0800c528   0x0000002c   Code   RO         5607    i.cfg_default       flash.o
    0x0800c554   0x0800c554   0x00000054   Code   RO         5608    i.cfg_program       flash.o
    0x0800c5a8   0x0800c5a8   0x0000003c   Code   RO         5609    i.crc16_modbus_local  flash.o
    0x0800c5e4   0x0800c5e4   0x00000024   Code   RO         5359    i.delay_us          delay.o
    0x0800c608   0x0800c608   0x00000050   Code   RO         5403    i.ds18b20_read_bit  ds18b20.o
    0x0800c658   0x0800c658   0x00000030   Code   RO         5404    i.ds18b20_write_one  ds18b20.o
    0x0800c688   0x0800c688   0x00000030   Code   RO         5405    i.ds18b20_write_zero  ds18b20.o
    0x0800c6b8   0x0800c6b8   0x00000020   Code   RO          463    i.fputc             usart.o
    0x0800c6d8   0x0800c6d8   0x00000144   Code   RO           24    i.main              main.o
    0x0800c81c   0x0800c81c   0x0000031c   Code   RO         5512    i.print_FEATURE     eigenvalue calculation.o
    0x0800cb38   0x0800cb38   0x00000044   Code   RO         5513    i.print_g_data      eigenvalue calculation.o
    0x0800cb7c   0x0800cb7c   0x00000028   Code   RO         5761    i.put_be_f32        modbus_rtu.o
    0x0800cba4   0x0800cba4   0x0000000c   Code   RO         5762    i.rd_be16           modbus_rtu.o
    0x0800cbb0   0x0800cbb0   0x00000064   Code   RO         5763    i.send_discover_rsp  modbus_rtu.o
    0x0800cc14   0x0800cc14   0x00000184   Code   RO         5764    i.send_feature_pkt  modbus_rtu.o
    0x0800cd98   0x0800cd98   0x0000004c   Code   RO         5766    i.send_wave_ack     modbus_rtu.o
    0x0800cde4   0x0800cde4   0x000000b8   Code   RO         5767    i.send_wave_pkt     modbus_rtu.o
    0x0800ce9c   0x0800ce9c   0x0000002c   Code   RO         5768    i.uart3_send_dma    modbus_rtu.o
    0x0800cec8   0x0800cec8   0x00000008   Data   RO         1961    .constdata          stm32h7xx_hal_dma.o
    0x0800ced0   0x0800ced0   0x00000018   Data   RO         4843    .constdata          stm32h7xx_hal_uart.o
    0x0800cee8   0x0800cee8   0x00000010   Data   RO         5214    .constdata          stm32h7xx_hal_uart_ex.o
    0x0800cef8   0x0800cef8   0x00000010   Data   RO         5323    .constdata          system_stm32h7xx.o
    0x0800cf08   0x0800cf08   0x00000e10   Data   RO         6048    .rodata.armBitRevIndexTable1024  arm_cortexM7lfsp_math.lib(arm_common_tables.o)
    0x0800dd18   0x0800dd18   0x000001a0   Data   RO         6045    .rodata.armBitRevIndexTable128  arm_cortexM7lfsp_math.lib(arm_common_tables.o)
    0x0800deb8   0x0800deb8   0x00000028   Data   RO         6042    .rodata.armBitRevIndexTable16  arm_cortexM7lfsp_math.lib(arm_common_tables.o)
    0x0800dee0   0x0800dee0   0x00001dc0   Data   RO         6049    .rodata.armBitRevIndexTable2048  arm_cortexM7lfsp_math.lib(arm_common_tables.o)
    0x0800fca0   0x0800fca0   0x00000370   Data   RO         6046    .rodata.armBitRevIndexTable256  arm_cortexM7lfsp_math.lib(arm_common_tables.o)
    0x08010010   0x08010010   0x00000060   Data   RO         6043    .rodata.armBitRevIndexTable32  arm_cortexM7lfsp_math.lib(arm_common_tables.o)
    0x08010070   0x08010070   0x00001f80   Data   RO         6050    .rodata.armBitRevIndexTable4096  arm_cortexM7lfsp_math.lib(arm_common_tables.o)
    0x08011ff0   0x08011ff0   0x00000380   Data   RO         6047    .rodata.armBitRevIndexTable512  arm_cortexM7lfsp_math.lib(arm_common_tables.o)
    0x08012370   0x08012370   0x00000010   Data   RO         5940    .rodata.arm_cfft_sR_f32_len4096  arm_cortexM7lfsp_math.lib(arm_const_structs.o)
    0x08012380   0x08012380   0x00002000   Data   RO         6021    .rodata.twiddleCoef_1024  arm_cortexM7lfsp_math.lib(arm_common_tables.o)
    0x08014380   0x08014380   0x00000400   Data   RO         6018    .rodata.twiddleCoef_128  arm_cortexM7lfsp_math.lib(arm_common_tables.o)
    0x08014780   0x08014780   0x00000080   Data   RO         6015    .rodata.twiddleCoef_16  arm_cortexM7lfsp_math.lib(arm_common_tables.o)
    0x08014800   0x08014800   0x00004000   Data   RO         6022    .rodata.twiddleCoef_2048  arm_cortexM7lfsp_math.lib(arm_common_tables.o)
    0x08018800   0x08018800   0x00000800   Data   RO         6019    .rodata.twiddleCoef_256  arm_cortexM7lfsp_math.lib(arm_common_tables.o)
    0x08019000   0x08019000   0x00000100   Data   RO         6016    .rodata.twiddleCoef_32  arm_cortexM7lfsp_math.lib(arm_common_tables.o)
    0x08019100   0x08019100   0x00008000   Data   RO         6023    .rodata.twiddleCoef_4096  arm_cortexM7lfsp_math.lib(arm_common_tables.o)
    0x08021100   0x08021100   0x00001000   Data   RO         6020    .rodata.twiddleCoef_512  arm_cortexM7lfsp_math.lib(arm_common_tables.o)
    0x08022100   0x08022100   0x00001000   Data   RO         6065    .rodata.twiddleCoef_rfft_1024  arm_cortexM7lfsp_math.lib(arm_common_tables.o)
    0x08023100   0x08023100   0x00002000   Data   RO         6066    .rodata.twiddleCoef_rfft_2048  arm_cortexM7lfsp_math.lib(arm_common_tables.o)
    0x08025100   0x08025100   0x00000400   Data   RO         6063    .rodata.twiddleCoef_rfft_256  arm_cortexM7lfsp_math.lib(arm_common_tables.o)
    0x08025500   0x08025500   0x00000080   Data   RO         6060    .rodata.twiddleCoef_rfft_32  arm_cortexM7lfsp_math.lib(arm_common_tables.o)
    0x08025580   0x08025580   0x00004000   Data   RO         6067    .rodata.twiddleCoef_rfft_4096  arm_cortexM7lfsp_math.lib(arm_common_tables.o)
    0x08029580   0x08029580   0x00000800   Data   RO         6064    .rodata.twiddleCoef_rfft_512  arm_cortexM7lfsp_math.lib(arm_common_tables.o)
    0x08029d80   0x08029d80   0x00000100   Data   RO         6061    .rodata.twiddleCoef_rfft_64  arm_cortexM7lfsp_math.lib(arm_common_tables.o)
    0x08029e80   0x08029e80   0x00000020   Data   RO         6441    Region$$Table       anon$$obj.o


    Execution Region RW_IRAM1 (Exec base: 0x20000000, Load base: 0x08029ea0, Size: 0x00000000, Max: 0x00020000, ABSOLUTE)

    **** No section assigned to this execution region ****


    Execution Region RW_IRAM2 (Exec base: 0x24000000, Load base: 0x08029ea0, Size: 0x0002ace0, Max: 0x00050000, ABSOLUTE, COMPRESSED[0x0000021c])

    Exec Addr    Load Addr    Size         Type   Attr      Idx    E Section Name        Object

    0x24000000   COMPRESSED   0x00010200   Data   RW           25    .RAM_D2             main.o
    0x24010200   COMPRESSED   0x0000001d   Data   RW           27    .data               main.o
    0x2401021d   COMPRESSED   0x00000003   PAD
    0x24010220   COMPRESSED   0x00000004   Data   RW          330    .data               adc.o
    0x24010224   COMPRESSED   0x00000009   Data   RW         2851    .data               stm32h7xx_hal.o
    0x2401022d   COMPRESSED   0x00000003   PAD
    0x24010230   COMPRESSED   0x00000008   Data   RW         5324    .data               system_stm32h7xx.o
    0x24010238   COMPRESSED   0x00000008   Data   RW         5515    .data               eigenvalue calculation.o
    0x24010240   COMPRESSED   0x00000006   Data   RW         5684    .data               app_acq.o
    0x24010246   COMPRESSED   0x00000024   Data   RW         5771    .data               modbus_rtu.o
    0x2401026a   COMPRESSED   0x00000002   PAD
    0x2401026c   COMPRESSED   0x00000004   Data   RW         6410    .data               mc_w.l(stdout.o)
    0x24010270   COMPRESSED   0x00000004   Data   RW         6420    .data               mc_w.l(errno.o)
    0x24010274        -       0x00012078   Zero   RW           26    .bss                main.o
    0x240222ec        -       0x000001d0   Zero   RW          329    .bss                adc.o
    0x240224bc        -       0x00000098   Zero   RW          410    .bss                tim.o
    0x24022554        -       0x00000184   Zero   RW          464    .bss                usart.o
    0x240226d8        -       0x0000001c   Zero   RW         1524    .bss                stm32h7xx_hal_flash.o
    0x240226f4        -       0x00008018   Zero   RW         5514    .bss                eigenvalue calculation.o
    0x2402a70c        -       0x000001d3   Zero   RW         5770    .bss                modbus_rtu.o
    0x2402a8df   COMPRESSED   0x00000001   PAD
    0x2402a8e0        -       0x00000400   Zero   RW            1    STACK               startup_stm32h723xx.o


==============================================================================

Image component sizes


      Code (inc. data)   RO Data    RW Data    ZI Data      Debug   Object Name

       832         66          0          4        464       3070   adc.o
       388         38          0          6          0       3197   app_acq.o
        36          6          0          0          0        543   delay.o
       128          6          0          0          0        966   dma.o
       862         48          0          0          0       8419   ds18b20.o
      2344        622          0          8      32792      10579   eigenvalue calculation.o
       464         18          0          0          0       6679   flash.o
       260         14          0          0          0       2463   gpio.o
      1100        170          0      66077      73848    1250450   main.o
      1884        108          0         36        467      14099   modbus_rtu.o
        36          8        716          0       1024        848   startup_stm32h723xx.o
       296         66          0          9          0      25414   stm32h7xx_hal.o
      5080        250          0          0          0      87634   stm32h7xx_hal_adc.o
       570         30          0          0          0      71758   stm32h7xx_hal_adc_ex.o
       510         40          0          0          0      42437   stm32h7xx_hal_cortex.o
      8656        164          8          0          0      14169   stm32h7xx_hal_dma.o
       456         40          0          0         28      13838   stm32h7xx_hal_flash.o
       304         22          0          0          0       2829   stm32h7xx_hal_flash_ex.o
       524         50          0          0          0       2943   stm32h7xx_hal_gpio.o
        36          4          0          0          0        958   stm32h7xx_hal_msp.o
        96          6          0          0          0        785   stm32h7xx_hal_pwr_ex.o
      3388        110          0          0          0       7016   stm32h7xx_hal_rcc.o
      7664        184          0          0          0      10779   stm32h7xx_hal_rcc_ex.o
      1392        102          0          0          0      10764   stm32h7xx_hal_tim.o
       234         38          0          0          0       3360   stm32h7xx_hal_tim_ex.o
      5016        184         24          0          0      41023   stm32h7xx_hal_uart.o
       360         10         16          0          0       5658   stm32h7xx_hal_uart_ex.o
       174         48          0          0          0       8419   stm32h7xx_it.o
       224         32         16          8          0       1446   system_stm32h7xx.o
       348         22          0          0        152       2583   tim.o
       816         80          0          0        388       5335   usart.o

    ----------------------------------------------------------------------
     44520       2586        812      66156     109164    1660461   Object Totals
         0          0         32          0          0          0   (incl. Generated)
        42          0          0          8          1          0   (incl. Padding)

    ----------------------------------------------------------------------

      Code (inc. data)   RO Data    RW Data    ZI Data      Debug   Library Member Name

        76          0          0          0          0       1250   arm_bitreversal2.o
      1590          0          0          0          0       6236   arm_cfft_f32.o
      1316          8          0          0          0       4910   arm_cfft_radix8_f32.o
       312          0          0          0          0       2017   arm_cmplx_mag_f32.o
         0          0     118632          0          0       4961   arm_common_tables.o
         0          0         16          0          0       3830   arm_const_structs.o
       530          0          0          0          0       3498   arm_rfft_fast_init_f32.o
        58          0          0          0          0        136   sqrtf.o
        86          0          0          0          0          0   __dczerorl2.o
         0          0          0          0          0          0   entry.o
         0          0          0          0          0          0   entry10a.o
         0          0          0          0          0          0   entry11a.o
         4          0          0          0          0          0   entry12b.o
         8          4          0          0          0          0   entry2.o
         4          0          0          0          0          0   entry5.o
         0          0          0          0          0          0   entry7b.o
         0          0          0          0          0          0   entry8b.o
         8          4          0          0          0          0   entry9a.o
        12          6          0          4          0         68   errno.o
        30          0          0          0          0          0   handlers.o
        36          8          0          0          0         68   init.o
         0          0          0          0          0          0   iusefp.o
        30          0          0          0          0         68   llshl.o
        36          0          0          0          0         68   llsshr.o
        32          0          0          0          0         68   llushr.o
        26          0          0          0          0         80   memcmp.o
        36          0          0          0          0         68   memcpya.o
        36          0          0          0          0        108   memseta.o
      2218         90          0          0          0        464   printfa.o
         0          0          0          4          0          0   stdout.o
        44          0          0          0          0         80   uidiv.o
        98          0          0          0          0         92   uldiv.o
        48          0          0          0          0         68   cdrcmple.o
       334          0          0          0          0        148   dadd.o
       222          0          0          0          0        100   ddiv.o
       186          0          0          0          0        176   depilogue.o
        48          0          0          0          0         68   dfixul.o
       228          0          0          0          0         96   dmul.o

    ----------------------------------------------------------------------
      7700        120     118648          8          0      28726   Library Totals
         8          0          0          0          0          0   (incl. Padding)

    ----------------------------------------------------------------------

      Code (inc. data)   RO Data    RW Data    ZI Data      Debug   Library Name

      3824          8     118648          0          0      26702   arm_cortexM7lfsp_math.lib
        58          0          0          0          0        136   m_wv.l
      2744        112          0          8          0       1232   mc_w.l
      1066          0          0          0          0        656   mf_w.l

    ----------------------------------------------------------------------
      7700        120     118648          8          0      28726   Library Totals

    ----------------------------------------------------------------------

==============================================================================


      Code (inc. data)   RO Data    RW Data    ZI Data      Debug   

     52220       2706     119460      66164     109164    1665971   Grand Totals
     52220       2706     119460        540     109164    1665971   ELF Image Totals (compressed)
     52220       2706     119460        540          0          0   ROM Totals

==============================================================================

    Total RO  Size (Code + RO Data)               171680 ( 167.66kB)
    Total RW  Size (RW Data + ZI Data)            175328 ( 171.22kB)
    Total ROM Size (Code + RO Data + RW Data)     172220 ( 168.18kB)

==============================================================================

