<html>
<body>
<pre>
<h1>µVision Build Log</h1>
<h2>Tool Versions:</h2>
IDE-Version: ¦ÌVision V5.41.0.0
Copyright (C) 2024 ARM Ltd and ARM Germany GmbH. All rights reserved.
License Information: 1 984906729@qq.com, 1, LIC=FYKYW-QSDNY-2ZNW4-FWKAT-XPR12-LIZLA
 
Tool Versions:
Toolchain:       MDK-ARM Plus  Version: 5.41.0.0
Toolchain Path:  D:\Keil5\ARM\ARM_Compiler_5.06u7\Bin
C Compiler:      Armcc.exe V5.06 update 7 (build 960)
Assembler:       Armasm.exe V5.06 update 7 (build 960)
Linker/Locator:  ArmLink.exe V5.06 update 7 (build 960)
Library Manager: ArmAr.exe V5.06 update 7 (build 960)
Hex Converter:   FromElf.exe V5.06 update 7 (build 960)
CPU DLL:         SARMCM3.DLL V5.41.0.0
Dialog DLL:      DCM.DLL V1.17.5.0
Target DLL:      CMSIS_AGDI.dll V1.33.21.0
Dialog DLL:      TCM.DLL V1.56.4.0
 
<h2>Project:</h2>
C:\Users\98490\Desktop\TD11\H723_VibrationSensor\MDK-ARM\H723_VibrationSensor.uvprojx
Project File Date:  12/19/2025

<h2>Output:</h2>
*** Using Compiler 'V5.06 update 7 (build 960)', folder: 'D:\Keil5\ARM\ARM_Compiler_5.06u7\Bin'
Rebuild target 'H723_VibrationSensor'
assembling startup_stm32h723xx.s...
compiling usart.c...
../ICode/Eigenvalue calculation.h(61): warning:  #1295-D: Deprecated declaration print_FEATURE - give arg types
  void print_FEATURE();
../ICode/delay.h(12): warning:  #1-D: last line of file ends without a newline
  #endif /* DELAY_H_ */
../ICode/flash.h(75): warning:  #1-D: last line of file ends without a newline
  #endif /* __FLASH_H__ */
../ICode/app_acq.h(33): warning:  #1-D: last line of file ends without a newline
  #endif
../Core/Src/usart.c: 4 warnings, 0 errors
compiling stm32h7xx_it.c...
../ICode/Eigenvalue calculation.h(61): warning:  #1295-D: Deprecated declaration print_FEATURE - give arg types
  void print_FEATURE();
../ICode/delay.h(12): warning:  #1-D: last line of file ends without a newline
  #endif /* DELAY_H_ */
../ICode/flash.h(75): warning:  #1-D: last line of file ends without a newline
  #endif /* __FLASH_H__ */
../ICode/app_acq.h(33): warning:  #1-D: last line of file ends without a newline
  #endif
../Core/Src/stm32h7xx_it.c: 4 warnings, 0 errors
compiling stm32h7xx_hal_msp.c...
../ICode/Eigenvalue calculation.h(61): warning:  #1295-D: Deprecated declaration print_FEATURE - give arg types
  void print_FEATURE();
../ICode/delay.h(12): warning:  #1-D: last line of file ends without a newline
  #endif /* DELAY_H_ */
../ICode/flash.h(75): warning:  #1-D: last line of file ends without a newline
  #endif /* __FLASH_H__ */
../ICode/app_acq.h(33): warning:  #1-D: last line of file ends without a newline
  #endif
../Core/Src/stm32h7xx_hal_msp.c: 4 warnings, 0 errors
compiling stm32h7xx_hal_flash.c...
compiling stm32h7xx_hal_adc.c...
compiling gpio.c...
../ICode/Eigenvalue calculation.h(61): warning:  #1295-D: Deprecated declaration print_FEATURE - give arg types
  void print_FEATURE();
../ICode/delay.h(12): warning:  #1-D: last line of file ends without a newline
  #endif /* DELAY_H_ */
../ICode/flash.h(75): warning:  #1-D: last line of file ends without a newline
  #endif /* __FLASH_H__ */
../ICode/app_acq.h(33): warning:  #1-D: last line of file ends without a newline
  #endif
../Core/Src/gpio.c: 4 warnings, 0 errors
compiling stm32h7xx_hal_rcc.c...
compiling main.c...
../ICode/Eigenvalue calculation.h(61): warning:  #1295-D: Deprecated declaration print_FEATURE - give arg types
  void print_FEATURE();
../ICode/delay.h(12): warning:  #1-D: last line of file ends without a newline
  #endif /* DELAY_H_ */
../ICode/flash.h(75): warning:  #1-D: last line of file ends without a newline
  #endif /* __FLASH_H__ */
../ICode/app_acq.h(33): warning:  #1-D: last line of file ends without a newline
  #endif
../Core/Src/main.c(46): warning:  #177-D: variable "g_uid"  was declared but never referenced
  static uint8_t g_uid[12];
../Core/Src/main.c: 5 warnings, 0 errors
compiling tim.c...
../ICode/Eigenvalue calculation.h(61): warning:  #1295-D: Deprecated declaration print_FEATURE - give arg types
  void print_FEATURE();
../ICode/delay.h(12): warning:  #1-D: last line of file ends without a newline
  #endif /* DELAY_H_ */
../ICode/flash.h(75): warning:  #1-D: last line of file ends without a newline
  #endif /* __FLASH_H__ */
../ICode/app_acq.h(33): warning:  #1-D: last line of file ends without a newline
  #endif
../Core/Src/tim.c: 4 warnings, 0 errors
compiling dma.c...
../ICode/Eigenvalue calculation.h(61): warning:  #1295-D: Deprecated declaration print_FEATURE - give arg types
  void print_FEATURE();
../ICode/delay.h(12): warning:  #1-D: last line of file ends without a newline
  #endif /* DELAY_H_ */
../ICode/flash.h(75): warning:  #1-D: last line of file ends without a newline
  #endif /* __FLASH_H__ */
../ICode/app_acq.h(33): warning:  #1-D: last line of file ends without a newline
  #endif
../Core/Src/dma.c: 4 warnings, 0 errors
compiling stm32h7xx_hal_adc_ex.c...
compiling adc.c...
../ICode/Eigenvalue calculation.h(61): warning:  #1295-D: Deprecated declaration print_FEATURE - give arg types
  void print_FEATURE();
../ICode/delay.h(12): warning:  #1-D: last line of file ends without a newline
  #endif /* DELAY_H_ */
../ICode/flash.h(75): warning:  #1-D: last line of file ends without a newline
  #endif /* __FLASH_H__ */
../ICode/app_acq.h(33): warning:  #1-D: last line of file ends without a newline
  #endif
../Core/Src/adc.c: 4 warnings, 0 errors
compiling stm32h7xx_hal_rcc_ex.c...
compiling stm32h7xx_hal_flash_ex.c...
compiling stm32h7xx_hal_gpio.c...
compiling stm32h7xx_hal_hsem.c...
compiling stm32h7xx_hal_dma_ex.c...
compiling stm32h7xx_hal_dma.c...
compiling stm32h7xx_hal_pwr.c...
compiling stm32h7xx_hal_mdma.c...
compiling stm32h7xx_hal_cortex.c...
compiling stm32h7xx_hal_pwr_ex.c...
compiling stm32h7xx_hal.c...
compiling stm32h7xx_hal_i2c_ex.c...
compiling stm32h7xx_hal_exti.c...
compiling stm32h7xx_hal_i2c.c...
compiling system_stm32h7xx.c...
compiling stm32h7xx_hal_uart_ex.c...
compiling stm32h7xx_hal_tim_ex.c...
compiling delay.c...
../ICode/Eigenvalue calculation.h(61): warning:  #1295-D: Deprecated declaration print_FEATURE - give arg types
  void print_FEATURE();
../ICode/delay.h(12): warning:  #1-D: last line of file ends without a newline
  #endif /* DELAY_H_ */
../ICode/flash.h(75): warning:  #1-D: last line of file ends without a newline
  #endif /* __FLASH_H__ */
../ICode/app_acq.h(33): warning:  #1-D: last line of file ends without a newline
  #endif
..\ICode\delay.h(12): warning:  #1-D: last line of file ends without a newline
  #endif /* DELAY_H_ */
..\ICode\delay.c(25): warning:  #1-D: last line of file ends without a newline
  }
..\ICode\delay.c: 6 warnings, 0 errors
compiling stm32h7xx_hal_tim.c...
compiling stm32h7xx_hal_uart.c...
compiling Ds18b20.c...
../ICode/Eigenvalue calculation.h(61): warning:  #1295-D: Deprecated declaration print_FEATURE - give arg types
  void print_FEATURE();
../ICode/flash.h(75): warning:  #1-D: last line of file ends without a newline
  #endif /* __FLASH_H__ */
../ICode/app_acq.h(33): warning:  #1-D: last line of file ends without a newline
  #endif
..\ICode\delay.h(12): warning:  #1-D: last line of file ends without a newline
  #endif /* DELAY_H_ */
..\ICode\Ds18b20.c: 4 warnings, 0 errors
compiling flash.c...
..\ICode\flash.h(75): warning:  #1-D: last line of file ends without a newline
  #endif /* __FLASH_H__ */
..\ICode\flash.c(144): warning:  #1-D: last line of file ends without a newline
  }
..\ICode\flash.c: 2 warnings, 0 errors
compiling app_acq.c...
..\ICode\app_acq.h(33): warning:  #1-D: last line of file ends without a newline
  #endif
../ICode/Eigenvalue calculation.h(61): warning:  #1295-D: Deprecated declaration print_FEATURE - give arg types
  void print_FEATURE();
../ICode/delay.h(12): warning:  #1-D: last line of file ends without a newline
  #endif /* DELAY_H_ */
../ICode/flash.h(75): warning:  #1-D: last line of file ends without a newline
  #endif /* __FLASH_H__ */
../ICode/app_acq.h(33): warning:  #1-D: last line of file ends without a newline
  #endif
..\ICode\app_acq.c(118): warning:  #1-D: last line of file ends without a newline
  }
..\ICode\app_acq.c: 6 warnings, 0 errors
compiling Eigenvalue calculation.c...
../ICode/delay.h(12): warning:  #1-D: last line of file ends without a newline
  #endif /* DELAY_H_ */
../ICode/flash.h(75): warning:  #1-D: last line of file ends without a newline
  #endif /* __FLASH_H__ */
../ICode/app_acq.h(33): warning:  #1-D: last line of file ends without a newline
  #endif
..\ICode\Eigenvalue calculation.h(61): warning:  #1295-D: Deprecated declaration print_FEATURE - give arg types
  void print_FEATURE();
..\ICode\Eigenvalue calculation.c: 4 warnings, 0 errors
compiling modbus_rtu.c...
../ICode/Eigenvalue calculation.h(61): warning:  #1295-D: Deprecated declaration print_FEATURE - give arg types
  void print_FEATURE();
../ICode/delay.h(12): warning:  #1-D: last line of file ends without a newline
  #endif /* DELAY_H_ */
../ICode/flash.h(75): warning:  #1-D: last line of file ends without a newline
  #endif /* __FLASH_H__ */
../ICode/app_acq.h(33): warning:  #1-D: last line of file ends without a newline
  #endif
..\ICode\modbus_rtu.c(573): warning:  #1-D: last line of file ends without a newline
  }
..\ICode\modbus_rtu.c(122): warning:  #177-D: function "send_feature_pkt_test"  was declared but never referenced
  static void send_feature_pkt_test(uint8_t dev_id)
..\ICode\modbus_rtu.c(208): warning:  #177-D: function "dump_uid"  was declared but never referenced
  static void dump_uid(const char* tag, const uint8_t* p) {
..\ICode\modbus_rtu.c(304): warning:  #177-D: function "Config_ParseAndApply_Point"  was declared but never referenced
  static void Config_ParseAndApply_Point(const uint8_t* rx)
..\ICode\modbus_rtu.c(317): warning:  #177-D: function "Config_SendAck"  was declared but never referenced
  static void Config_SendAck(uint8_t dev_id)
..\ICode\modbus_rtu.c: 9 warnings, 0 errors
linking...
Program Size: Code=52708 RO-data=119460 RW-data=66704 ZI-data=109200  
"H723_VibrationSensor\H723_VibrationSensor.axf" - 0 Error(s), 64 Warning(s).

<h2>Software Packages used:</h2>

Package Vendor: ARM
                https://www.keil.com/pack/ARM.CMSIS.6.1.0.pack
                ARM::CMSIS@6.1.0
                CMSIS (Common Microcontroller Software Interface Standard)
   * Component: CORE Version: 6.1.0

Package Vendor: Keil
                https://www.keil.com/pack/Keil.STM32H7xx_DFP.4.0.0.pack
                Keil::STM32H7xx_DFP@4.0.0
                STMicroelectronics STM32H7 Series Device Support

<h2>Collection of Component include folders:</h2>
  ./RTE/_H723_VibrationSensor
  D:/Keil5/ARM/PACK/ARM/CMSIS/6.1.0/CMSIS/Core/Include

<h2>Collection of Component Files used:</h2>

   * Component: ARM::CMSIS:CORE@6.1.0
      Include file:  CMSIS/Core/Include/tz_context.h
Build Time Elapsed:  00:00:03
</pre>
</body>
</html>
